2023-04-21 10:34:55,086 ｜ DEBUG ｜ milvus_helpers.py ｜ search_vectors ｜ 103 ｜ Successfully search in collection: ["['(distance: 1.0000001192092896, id: 440902148240704145)', '(distance: 0.8781329989433289, id: 440902148240704175)', '(distance: 0.7793152332305908, id: 440902148240704193)', '(distance: 0.7634997367858887, id: 440902148240704110)', '(distance: 0.6899150609970093, id: 440902148240704081)', '(distance: 0.6844656467437744, id: 440902148240704134)', '(distance: 0.6544119119644165, id: 440902148240704144)', '(distance: 0.6342868804931641, id: 440902148240704112)', '(distance: 0.6327570676803589, id: 440902148240704101)', '(distance: 0.6315650343894958, id: 440902148240704117)']"]
2023-04-21 10:34:55,088 ｜ DEBUG ｜ mysql_helpers.py ｜ search_by_milvus_id_for_answer ｜ 64 ｜ MYSQL search by milvus id.
2023-04-21 10:34:55,089 ｜ DEBUG ｜ mysql_helpers.py ｜ search_by_milvus_ids ｜ 94 ｜ MYSQL search by milvus id.
2023-04-21 10:34:55,089 ｜ DEBUG ｜ mysql_helpers.py ｜ search_by_milvus_id_for_pic ｜ 79 ｜ MYSQL search by milvus id.
2023-04-21 10:35:19,681 ｜ DEBUG ｜ milvus_helpers.py ｜ search_vectors ｜ 103 ｜ Successfully search in collection: ["['(distance: 0.9999999403953552, id: 440902148240704146)', '(distance: 0.7232956886291504, id: 440902148240704162)', '(distance: 0.6948323249816895, id: 440902148240704086)', '(distance: 0.6940672993659973, id: 440902148240704169)', '(distance: 0.6896194219589233, id: 440902148240704084)', '(distance: 0.6892805099487305, id: 440902148240704139)', '(distance: 0.6803132891654968, id: 440902148240704083)', '(distance: 0.6802201271057129, id: 440902148240704131)', '(distance: 0.6728066205978394, id: 440902148240704141)', '(distance: 0.6633886098861694, id: 440902148240704101)']"]
2023-04-21 10:35:19,682 ｜ DEBUG ｜ mysql_helpers.py ｜ search_by_milvus_id_for_answer ｜ 64 ｜ MYSQL search by milvus id.
2023-04-21 10:35:19,683 ｜ DEBUG ｜ mysql_helpers.py ｜ search_by_milvus_ids ｜ 94 ｜ MYSQL search by milvus id.
2023-04-21 10:35:19,684 ｜ DEBUG ｜ mysql_helpers.py ｜ search_by_milvus_id_for_pic ｜ 79 ｜ MYSQL search by milvus id.
2023-04-21 10:36:03,273 ｜ DEBUG ｜ milvus_helpers.py ｜ search_vectors ｜ 103 ｜ Successfully search in collection: ["['(distance: 1.0, id: 440902148240704147)', '(distance: 0.6526840925216675, id: 440902148240704138)', '(distance: 0.6419098377227783, id: 440902148240704205)', '(distance: 0.6329897046089172, id: 440902148240704078)', '(distance: 0.6212793588638306, id: 440902148240704108)', '(distance: 0.6171342730522156, id: 440902148240704133)', '(distance: 0.6108227968215942, id: 440902148240704155)', '(distance: 0.6049565672874451, id: 440902148240704161)', '(distance: 0.5892558693885803, id: 440902148240704141)', '(distance: 0.5807355642318726, id: 440902148240704177)']"]
2023-04-21 10:36:03,275 ｜ DEBUG ｜ mysql_helpers.py ｜ search_by_milvus_id_for_answer ｜ 64 ｜ MYSQL search by milvus id.
2023-04-21 10:36:03,276 ｜ DEBUG ｜ mysql_helpers.py ｜ search_by_milvus_ids ｜ 94 ｜ MYSQL search by milvus id.
2023-04-21 10:36:03,276 ｜ DEBUG ｜ mysql_helpers.py ｜ search_by_milvus_id_for_pic ｜ 79 ｜ MYSQL search by milvus id.
2023-04-21 10:36:20,537 ｜ DEBUG ｜ milvus_helpers.py ｜ search_vectors ｜ 103 ｜ Successfully search in collection: ["['(distance: 1.0000001192092896, id: 440902148240704148)', '(distance: 0.6735877990722656, id: 440902148240704165)', '(distance: 0.657566487789154, id: 440902148240704094)', '(distance: 0.6503998041152954, id: 440902148240704210)', '(distance: 0.6399173140525818, id: 440902148240704173)', '(distance: 0.6337942481040955, id: 440902148240704203)', '(distance: 0.6330581307411194, id: 440902148240704098)', '(distance: 0.6191087961196899, id: 440902148240704180)', '(distance: 0.6184256076812744, id: 440902148240704153)', '(distance: 0.6160624623298645, id: 440902148240704161)']"]
2023-04-21 10:36:20,538 ｜ DEBUG ｜ mysql_helpers.py ｜ search_by_milvus_id_for_answer ｜ 64 ｜ MYSQL search by milvus id.
2023-04-21 10:36:20,539 ｜ DEBUG ｜ mysql_helpers.py ｜ search_by_milvus_ids ｜ 94 ｜ MYSQL search by milvus id.
2023-04-21 10:36:20,540 ｜ DEBUG ｜ mysql_helpers.py ｜ search_by_milvus_id_for_pic ｜ 79 ｜ MYSQL search by milvus id.
2023-04-21 10:36:39,166 ｜ DEBUG ｜ milvus_helpers.py ｜ search_vectors ｜ 103 ｜ Successfully search in collection: ["['(distance: 0.9999999403953552, id: 440902148240704149)', '(distance: 0.8445673584938049, id: 440902148240704151)', '(distance: 0.7580981254577637, id: 440902148240704161)', '(distance: 0.6868002414703369, id: 440902148240704154)', '(distance: 0.6856784820556641, id: 440902148240704153)', '(distance: 0.6743083000183105, id: 440902148240704181)', '(distance: 0.6569294929504395, id: 440902148240704203)', '(distance: 0.6525321006774902, id: 440902148240704094)', '(distance: 0.6328202486038208, id: 440902148240704190)', '(distance: 0.6215589046478271, id: 440902148240704210)']"]
2023-04-21 10:36:39,168 ｜ DEBUG ｜ mysql_helpers.py ｜ search_by_milvus_id_for_answer ｜ 64 ｜ MYSQL search by milvus id.
2023-04-21 10:36:39,168 ｜ DEBUG ｜ mysql_helpers.py ｜ search_by_milvus_ids ｜ 94 ｜ MYSQL search by milvus id.
2023-04-21 10:36:39,169 ｜ DEBUG ｜ mysql_helpers.py ｜ search_by_milvus_id_for_pic ｜ 79 ｜ MYSQL search by milvus id.
2023-04-21 10:37:13,553 ｜ DEBUG ｜ milvus_helpers.py ｜ search_vectors ｜ 103 ｜ Successfully search in collection: ["['(distance: 0.9999997615814209, id: 440902148240704150)', '(distance: 0.8254871368408203, id: 440902148240704154)', '(distance: 0.7865777611732483, id: 440902148240704206)', '(distance: 0.7562076449394226, id: 440902148240704092)', '(distance: 0.7475223541259766, id: 440902148240704181)', '(distance: 0.7040814161300659, id: 440902148240704190)', '(distance: 0.6479216814041138, id: 440902148240704189)', '(distance: 0.6344950199127197, id: 440902148240704151)', '(distance: 0.6216588020324707, id: 440902148240704093)', '(distance: 0.5913881659507751, id: 440902148240704184)']"]
2023-04-21 10:37:13,555 ｜ DEBUG ｜ mysql_helpers.py ｜ search_by_milvus_id_for_answer ｜ 64 ｜ MYSQL search by milvus id.
2023-04-21 10:37:13,556 ｜ DEBUG ｜ mysql_helpers.py ｜ search_by_milvus_ids ｜ 94 ｜ MYSQL search by milvus id.
2023-04-21 10:37:13,556 ｜ DEBUG ｜ mysql_helpers.py ｜ search_by_milvus_id_for_pic ｜ 79 ｜ MYSQL search by milvus id.
2023-04-21 10:37:34,596 ｜ DEBUG ｜ milvus_helpers.py ｜ search_vectors ｜ 103 ｜ Successfully search in collection: ["['(distance: 1.0, id: 440902148240704151)', '(distance: 0.8445674180984497, id: 440902148240704149)', '(distance: 0.8103011846542358, id: 440902148240704094)', '(distance: 0.7882585525512695, id: 440902148240704161)', '(distance: 0.7858458757400513, id: 440902148240704154)', '(distance: 0.7758127450942993, id: 440902148240704181)', '(distance: 0.7741258144378662, id: 440902148240704153)', '(distance: 0.7698627710342407, id: 440902148240704203)', '(distance: 0.74817955493927, id: 440902148240704205)', '(distance: 0.7077032327651978, id: 440902148240704210)']"]
2023-04-21 10:37:34,598 ｜ DEBUG ｜ mysql_helpers.py ｜ search_by_milvus_id_for_answer ｜ 64 ｜ MYSQL search by milvus id.
2023-04-21 10:37:34,599 ｜ DEBUG ｜ mysql_helpers.py ｜ search_by_milvus_ids ｜ 94 ｜ MYSQL search by milvus id.
2023-04-21 10:37:34,599 ｜ DEBUG ｜ mysql_helpers.py ｜ search_by_milvus_id_for_pic ｜ 79 ｜ MYSQL search by milvus id.
2023-04-21 10:38:05,779 ｜ DEBUG ｜ milvus_helpers.py ｜ search_vectors ｜ 103 ｜ Successfully search in collection: ["['(distance: 1.0000001192092896, id: 440902148240704152)', '(distance: 0.6937862634658813, id: 440902148240704091)', '(distance: 0.6190226078033447, id: 440902148240704096)', '(distance: 0.6112079620361328, id: 440902148240704154)', '(distance: 0.602816641330719, id: 440902148240704097)', '(distance: 0.601427435874939, id: 440902148240704181)', '(distance: 0.5976648330688477, id: 440902148240704186)', '(distance: 0.5825399160385132, id: 440902148240704093)', '(distance: 0.5805823802947998, id: 440902148240704189)', '(distance: 0.5784072279930115, id: 440902148240704184)']"]
2023-04-21 10:38:05,781 ｜ DEBUG ｜ mysql_helpers.py ｜ search_by_milvus_id_for_answer ｜ 64 ｜ MYSQL search by milvus id.
2023-04-21 10:38:05,782 ｜ DEBUG ｜ mysql_helpers.py ｜ search_by_milvus_ids ｜ 94 ｜ MYSQL search by milvus id.
2023-04-21 10:38:05,782 ｜ DEBUG ｜ mysql_helpers.py ｜ search_by_milvus_id_for_pic ｜ 79 ｜ MYSQL search by milvus id.
2023-04-21 10:38:21,187 ｜ DEBUG ｜ milvus_helpers.py ｜ search_vectors ｜ 103 ｜ Successfully search in collection: ["['(distance: 1.0000001192092896, id: 440902148240704153)', '(distance: 0.774125874042511, id: 440902148240704151)', '(distance: 0.7548447251319885, id: 440902148240704143)', '(distance: 0.748481273651123, id: 440902148240704161)', '(distance: 0.7307202219963074, id: 440902148240704094)', '(distance: 0.6872164607048035, id: 440902148240704205)', '(distance: 0.6856786012649536, id: 440902148240704149)', '(distance: 0.6821364164352417, id: 440902148240704098)', '(distance: 0.6815847158432007, id: 440902148240704207)', '(distance: 0.6801291704177856, id: 440902148240704164)']"]
2023-04-21 10:38:21,188 ｜ DEBUG ｜ mysql_helpers.py ｜ search_by_milvus_id_for_answer ｜ 64 ｜ MYSQL search by milvus id.
2023-04-21 10:38:21,189 ｜ DEBUG ｜ mysql_helpers.py ｜ search_by_milvus_ids ｜ 94 ｜ MYSQL search by milvus id.
2023-04-21 10:38:21,190 ｜ DEBUG ｜ mysql_helpers.py ｜ search_by_milvus_id_for_pic ｜ 79 ｜ MYSQL search by milvus id.
2023-04-21 10:39:03,918 ｜ DEBUG ｜ milvus_helpers.py ｜ search_vectors ｜ 103 ｜ Successfully search in collection: ["['(distance: 1.0, id: 440902148240704154)', '(distance: 0.840175986289978, id: 440902148240704206)', '(distance: 0.8263875246047974, id: 440902148240704181)', '(distance: 0.8254872560501099, id: 440902148240704150)', '(distance: 0.7858458757400513, id: 440902148240704151)', '(distance: 0.7593559622764587, id: 440902148240704092)', '(distance: 0.7586632966995239, id: 440902148240704189)', '(distance: 0.7289086580276489, id: 440902148240704093)', '(distance: 0.6913155317306519, id: 440902148240704190)', '(distance: 0.6868003010749817, id: 440902148240704149)']"]
2023-04-21 10:39:03,920 ｜ DEBUG ｜ mysql_helpers.py ｜ search_by_milvus_id_for_answer ｜ 64 ｜ MYSQL search by milvus id.
2023-04-21 10:39:03,921 ｜ DEBUG ｜ mysql_helpers.py ｜ search_by_milvus_ids ｜ 94 ｜ MYSQL search by milvus id.
2023-04-21 10:39:03,921 ｜ DEBUG ｜ mysql_helpers.py ｜ search_by_milvus_id_for_pic ｜ 79 ｜ MYSQL search by milvus id.
2023-04-21 10:39:30,901 ｜ DEBUG ｜ milvus_helpers.py ｜ search_vectors ｜ 103 ｜ Successfully search in collection: ["['(distance: 1.0, id: 440902148240704155)', '(distance: 0.9011863470077515, id: 440902148240704166)', '(distance: 0.7905911803245544, id: 440902148240704195)', '(distance: 0.7660675048828125, id: 440902148240704167)', '(distance: 0.7301219701766968, id: 440902148240704137)', '(distance: 0.7300442457199097, id: 440902148240704159)', '(distance: 0.722176194190979, id: 440902148240704133)', '(distance: 0.688601016998291, id: 440902148240704178)', '(distance: 0.6830067038536072, id: 440902148240704157)', '(distance: 0.6721920371055603, id: 440902148240704158)']"]
2023-04-21 10:39:30,903 ｜ DEBUG ｜ mysql_helpers.py ｜ search_by_milvus_id_for_answer ｜ 64 ｜ MYSQL search by milvus id.
2023-04-21 10:39:30,904 ｜ DEBUG ｜ mysql_helpers.py ｜ search_by_milvus_ids ｜ 94 ｜ MYSQL search by milvus id.
2023-04-21 10:39:30,904 ｜ DEBUG ｜ mysql_helpers.py ｜ search_by_milvus_id_for_pic ｜ 79 ｜ MYSQL search by milvus id.
2023-04-21 10:39:52,251 ｜ DEBUG ｜ milvus_helpers.py ｜ search_vectors ｜ 103 ｜ Successfully search in collection: ["['(distance: 1.0, id: 440902148240704156)', '(distance: 0.8277056217193604, id: 440902148240704178)', '(distance: 0.716529905796051, id: 440902148240704166)', '(distance: 0.6828604936599731, id: 440902148240704158)', '(distance: 0.6559194922447205, id: 440902148240704171)', '(distance: 0.6474426984786987, id: 440902148240704159)', '(distance: 0.644076943397522, id: 440902148240704155)', '(distance: 0.6006082892417908, id: 440902148240704082)', '(distance: 0.5872522592544556, id: 440902148240704195)', '(distance: 0.5828205943107605, id: 440902148240704167)']"]
2023-04-21 10:39:52,252 ｜ DEBUG ｜ mysql_helpers.py ｜ search_by_milvus_id_for_answer ｜ 64 ｜ MYSQL search by milvus id.
2023-04-21 10:39:52,253 ｜ DEBUG ｜ mysql_helpers.py ｜ search_by_milvus_ids ｜ 94 ｜ MYSQL search by milvus id.
2023-04-21 10:39:52,253 ｜ DEBUG ｜ mysql_helpers.py ｜ search_by_milvus_id_for_pic ｜ 79 ｜ MYSQL search by milvus id.
2023-04-21 10:40:05,039 ｜ DEBUG ｜ milvus_helpers.py ｜ search_vectors ｜ 103 ｜ Successfully search in collection: ["['(distance: 1.0, id: 440902148240704157)', '(distance: 0.9526339769363403, id: 440902148240704197)', '(distance: 0.7406309843063354, id: 440902148240704159)', '(distance: 0.7084243297576904, id: 440902148240704177)', '(distance: 0.683006763458252, id: 440902148240704155)', '(distance: 0.6784239411354065, id: 440902148240704167)', '(distance: 0.6773838400840759, id: 440902148240704195)', '(distance: 0.6694021224975586, id: 440902148240704138)', '(distance: 0.6483050584793091, id: 440902148240704137)', '(distance: 0.6350730061531067, id: 440902148240704196)']"]
2023-04-21 10:40:05,041 ｜ DEBUG ｜ mysql_helpers.py ｜ search_by_milvus_id_for_answer ｜ 64 ｜ MYSQL search by milvus id.
2023-04-21 10:40:05,041 ｜ DEBUG ｜ mysql_helpers.py ｜ search_by_milvus_ids ｜ 94 ｜ MYSQL search by milvus id.
2023-04-21 10:40:05,042 ｜ DEBUG ｜ mysql_helpers.py ｜ search_by_milvus_id_for_pic ｜ 79 ｜ MYSQL search by milvus id.
2023-04-21 10:40:21,113 ｜ DEBUG ｜ milvus_helpers.py ｜ search_vectors ｜ 103 ｜ Successfully search in collection: ["['(distance: 1.0000001192092896, id: 440902148240704158)', '(distance: 0.8210122585296631, id: 440902148240704178)', '(distance: 0.7442781925201416, id: 440902148240704159)', '(distance: 0.7325713634490967, id: 440902148240704166)', '(distance: 0.7027907371520996, id: 440902148240704081)', '(distance: 0.688866376876831, id: 440902148240704132)', '(distance: 0.6850279569625854, id: 440902148240704174)', '(distance: 0.6828606128692627, id: 440902148240704156)', '(distance: 0.6823543310165405, id: 440902148240704171)', '(distance: 0.6721920371055603, id: 440902148240704155)']"]
2023-04-21 10:40:21,114 ｜ DEBUG ｜ mysql_helpers.py ｜ search_by_milvus_id_for_answer ｜ 64 ｜ MYSQL search by milvus id.
2023-04-21 10:40:21,115 ｜ DEBUG ｜ mysql_helpers.py ｜ search_by_milvus_ids ｜ 94 ｜ MYSQL search by milvus id.
2023-04-21 10:40:21,115 ｜ DEBUG ｜ mysql_helpers.py ｜ search_by_milvus_id_for_pic ｜ 79 ｜ MYSQL search by milvus id.
2023-04-21 10:40:41,423 ｜ DEBUG ｜ milvus_helpers.py ｜ search_vectors ｜ 103 ｜ Successfully search in collection: ["['(distance: 1.0, id: 440902148240704159)', '(distance: 0.7735550999641418, id: 440902148240704171)', '(distance: 0.7442782521247864, id: 440902148240704158)', '(distance: 0.7406309247016907, id: 440902148240704157)', '(distance: 0.7316915988922119, id: 440902148240704178)', '(distance: 0.7300441265106201, id: 440902148240704155)', '(distance: 0.7042723894119263, id: 440902148240704166)', '(distance: 0.7008235454559326, id: 440902148240704197)', '(distance: 0.6782209277153015, id: 440902148240704195)', '(distance: 0.6474427580833435, id: 440902148240704156)']"]
2023-04-21 10:40:41,424 ｜ DEBUG ｜ mysql_helpers.py ｜ search_by_milvus_id_for_answer ｜ 64 ｜ MYSQL search by milvus id.
2023-04-21 10:40:41,425 ｜ DEBUG ｜ mysql_helpers.py ｜ search_by_milvus_ids ｜ 94 ｜ MYSQL search by milvus id.
2023-04-21 10:40:41,426 ｜ DEBUG ｜ mysql_helpers.py ｜ search_by_milvus_id_for_pic ｜ 79 ｜ MYSQL search by milvus id.
2023-04-21 10:41:10,552 ｜ DEBUG ｜ milvus_helpers.py ｜ search_vectors ｜ 103 ｜ Successfully search in collection: ["['(distance: 1.0, id: 440902148240704160)', '(distance: 0.8758774995803833, id: 440902148240704164)', '(distance: 0.8054813742637634, id: 440902148240704161)', '(distance: 0.7982559204101562, id: 440902148240704142)', '(distance: 0.6668969392776489, id: 440902148240704143)', '(distance: 0.6388333439826965, id: 440902148240704153)', '(distance: 0.6182048916816711, id: 440902148240704165)', '(distance: 0.6016968488693237, id: 440902148240704138)', '(distance: 0.5659417510032654, id: 440902148240704137)', '(distance: 0.5501742959022522, id: 440902148240704148)']"]
2023-04-21 10:41:10,553 ｜ DEBUG ｜ mysql_helpers.py ｜ search_by_milvus_id_for_answer ｜ 64 ｜ MYSQL search by milvus id.
2023-04-21 10:41:10,554 ｜ DEBUG ｜ mysql_helpers.py ｜ search_by_milvus_ids ｜ 94 ｜ MYSQL search by milvus id.
2023-04-21 10:41:10,555 ｜ DEBUG ｜ mysql_helpers.py ｜ search_by_milvus_id_for_pic ｜ 79 ｜ MYSQL search by milvus id.
2023-04-21 10:41:27,136 ｜ DEBUG ｜ milvus_helpers.py ｜ search_vectors ｜ 103 ｜ Successfully search in collection: ["['(distance: 1.0, id: 440902148240704161)', '(distance: 0.8054814338684082, id: 440902148240704160)', '(distance: 0.7882583141326904, id: 440902148240704151)', '(distance: 0.769460916519165, id: 440902148240704143)', '(distance: 0.7592390179634094, id: 440902148240704164)', '(distance: 0.7580981254577637, id: 440902148240704149)', '(distance: 0.7516175508499146, id: 440902148240704142)', '(distance: 0.748481035232544, id: 440902148240704153)', '(distance: 0.7302689552307129, id: 440902148240704138)', '(distance: 0.7107006907463074, id: 440902148240704094)']"]
2023-04-21 10:41:27,137 ｜ DEBUG ｜ mysql_helpers.py ｜ search_by_milvus_id_for_answer ｜ 64 ｜ MYSQL search by milvus id.
2023-04-21 10:41:27,138 ｜ DEBUG ｜ mysql_helpers.py ｜ search_by_milvus_ids ｜ 94 ｜ MYSQL search by milvus id.
2023-04-21 10:41:27,139 ｜ DEBUG ｜ mysql_helpers.py ｜ search_by_milvus_id_for_pic ｜ 79 ｜ MYSQL search by milvus id.
2023-04-21 10:41:46,035 ｜ DEBUG ｜ milvus_helpers.py ｜ search_vectors ｜ 103 ｜ Successfully search in collection: ["['(distance: 1.0, id: 440902148240704162)', '(distance: 0.7508233785629272, id: 440902148240704100)', '(distance: 0.7232955694198608, id: 440902148240704146)', '(distance: 0.6183838844299316, id: 440902148240704170)', '(distance: 0.6146634817123413, id: 440902148240704141)', '(distance: 0.6079699993133545, id: 440902148240704142)', '(distance: 0.5975526571273804, id: 440902148240704139)', '(distance: 0.5745550394058228, id: 440902148240704202)', '(distance: 0.5653652548789978, id: 440902148240704119)', '(distance: 0.5649274587631226, id: 440902148240704192)']"]
2023-04-21 10:41:46,036 ｜ DEBUG ｜ mysql_helpers.py ｜ search_by_milvus_id_for_answer ｜ 64 ｜ MYSQL search by milvus id.
2023-04-21 10:41:46,037 ｜ DEBUG ｜ mysql_helpers.py ｜ search_by_milvus_ids ｜ 94 ｜ MYSQL search by milvus id.
2023-04-21 10:41:46,038 ｜ DEBUG ｜ mysql_helpers.py ｜ search_by_milvus_id_for_pic ｜ 79 ｜ MYSQL search by milvus id.
2023-04-21 10:42:05,349 ｜ DEBUG ｜ milvus_helpers.py ｜ search_vectors ｜ 103 ｜ Successfully search in collection: ["['(distance: 1.0, id: 440902148240704163)', '(distance: 0.652579665184021, id: 440902148240704173)', '(distance: 0.6039727926254272, id: 440902148240704148)', '(distance: 0.5812762379646301, id: 440902148240704180)', '(distance: 0.5570880770683289, id: 440902148240704165)', '(distance: 0.545807957649231, id: 440902148240704090)', '(distance: 0.543197512626648, id: 440902148240704159)', '(distance: 0.5412777662277222, id: 440902148240704178)', '(distance: 0.5022695064544678, id: 440902148240704166)', '(distance: 0.4921737611293793, id: 440902148240704158)']"]
2023-04-21 10:42:05,350 ｜ DEBUG ｜ mysql_helpers.py ｜ search_by_milvus_id_for_answer ｜ 64 ｜ MYSQL search by milvus id.
2023-04-21 10:42:05,351 ｜ DEBUG ｜ mysql_helpers.py ｜ search_by_milvus_ids ｜ 94 ｜ MYSQL search by milvus id.
2023-04-21 10:42:05,352 ｜ DEBUG ｜ mysql_helpers.py ｜ search_by_milvus_id_for_pic ｜ 79 ｜ MYSQL search by milvus id.
2023-04-21 10:42:27,921 ｜ DEBUG ｜ milvus_helpers.py ｜ search_vectors ｜ 103 ｜ Successfully search in collection: ["['(distance: 0.9999999403953552, id: 440902148240704164)', '(distance: 0.8758776783943176, id: 440902148240704160)', '(distance: 0.8195260763168335, id: 440902148240704142)', '(distance: 0.7592390775680542, id: 440902148240704161)', '(distance: 0.6809371709823608, id: 440902148240704165)', '(distance: 0.6801289916038513, id: 440902148240704153)', '(distance: 0.665343165397644, id: 440902148240704143)', '(distance: 0.6064527034759521, id: 440902148240704094)', '(distance: 0.6010849475860596, id: 440902148240704148)', '(distance: 0.5741459727287292, id: 440902148240704149)']"]
2023-04-21 10:42:27,922 ｜ DEBUG ｜ mysql_helpers.py ｜ search_by_milvus_id_for_answer ｜ 64 ｜ MYSQL search by milvus id.
2023-04-21 10:42:27,923 ｜ DEBUG ｜ mysql_helpers.py ｜ search_by_milvus_ids ｜ 94 ｜ MYSQL search by milvus id.
2023-04-21 10:42:27,924 ｜ DEBUG ｜ mysql_helpers.py ｜ search_by_milvus_id_for_pic ｜ 79 ｜ MYSQL search by milvus id.
2023-04-21 10:42:55,332 ｜ DEBUG ｜ milvus_helpers.py ｜ search_vectors ｜ 103 ｜ Successfully search in collection: ["['(distance: 1.0000001192092896, id: 440902148240704165)', '(distance: 0.7030215263366699, id: 440902148240704142)', '(distance: 0.6809370517730713, id: 440902148240704164)', '(distance: 0.6735877990722656, id: 440902148240704148)', '(distance: 0.6586366891860962, id: 440902148240704094)', '(distance: 0.6351039409637451, id: 440902148240704180)', '(distance: 0.628980278968811, id: 440902148240704161)', '(distance: 0.6182049512863159, id: 440902148240704160)', '(distance: 0.5926458835601807, id: 440902148240704098)', '(distance: 0.5795015096664429, id: 440902148240704173)']"]
2023-04-21 10:42:55,333 ｜ DEBUG ｜ mysql_helpers.py ｜ search_by_milvus_id_for_answer ｜ 64 ｜ MYSQL search by milvus id.
2023-04-21 10:42:55,334 ｜ DEBUG ｜ mysql_helpers.py ｜ search_by_milvus_ids ｜ 94 ｜ MYSQL search by milvus id.
2023-04-21 10:42:55,334 ｜ DEBUG ｜ mysql_helpers.py ｜ search_by_milvus_id_for_pic ｜ 79 ｜ MYSQL search by milvus id.
2023-04-21 10:43:15,706 ｜ DEBUG ｜ milvus_helpers.py ｜ search_vectors ｜ 103 ｜ Successfully search in collection: ["['(distance: 1.0, id: 440902148240704166)', '(distance: 0.901186466217041, id: 440902148240704155)', '(distance: 0.7601538300514221, id: 440902148240704178)', '(distance: 0.7325713634490967, id: 440902148240704158)', '(distance: 0.7165300250053406, id: 440902148240704156)', '(distance: 0.704272449016571, id: 440902148240704159)', '(distance: 0.6585273742675781, id: 440902148240704167)', '(distance: 0.6522955894470215, id: 440902148240704195)', '(distance: 0.5907692313194275, id: 440902148240704173)', '(distance: 0.5810167789459229, id: 440902148240704133)']"]
2023-04-21 10:43:15,707 ｜ DEBUG ｜ mysql_helpers.py ｜ search_by_milvus_id_for_answer ｜ 64 ｜ MYSQL search by milvus id.
2023-04-21 10:43:15,708 ｜ DEBUG ｜ mysql_helpers.py ｜ search_by_milvus_ids ｜ 94 ｜ MYSQL search by milvus id.
2023-04-21 10:43:15,709 ｜ DEBUG ｜ mysql_helpers.py ｜ search_by_milvus_id_for_pic ｜ 79 ｜ MYSQL search by milvus id.
2023-04-21 10:43:31,452 ｜ DEBUG ｜ milvus_helpers.py ｜ search_vectors ｜ 103 ｜ Successfully search in collection: ["['(distance: 0.9999999403953552, id: 440902148240704167)', '(distance: 0.766067624092102, id: 440902148240704155)', '(distance: 0.7540122866630554, id: 440902148240704195)', '(distance: 0.7359882593154907, id: 440902148240704136)', '(distance: 0.7338919639587402, id: 440902148240704137)', '(distance: 0.7326189279556274, id: 440902148240704130)', '(distance: 0.6899408102035522, id: 440902148240704139)', '(distance: 0.6851149797439575, id: 440902148240704191)', '(distance: 0.6819177865982056, id: 440902148240704080)', '(distance: 0.6784239411354065, id: 440902148240704157)']"]
2023-04-21 10:43:31,453 ｜ DEBUG ｜ mysql_helpers.py ｜ search_by_milvus_id_for_answer ｜ 64 ｜ MYSQL search by milvus id.
2023-04-21 10:43:31,454 ｜ DEBUG ｜ mysql_helpers.py ｜ search_by_milvus_ids ｜ 94 ｜ MYSQL search by milvus id.
2023-04-21 10:43:31,455 ｜ DEBUG ｜ mysql_helpers.py ｜ search_by_milvus_id_for_pic ｜ 79 ｜ MYSQL search by milvus id.
2023-04-21 10:43:44,390 ｜ DEBUG ｜ milvus_helpers.py ｜ search_vectors ｜ 103 ｜ Successfully search in collection: ["['(distance: 1.0, id: 440902148240704168)', '(distance: 0.6187311410903931, id: 440902148240704089)', '(distance: 0.6090712547302246, id: 440902148240704191)', '(distance: 0.5876761674880981, id: 440902148240704167)', '(distance: 0.5855797529220581, id: 440902148240704146)', '(distance: 0.572079062461853, id: 440902148240704169)', '(distance: 0.5589075088500977, id: 440902148240704110)', '(distance: 0.5550503730773926, id: 440902148240704166)', '(distance: 0.5515118837356567, id: 440902148240704086)', '(distance: 0.5459762215614319, id: 440902148240704141)']"]
2023-04-21 10:43:44,391 ｜ DEBUG ｜ mysql_helpers.py ｜ search_by_milvus_id_for_answer ｜ 64 ｜ MYSQL search by milvus id.
2023-04-21 10:43:44,392 ｜ DEBUG ｜ mysql_helpers.py ｜ search_by_milvus_ids ｜ 94 ｜ MYSQL search by milvus id.
2023-04-21 10:43:44,393 ｜ DEBUG ｜ mysql_helpers.py ｜ search_by_milvus_id_for_pic ｜ 79 ｜ MYSQL search by milvus id.
2023-04-21 10:44:01,913 ｜ DEBUG ｜ milvus_helpers.py ｜ search_vectors ｜ 103 ｜ Successfully search in collection: ["['(distance: 1.0000001192092896, id: 440902148240704169)', '(distance: 0.8905807733535767, id: 440902148240704086)', '(distance: 0.6940672993659973, id: 440902148240704146)', '(distance: 0.6266803741455078, id: 440902148240704158)', '(distance: 0.5943433046340942, id: 440902148240704199)', '(distance: 0.5905938744544983, id: 440902148240704178)', '(distance: 0.5879099369049072, id: 440902148240704174)', '(distance: 0.5834519267082214, id: 440902148240704081)', '(distance: 0.579798698425293, id: 440902148240704084)', '(distance: 0.572079062461853, id: 440902148240704168)']"]
2023-04-21 10:44:01,914 ｜ DEBUG ｜ mysql_helpers.py ｜ search_by_milvus_id_for_answer ｜ 64 ｜ MYSQL search by milvus id.
2023-04-21 10:44:01,915 ｜ DEBUG ｜ mysql_helpers.py ｜ search_by_milvus_ids ｜ 94 ｜ MYSQL search by milvus id.
2023-04-21 10:44:01,916 ｜ DEBUG ｜ mysql_helpers.py ｜ search_by_milvus_id_for_pic ｜ 79 ｜ MYSQL search by milvus id.
2023-04-21 10:44:26,634 ｜ DEBUG ｜ milvus_helpers.py ｜ search_vectors ｜ 103 ｜ Successfully search in collection: ["['(distance: 1.0000001192092896, id: 440902148240704170)', '(distance: 0.6183838844299316, id: 440902148240704162)', '(distance: 0.5840772390365601, id: 440902148240704146)', '(distance: 0.5318070650100708, id: 440902148240704084)', '(distance: 0.5235761404037476, id: 440902148240704088)', '(distance: 0.5182552337646484, id: 440902148240704100)', '(distance: 0.4618070721626282, id: 440902148240704126)', '(distance: 0.4595561921596527, id: 440902148240704106)', '(distance: 0.45695751905441284, id: 440902148240704202)', '(distance: 0.45414769649505615, id: 440902148240704131)']"]
2023-04-21 10:44:26,636 ｜ DEBUG ｜ mysql_helpers.py ｜ search_by_milvus_id_for_answer ｜ 64 ｜ MYSQL search by milvus id.
2023-04-21 10:44:26,636 ｜ DEBUG ｜ mysql_helpers.py ｜ search_by_milvus_ids ｜ 94 ｜ MYSQL search by milvus id.
2023-04-21 10:44:26,637 ｜ DEBUG ｜ mysql_helpers.py ｜ search_by_milvus_id_for_pic ｜ 79 ｜ MYSQL search by milvus id.
2023-04-21 10:44:38,480 ｜ DEBUG ｜ milvus_helpers.py ｜ search_vectors ｜ 103 ｜ Successfully search in collection: ["['(distance: 1.0000001192092896, id: 440902148240704171)', '(distance: 0.7735550403594971, id: 440902148240704159)', '(distance: 0.6887860298156738, id: 440902148240704178)', '(distance: 0.6823542714118958, id: 440902148240704158)', '(distance: 0.6559194922447205, id: 440902148240704156)', '(distance: 0.6052471399307251, id: 440902148240704082)', '(distance: 0.5922213792800903, id: 440902148240704081)', '(distance: 0.5887828469276428, id: 440902148240704132)', '(distance: 0.5873848795890808, id: 440902148240704080)', '(distance: 0.5834300518035889, id: 440902148240704129)']"]
2023-04-21 10:44:38,481 ｜ DEBUG ｜ mysql_helpers.py ｜ search_by_milvus_id_for_answer ｜ 64 ｜ MYSQL search by milvus id.
2023-04-21 10:44:38,482 ｜ DEBUG ｜ mysql_helpers.py ｜ search_by_milvus_ids ｜ 94 ｜ MYSQL search by milvus id.
2023-04-21 10:44:38,482 ｜ DEBUG ｜ mysql_helpers.py ｜ search_by_milvus_id_for_pic ｜ 79 ｜ MYSQL search by milvus id.
2023-04-21 10:44:51,177 ｜ DEBUG ｜ milvus_helpers.py ｜ search_vectors ｜ 103 ｜ Successfully search in collection: ["['(distance: 0.9999998807907104, id: 440902148240704172)', '(distance: 0.8659777641296387, id: 440902148240704083)', '(distance: 0.7819643020629883, id: 440902148240704129)', '(distance: 0.7793923616409302, id: 440902148240704130)', '(distance: 0.7609431743621826, id: 440902148240704082)', '(distance: 0.7574129104614258, id: 440902148240704132)', '(distance: 0.7490434646606445, id: 440902148240704109)', '(distance: 0.7260981202125549, id: 440902148240704079)', '(distance: 0.719685435295105, id: 440902148240704174)', '(distance: 0.7129848599433899, id: 440902148240704081)']"]
2023-04-21 10:44:51,178 ｜ DEBUG ｜ mysql_helpers.py ｜ search_by_milvus_id_for_answer ｜ 64 ｜ MYSQL search by milvus id.
2023-04-21 10:44:51,179 ｜ DEBUG ｜ mysql_helpers.py ｜ search_by_milvus_ids ｜ 94 ｜ MYSQL search by milvus id.
2023-04-21 10:44:51,179 ｜ DEBUG ｜ mysql_helpers.py ｜ search_by_milvus_id_for_pic ｜ 79 ｜ MYSQL search by milvus id.
2023-04-21 10:45:09,398 ｜ DEBUG ｜ milvus_helpers.py ｜ search_vectors ｜ 103 ｜ Successfully search in collection: ["['(distance: 0.9999998807907104, id: 440902148240704173)', '(distance: 0.7318922281265259, id: 440902148240704180)', '(distance: 0.7045036554336548, id: 440902148240704090)', '(distance: 0.6525795459747314, id: 440902148240704163)', '(distance: 0.639917254447937, id: 440902148240704148)', '(distance: 0.634966254234314, id: 440902148240704178)', '(distance: 0.6158941984176636, id: 440902148240704154)', '(distance: 0.6056707501411438, id: 440902148240704158)', '(distance: 0.5907691717147827, id: 440902148240704166)', '(distance: 0.5891080498695374, id: 440902148240704094)']"]
2023-04-21 10:45:09,399 ｜ DEBUG ｜ mysql_helpers.py ｜ search_by_milvus_id_for_answer ｜ 64 ｜ MYSQL search by milvus id.
2023-04-21 10:45:09,400 ｜ DEBUG ｜ mysql_helpers.py ｜ search_by_milvus_ids ｜ 94 ｜ MYSQL search by milvus id.
2023-04-21 10:45:09,400 ｜ DEBUG ｜ mysql_helpers.py ｜ search_by_milvus_id_for_pic ｜ 79 ｜ MYSQL search by milvus id.
2023-04-21 10:45:31,149 ｜ DEBUG ｜ milvus_helpers.py ｜ search_vectors ｜ 103 ｜ Successfully search in collection: ["['(distance: 1.0, id: 440902148240704174)', '(distance: 0.7634941339492798, id: 440902148240704082)', '(distance: 0.7369657754898071, id: 440902148240704080)', '(distance: 0.719685435295105, id: 440902148240704172)', '(distance: 0.7108490467071533, id: 440902148240704084)', '(distance: 0.7084157466888428, id: 440902148240704136)', '(distance: 0.7074046730995178, id: 440902148240704075)', '(distance: 0.6850278377532959, id: 440902148240704158)', '(distance: 0.6703060269355774, id: 440902148240704178)', '(distance: 0.6669992208480835, id: 440902148240704135)']"]
2023-04-21 10:45:31,150 ｜ DEBUG ｜ mysql_helpers.py ｜ search_by_milvus_id_for_answer ｜ 64 ｜ MYSQL search by milvus id.
2023-04-21 10:45:31,151 ｜ DEBUG ｜ mysql_helpers.py ｜ search_by_milvus_ids ｜ 94 ｜ MYSQL search by milvus id.
2023-04-21 10:45:31,151 ｜ DEBUG ｜ mysql_helpers.py ｜ search_by_milvus_id_for_pic ｜ 79 ｜ MYSQL search by milvus id.
2023-04-21 10:45:49,235 ｜ DEBUG ｜ milvus_helpers.py ｜ search_vectors ｜ 103 ｜ Successfully search in collection: ["['(distance: 1.0, id: 440902148240704175)', '(distance: 0.8781329393386841, id: 440902148240704145)', '(distance: 0.7739168405532837, id: 440902148240704193)', '(distance: 0.7504962682723999, id: 440902148240704110)', '(distance: 0.6679484248161316, id: 440902148240704084)', '(distance: 0.661155104637146, id: 440902148240704178)', '(distance: 0.6560714840888977, id: 440902148240704135)', '(distance: 0.6400063037872314, id: 440902148240704082)', '(distance: 0.6329933404922485, id: 440902148240704117)', '(distance: 0.6329669952392578, id: 440902148240704146)']"]
2023-04-21 10:45:49,236 ｜ DEBUG ｜ mysql_helpers.py ｜ search_by_milvus_id_for_answer ｜ 64 ｜ MYSQL search by milvus id.
2023-04-21 10:45:49,237 ｜ DEBUG ｜ mysql_helpers.py ｜ search_by_milvus_ids ｜ 94 ｜ MYSQL search by milvus id.
2023-04-21 10:45:49,238 ｜ DEBUG ｜ mysql_helpers.py ｜ search_by_milvus_id_for_pic ｜ 79 ｜ MYSQL search by milvus id.
2023-04-21 10:46:18,796 ｜ DEBUG ｜ milvus_helpers.py ｜ search_vectors ｜ 103 ｜ Successfully search in collection: ["['(distance: 0.9999998807907104, id: 440902148240704176)', '(distance: 0.7245360612869263, id: 440902148240704182)', '(distance: 0.7053267955780029, id: 440902148240704085)', '(distance: 0.5563738346099854, id: 440902148240704183)', '(distance: 0.5367368459701538, id: 440902148240704180)', '(distance: 0.5298937559127808, id: 440902148240704151)', '(distance: 0.48802682757377625, id: 440902148240704154)', '(distance: 0.48302704095840454, id: 440902148240704149)', '(distance: 0.4713844358921051, id: 440902148240704173)', '(distance: 0.46496719121932983, id: 440902148240704094)']"]
2023-04-21 10:46:18,797 ｜ DEBUG ｜ mysql_helpers.py ｜ search_by_milvus_id_for_answer ｜ 64 ｜ MYSQL search by milvus id.
2023-04-21 10:46:18,798 ｜ DEBUG ｜ mysql_helpers.py ｜ search_by_milvus_ids ｜ 94 ｜ MYSQL search by milvus id.
2023-04-21 10:46:18,799 ｜ DEBUG ｜ mysql_helpers.py ｜ search_by_milvus_id_for_pic ｜ 79 ｜ MYSQL search by milvus id.
2023-04-21 10:46:40,852 ｜ DEBUG ｜ milvus_helpers.py ｜ search_vectors ｜ 103 ｜ Successfully search in collection: ["['(distance: 0.9999998211860657, id: 440902148240704177)', '(distance: 0.8025715351104736, id: 440902148240704196)', '(distance: 0.7903847098350525, id: 440902148240704199)', '(distance: 0.7691845893859863, id: 440902148240704197)', '(distance: 0.7566894292831421, id: 440902148240704200)', '(distance: 0.7252777814865112, id: 440902148240704131)', '(distance: 0.7084243297576904, id: 440902148240704157)', '(distance: 0.6605603098869324, id: 440902148240704083)', '(distance: 0.6465967893600464, id: 440902148240704146)', '(distance: 0.6420996785163879, id: 440902148240704159)']"]
2023-04-21 10:46:40,854 ｜ DEBUG ｜ mysql_helpers.py ｜ search_by_milvus_id_for_answer ｜ 64 ｜ MYSQL search by milvus id.
2023-04-21 10:46:40,854 ｜ DEBUG ｜ mysql_helpers.py ｜ search_by_milvus_ids ｜ 94 ｜ MYSQL search by milvus id.
2023-04-21 10:46:40,855 ｜ DEBUG ｜ mysql_helpers.py ｜ search_by_milvus_id_for_pic ｜ 79 ｜ MYSQL search by milvus id.
2023-04-21 10:47:12,751 ｜ DEBUG ｜ milvus_helpers.py ｜ search_vectors ｜ 103 ｜ Successfully search in collection: ["['(distance: 0.9999998807907104, id: 440902148240704178)', '(distance: 0.8277057409286499, id: 440902148240704156)', '(distance: 0.8210121989250183, id: 440902148240704158)', '(distance: 0.7601537704467773, id: 440902148240704166)', '(distance: 0.7316914200782776, id: 440902148240704159)', '(distance: 0.6887861490249634, id: 440902148240704171)', '(distance: 0.6886008977890015, id: 440902148240704155)', '(distance: 0.6827647089958191, id: 440902148240704081)', '(distance: 0.675345778465271, id: 440902148240704082)', '(distance: 0.6703060269355774, id: 440902148240704174)']"]
2023-04-21 10:47:12,753 ｜ DEBUG ｜ mysql_helpers.py ｜ search_by_milvus_id_for_answer ｜ 64 ｜ MYSQL search by milvus id.
2023-04-21 10:47:12,753 ｜ DEBUG ｜ mysql_helpers.py ｜ search_by_milvus_ids ｜ 94 ｜ MYSQL search by milvus id.
2023-04-21 10:47:12,754 ｜ DEBUG ｜ mysql_helpers.py ｜ search_by_milvus_id_for_pic ｜ 79 ｜ MYSQL search by milvus id.
2023-04-21 10:47:35,627 ｜ DEBUG ｜ milvus_helpers.py ｜ search_vectors ｜ 103 ｜ Successfully search in collection: ["['(distance: 1.0, id: 440902148240704179)', '(distance: 0.6017773151397705, id: 440902148240704180)', '(distance: 0.5887857675552368, id: 440902148240704110)', '(distance: 0.5887690782546997, id: 440902148240704161)', '(distance: 0.5765981674194336, id: 440902148240704142)', '(distance: 0.5758373737335205, id: 440902148240704084)', '(distance: 0.5567052960395813, id: 440902148240704175)', '(distance: 0.5552660226821899, id: 440902148240704192)', '(distance: 0.5495041608810425, id: 440902148240704164)', '(distance: 0.531910240650177, id: 440902148240704165)']"]
2023-04-21 10:47:35,628 ｜ DEBUG ｜ mysql_helpers.py ｜ search_by_milvus_id_for_answer ｜ 64 ｜ MYSQL search by milvus id.
2023-04-21 10:47:35,629 ｜ DEBUG ｜ mysql_helpers.py ｜ search_by_milvus_ids ｜ 94 ｜ MYSQL search by milvus id.
2023-04-21 10:47:35,630 ｜ DEBUG ｜ mysql_helpers.py ｜ search_by_milvus_id_for_pic ｜ 79 ｜ MYSQL search by milvus id.
2023-04-21 10:47:58,699 ｜ DEBUG ｜ milvus_helpers.py ｜ search_vectors ｜ 103 ｜ Successfully search in collection: ["['(distance: 0.9999998807907104, id: 440902148240704180)', '(distance: 0.7318922281265259, id: 440902148240704173)', '(distance: 0.6834703683853149, id: 440902148240704182)', '(distance: 0.6351039409637451, id: 440902148240704165)', '(distance: 0.6191088557243347, id: 440902148240704148)', '(distance: 0.6017773151397705, id: 440902148240704179)', '(distance: 0.5936651229858398, id: 440902148240704202)', '(distance: 0.5812761783599854, id: 440902148240704163)', '(distance: 0.5744360685348511, id: 440902148240704203)', '(distance: 0.568016767501831, id: 440902148240704161)']"]
2023-04-21 10:47:58,701 ｜ DEBUG ｜ mysql_helpers.py ｜ search_by_milvus_id_for_answer ｜ 64 ｜ MYSQL search by milvus id.
2023-04-21 10:47:58,701 ｜ DEBUG ｜ mysql_helpers.py ｜ search_by_milvus_ids ｜ 94 ｜ MYSQL search by milvus id.
2023-04-21 10:47:58,702 ｜ DEBUG ｜ mysql_helpers.py ｜ search_by_milvus_id_for_pic ｜ 79 ｜ MYSQL search by milvus id.
2023-04-21 10:48:18,366 ｜ DEBUG ｜ milvus_helpers.py ｜ search_vectors ｜ 103 ｜ Successfully search in collection: ["['(distance: 1.000000238418579, id: 440902148240704181)', '(distance: 0.8263875246047974, id: 440902148240704154)', '(distance: 0.8014156222343445, id: 440902148240704206)', '(distance: 0.7758126258850098, id: 440902148240704151)', '(distance: 0.7475223541259766, id: 440902148240704150)', '(distance: 0.7446697354316711, id: 440902148240704190)', '(distance: 0.7177242636680603, id: 440902148240704189)', '(distance: 0.7010315656661987, id: 440902148240704092)', '(distance: 0.6743083000183105, id: 440902148240704149)', '(distance: 0.64117830991745, id: 440902148240704184)']"]
2023-04-21 10:48:18,367 ｜ DEBUG ｜ mysql_helpers.py ｜ search_by_milvus_id_for_answer ｜ 64 ｜ MYSQL search by milvus id.
2023-04-21 10:48:18,368 ｜ DEBUG ｜ mysql_helpers.py ｜ search_by_milvus_ids ｜ 94 ｜ MYSQL search by milvus id.
2023-04-21 10:48:18,369 ｜ DEBUG ｜ mysql_helpers.py ｜ search_by_milvus_id_for_pic ｜ 79 ｜ MYSQL search by milvus id.
2023-04-21 10:48:30,152 ｜ DEBUG ｜ milvus_helpers.py ｜ search_vectors ｜ 103 ｜ Successfully search in collection: ["['(distance: 1.0, id: 440902148240704182)', '(distance: 0.7245363593101501, id: 440902148240704176)', '(distance: 0.6834704875946045, id: 440902148240704180)', '(distance: 0.5405749678611755, id: 440902148240704085)', '(distance: 0.5245906114578247, id: 440902148240704205)', '(distance: 0.5141043663024902, id: 440902148240704089)', '(distance: 0.509740948677063, id: 440902148240704203)', '(distance: 0.5091447830200195, id: 440902148240704173)', '(distance: 0.5047295689582825, id: 440902148240704151)', '(distance: 0.4996623992919922, id: 440902148240704165)']"]
2023-04-21 10:48:30,154 ｜ DEBUG ｜ mysql_helpers.py ｜ search_by_milvus_id_for_answer ｜ 64 ｜ MYSQL search by milvus id.
2023-04-21 10:48:30,154 ｜ DEBUG ｜ mysql_helpers.py ｜ search_by_milvus_ids ｜ 94 ｜ MYSQL search by milvus id.
2023-04-21 10:48:30,155 ｜ DEBUG ｜ mysql_helpers.py ｜ search_by_milvus_id_for_pic ｜ 79 ｜ MYSQL search by milvus id.
2023-04-21 10:48:43,282 ｜ DEBUG ｜ milvus_helpers.py ｜ search_vectors ｜ 103 ｜ Successfully search in collection: ["['(distance: 0.9999999403953552, id: 440902148240704183)', '(distance: 0.6492941379547119, id: 440902148240704184)', '(distance: 0.5563739538192749, id: 440902148240704176)', '(distance: 0.49453186988830566, id: 440902148240704085)', '(distance: 0.4549603760242462, id: 440902148240704190)', '(distance: 0.4056769907474518, id: 440902148240704092)', '(distance: 0.3765309453010559, id: 440902148240704181)', '(distance: 0.37624111771583557, id: 440902148240704152)', '(distance: 0.35355502367019653, id: 440902148240704091)', '(distance: 0.34888437390327454, id: 440902148240704206)']"]
2023-04-21 10:48:43,283 ｜ DEBUG ｜ mysql_helpers.py ｜ search_by_milvus_id_for_answer ｜ 64 ｜ MYSQL search by milvus id.
2023-04-21 10:48:43,284 ｜ DEBUG ｜ mysql_helpers.py ｜ search_by_milvus_ids ｜ 94 ｜ MYSQL search by milvus id.
2023-04-21 10:48:43,285 ｜ DEBUG ｜ mysql_helpers.py ｜ search_by_milvus_id_for_pic ｜ 79 ｜ MYSQL search by milvus id.
2023-04-21 10:48:56,966 ｜ DEBUG ｜ milvus_helpers.py ｜ search_vectors ｜ 103 ｜ Successfully search in collection: ["['(distance: 1.0000001192092896, id: 440902148240704184)', '(distance: 0.6695793867111206, id: 440902148240704092)', '(distance: 0.6495726108551025, id: 440902148240704154)', '(distance: 0.6492941379547119, id: 440902148240704183)', '(distance: 0.64117830991745, id: 440902148240704181)', '(distance: 0.6038490533828735, id: 440902148240704189)', '(distance: 0.5913881063461304, id: 440902148240704150)', '(distance: 0.5821464657783508, id: 440902148240704190)', '(distance: 0.5784071683883667, id: 440902148240704152)', '(distance: 0.5776041746139526, id: 440902148240704206)']"]
2023-04-21 10:48:56,968 ｜ DEBUG ｜ mysql_helpers.py ｜ search_by_milvus_id_for_answer ｜ 64 ｜ MYSQL search by milvus id.
2023-04-21 10:48:56,969 ｜ DEBUG ｜ mysql_helpers.py ｜ search_by_milvus_ids ｜ 94 ｜ MYSQL search by milvus id.
2023-04-21 10:48:56,970 ｜ DEBUG ｜ mysql_helpers.py ｜ search_by_milvus_id_for_pic ｜ 79 ｜ MYSQL search by milvus id.
2023-04-21 10:49:14,984 ｜ DEBUG ｜ milvus_helpers.py ｜ search_vectors ｜ 103 ｜ Successfully search in collection: ["['(distance: 1.0000001192092896, id: 440902148240704185)', '(distance: 0.5190508961677551, id: 440902148240704147)', '(distance: 0.4516177177429199, id: 440902148240704087)', '(distance: 0.450661301612854, id: 440902148240704187)', '(distance: 0.4165434241294861, id: 440902148240704173)', '(distance: 0.37483513355255127, id: 440902148240704188)', '(distance: 0.3661523163318634, id: 440902148240704186)', '(distance: 0.35382580757141113, id: 440902148240704093)', '(distance: 0.3350268304347992, id: 440902148240704179)', '(distance: 0.33101826906204224, id: 440902148240704180)']"]
2023-04-21 10:49:14,986 ｜ DEBUG ｜ mysql_helpers.py ｜ search_by_milvus_id_for_answer ｜ 64 ｜ MYSQL search by milvus id.
2023-04-21 10:49:14,987 ｜ DEBUG ｜ mysql_helpers.py ｜ search_by_milvus_ids ｜ 94 ｜ MYSQL search by milvus id.
2023-04-21 10:49:14,987 ｜ DEBUG ｜ mysql_helpers.py ｜ search_by_milvus_id_for_pic ｜ 79 ｜ MYSQL search by milvus id.
2023-04-21 10:50:14,494 ｜ DEBUG ｜ milvus_helpers.py ｜ search_vectors ｜ 103 ｜ Successfully search in collection: ["['(distance: 1.0000001192092896, id: 440902148240704186)', '(distance: 0.6733921766281128, id: 440902148240704097)', '(distance: 0.6583375334739685, id: 440902148240704090)', '(distance: 0.5976648330688477, id: 440902148240704152)', '(distance: 0.5785481929779053, id: 440902148240704187)', '(distance: 0.5767617225646973, id: 440902148240704076)', '(distance: 0.5718953609466553, id: 440902148240704075)', '(distance: 0.5611552596092224, id: 440902148240704173)', '(distance: 0.5372933149337769, id: 440902148240704113)', '(distance: 0.49495378136634827, id: 440902148240704174)']"]
2023-04-21 10:50:14,495 ｜ DEBUG ｜ mysql_helpers.py ｜ search_by_milvus_id_for_answer ｜ 64 ｜ MYSQL search by milvus id.
2023-04-21 10:50:14,496 ｜ DEBUG ｜ mysql_helpers.py ｜ search_by_milvus_ids ｜ 94 ｜ MYSQL search by milvus id.
2023-04-21 10:50:14,497 ｜ DEBUG ｜ mysql_helpers.py ｜ search_by_milvus_id_for_pic ｜ 79 ｜ MYSQL search by milvus id.
2023-04-21 10:50:31,870 ｜ DEBUG ｜ milvus_helpers.py ｜ search_vectors ｜ 103 ｜ Successfully search in collection: ["['(distance: 1.0, id: 440902148240704187)', '(distance: 0.57854825258255, id: 440902148240704186)', '(distance: 0.5124490261077881, id: 440902148240704076)', '(distance: 0.5041806697845459, id: 440902148240704173)', '(distance: 0.5029365420341492, id: 440902148240704089)', '(distance: 0.4888893961906433, id: 440902148240704188)', '(distance: 0.48729845881462097, id: 440902148240704126)', '(distance: 0.4566763937473297, id: 440902148240704090)', '(distance: 0.45066118240356445, id: 440902148240704185)', '(distance: 0.4496276378631592, id: 440902148240704210)']"]
2023-04-21 10:50:31,871 ｜ DEBUG ｜ mysql_helpers.py ｜ search_by_milvus_id_for_answer ｜ 64 ｜ MYSQL search by milvus id.
2023-04-21 10:50:31,872 ｜ DEBUG ｜ mysql_helpers.py ｜ search_by_milvus_ids ｜ 94 ｜ MYSQL search by milvus id.
2023-04-21 10:50:31,873 ｜ DEBUG ｜ mysql_helpers.py ｜ search_by_milvus_id_for_pic ｜ 79 ｜ MYSQL search by milvus id.
2023-04-21 10:51:20,907 ｜ DEBUG ｜ milvus_helpers.py ｜ search_vectors ｜ 103 ｜ Successfully search in collection: ["['(distance: 1.0, id: 440902148240704188)', '(distance: 0.6234822869300842, id: 440902148240704076)', '(distance: 0.5225399732589722, id: 440902148240704090)', '(distance: 0.4888893961906433, id: 440902148240704187)', '(distance: 0.4794188439846039, id: 440902148240704173)', '(distance: 0.4360620379447937, id: 440902148240704171)', '(distance: 0.42581120133399963, id: 440902148240704163)', '(distance: 0.40927791595458984, id: 440902148240704186)', '(distance: 0.4011220932006836, id: 440902148240704208)', '(distance: 0.3910750150680542, id: 440902148240704158)']"]
2023-04-21 10:51:20,909 ｜ DEBUG ｜ mysql_helpers.py ｜ search_by_milvus_id_for_answer ｜ 64 ｜ MYSQL search by milvus id.
2023-04-21 10:51:20,909 ｜ DEBUG ｜ mysql_helpers.py ｜ search_by_milvus_ids ｜ 94 ｜ MYSQL search by milvus id.
2023-04-21 10:51:20,910 ｜ DEBUG ｜ mysql_helpers.py ｜ search_by_milvus_id_for_pic ｜ 79 ｜ MYSQL search by milvus id.
2023-04-21 10:51:43,151 ｜ DEBUG ｜ milvus_helpers.py ｜ search_vectors ｜ 103 ｜ Successfully search in collection: ["['(distance: 0.7121056914329529, id: 440902148240704152)', '(distance: 0.6268323659896851, id: 440902148240704103)', '(distance: 0.6191961169242859, id: 440902148240704091)', '(distance: 0.5940203666687012, id: 440902148240704095)', '(distance: 0.5735405087471008, id: 440902148240704126)', '(distance: 0.5671557188034058, id: 440902148240704096)', '(distance: 0.551897406578064, id: 440902148240704181)', '(distance: 0.5325297117233276, id: 440902148240704118)', '(distance: 0.5281964540481567, id: 440902148240704125)', '(distance: 0.5209844708442688, id: 440902148240704186)']"]
2023-04-21 10:51:43,152 ｜ DEBUG ｜ mysql_helpers.py ｜ search_by_milvus_id_for_answer ｜ 64 ｜ MYSQL search by milvus id.
2023-04-21 10:51:43,153 ｜ DEBUG ｜ mysql_helpers.py ｜ search_by_milvus_ids ｜ 94 ｜ MYSQL search by milvus id.
2023-04-21 10:51:43,154 ｜ DEBUG ｜ mysql_helpers.py ｜ search_by_milvus_id_for_pic ｜ 79 ｜ MYSQL search by milvus id.
2023-04-21 10:51:49,897 ｜ DEBUG ｜ milvus_helpers.py ｜ search_vectors ｜ 103 ｜ Successfully search in collection: ["['(distance: 1.0, id: 440902148240704189)', '(distance: 0.7724108695983887, id: 440902148240704206)', '(distance: 0.7586632966995239, id: 440902148240704154)', '(distance: 0.7177243232727051, id: 440902148240704181)', '(distance: 0.6549695134162903, id: 440902148240704093)', '(distance: 0.6479216814041138, id: 440902148240704150)', '(distance: 0.6248800754547119, id: 440902148240704092)', '(distance: 0.6225638389587402, id: 440902148240704203)', '(distance: 0.6038491725921631, id: 440902148240704184)', '(distance: 0.6012945771217346, id: 440902148240704091)']"]
2023-04-21 10:51:49,898 ｜ DEBUG ｜ mysql_helpers.py ｜ search_by_milvus_id_for_answer ｜ 64 ｜ MYSQL search by milvus id.
2023-04-21 10:51:49,898 ｜ DEBUG ｜ mysql_helpers.py ｜ search_by_milvus_ids ｜ 94 ｜ MYSQL search by milvus id.
2023-04-21 10:51:49,899 ｜ DEBUG ｜ mysql_helpers.py ｜ search_by_milvus_id_for_pic ｜ 79 ｜ MYSQL search by milvus id.
2023-04-21 10:52:04,149 ｜ DEBUG ｜ milvus_helpers.py ｜ search_vectors ｜ 103 ｜ Successfully search in collection: ["['(distance: 0.9999997615814209, id: 440902148240704190)', '(distance: 0.7446696758270264, id: 440902148240704181)', '(distance: 0.7040814161300659, id: 440902148240704150)', '(distance: 0.6913154721260071, id: 440902148240704154)', '(distance: 0.6507468819618225, id: 440902148240704206)', '(distance: 0.6470783948898315, id: 440902148240704151)', '(distance: 0.632820188999176, id: 440902148240704149)', '(distance: 0.6110640168190002, id: 440902148240704092)', '(distance: 0.582146406173706, id: 440902148240704184)', '(distance: 0.5798696279525757, id: 440902148240704090)']"]
2023-04-21 10:52:04,150 ｜ DEBUG ｜ mysql_helpers.py ｜ search_by_milvus_id_for_answer ｜ 64 ｜ MYSQL search by milvus id.
2023-04-21 10:52:04,151 ｜ DEBUG ｜ mysql_helpers.py ｜ search_by_milvus_ids ｜ 94 ｜ MYSQL search by milvus id.
2023-04-21 10:52:04,152 ｜ DEBUG ｜ mysql_helpers.py ｜ search_by_milvus_id_for_pic ｜ 79 ｜ MYSQL search by milvus id.
2023-04-21 10:52:28,552 ｜ DEBUG ｜ milvus_helpers.py ｜ search_vectors ｜ 103 ｜ Successfully search in collection: ["['(distance: 1.000000238418579, id: 440902148240704191)', '(distance: 0.7800933122634888, id: 440902148240704136)', '(distance: 0.7270324230194092, id: 440902148240704139)', '(distance: 0.6851150393486023, id: 440902148240704167)', '(distance: 0.650044322013855, id: 440902148240704192)', '(distance: 0.6487990617752075, id: 440902148240704172)', '(distance: 0.6472444534301758, id: 440902148240704141)', '(distance: 0.6429442763328552, id: 440902148240704140)', '(distance: 0.6335088014602661, id: 440902148240704174)', '(distance: 0.624988317489624, id: 440902148240704208)']"]
2023-04-21 10:52:28,554 ｜ DEBUG ｜ mysql_helpers.py ｜ search_by_milvus_id_for_answer ｜ 64 ｜ MYSQL search by milvus id.
2023-04-21 10:52:28,554 ｜ DEBUG ｜ mysql_helpers.py ｜ search_by_milvus_ids ｜ 94 ｜ MYSQL search by milvus id.
2023-04-21 10:52:28,555 ｜ DEBUG ｜ mysql_helpers.py ｜ search_by_milvus_id_for_pic ｜ 79 ｜ MYSQL search by milvus id.
2023-04-21 10:52:38,829 ｜ DEBUG ｜ milvus_helpers.py ｜ search_vectors ｜ 103 ｜ Successfully search in collection: ["['(distance: 1.0, id: 440902148240704192)', '(distance: 0.653491735458374, id: 440902148240704208)', '(distance: 0.650044322013855, id: 440902148240704191)', '(distance: 0.5730926394462585, id: 440902148240704100)', '(distance: 0.5649275183677673, id: 440902148240704162)', '(distance: 0.5552660226821899, id: 440902148240704179)', '(distance: 0.5403532385826111, id: 440902148240704141)', '(distance: 0.5373769402503967, id: 440902148240704211)', '(distance: 0.5225713849067688, id: 440902148240704139)', '(distance: 0.5222430229187012, id: 440902148240704136)']"]
2023-04-21 10:52:38,831 ｜ DEBUG ｜ mysql_helpers.py ｜ search_by_milvus_id_for_answer ｜ 64 ｜ MYSQL search by milvus id.
2023-04-21 10:52:38,831 ｜ DEBUG ｜ mysql_helpers.py ｜ search_by_milvus_ids ｜ 94 ｜ MYSQL search by milvus id.
2023-04-21 10:52:38,833 ｜ DEBUG ｜ mysql_helpers.py ｜ search_by_milvus_id_for_pic ｜ 79 ｜ MYSQL search by milvus id.
2023-04-21 10:52:56,362 ｜ DEBUG ｜ milvus_helpers.py ｜ search_vectors ｜ 103 ｜ Successfully search in collection: ["['(distance: 1.000000238418579, id: 440902148240704193)', '(distance: 0.7793151140213013, id: 440902148240704145)', '(distance: 0.7739168405532837, id: 440902148240704175)', '(distance: 0.715085506439209, id: 440902148240704099)', '(distance: 0.6457042098045349, id: 440902148240704134)', '(distance: 0.6292144060134888, id: 440902148240704178)', '(distance: 0.6232872605323792, id: 440902148240704082)', '(distance: 0.5823692083358765, id: 440902148240704081)', '(distance: 0.5809601545333862, id: 440902148240704117)', '(distance: 0.5655392408370972, id: 440902148240704197)']"]
2023-04-21 10:52:56,363 ｜ DEBUG ｜ mysql_helpers.py ｜ search_by_milvus_id_for_answer ｜ 64 ｜ MYSQL search by milvus id.
2023-04-21 10:52:56,364 ｜ DEBUG ｜ mysql_helpers.py ｜ search_by_milvus_ids ｜ 94 ｜ MYSQL search by milvus id.
2023-04-21 10:52:56,365 ｜ DEBUG ｜ mysql_helpers.py ｜ search_by_milvus_id_for_pic ｜ 79 ｜ MYSQL search by milvus id.
2023-04-21 10:53:24,025 ｜ DEBUG ｜ milvus_helpers.py ｜ search_vectors ｜ 103 ｜ Successfully search in collection: ["['(distance: 1.000000238418579, id: 440902148240704194)', '(distance: 0.6329830884933472, id: 440902148240704139)', '(distance: 0.6216356754302979, id: 440902148240704167)', '(distance: 0.6117033958435059, id: 440902148240704082)', '(distance: 0.6011970043182373, id: 440902148240704174)', '(distance: 0.6011401414871216, id: 440902148240704129)', '(distance: 0.5906082987785339, id: 440902148240704195)', '(distance: 0.5738215446472168, id: 440902148240704136)', '(distance: 0.54691481590271, id: 440902148240704135)', '(distance: 0.5117441415786743, id: 440902148240704146)']"]
2023-04-21 10:53:24,026 ｜ DEBUG ｜ mysql_helpers.py ｜ search_by_milvus_id_for_answer ｜ 64 ｜ MYSQL search by milvus id.
2023-04-21 10:53:24,027 ｜ DEBUG ｜ mysql_helpers.py ｜ search_by_milvus_ids ｜ 94 ｜ MYSQL search by milvus id.
2023-04-21 10:53:24,027 ｜ DEBUG ｜ mysql_helpers.py ｜ search_by_milvus_id_for_pic ｜ 79 ｜ MYSQL search by milvus id.
2023-04-21 10:53:50,684 ｜ DEBUG ｜ milvus_helpers.py ｜ search_vectors ｜ 103 ｜ Successfully search in collection: ["['(distance: 0.9999998211860657, id: 440902148240704195)', '(distance: 0.7905912399291992, id: 440902148240704155)', '(distance: 0.7540123462677002, id: 440902148240704167)', '(distance: 0.7293755412101746, id: 440902148240704133)', '(distance: 0.6935433745384216, id: 440902148240704138)', '(distance: 0.6917777061462402, id: 440902148240704137)', '(distance: 0.6782210469245911, id: 440902148240704159)', '(distance: 0.6773838996887207, id: 440902148240704157)', '(distance: 0.6695619821548462, id: 440902148240704139)', '(distance: 0.6656427383422852, id: 440902148240704178)']"]
2023-04-21 10:53:50,685 ｜ DEBUG ｜ mysql_helpers.py ｜ search_by_milvus_id_for_answer ｜ 64 ｜ MYSQL search by milvus id.
2023-04-21 10:53:50,686 ｜ DEBUG ｜ mysql_helpers.py ｜ search_by_milvus_ids ｜ 94 ｜ MYSQL search by milvus id.
2023-04-21 10:53:50,686 ｜ DEBUG ｜ mysql_helpers.py ｜ search_by_milvus_id_for_pic ｜ 79 ｜ MYSQL search by milvus id.
2023-04-21 10:54:10,183 ｜ DEBUG ｜ milvus_helpers.py ｜ search_vectors ｜ 103 ｜ Successfully search in collection: ["['(distance: 1.0, id: 440902148240704196)', '(distance: 0.8025715351104736, id: 440902148240704177)', '(distance: 0.6743558049201965, id: 440902148240704197)', '(distance: 0.6356545686721802, id: 440902148240704199)', '(distance: 0.6350730061531067, id: 440902148240704157)', '(distance: 0.6341105103492737, id: 440902148240704159)', '(distance: 0.6250326633453369, id: 440902148240704079)', '(distance: 0.615567684173584, id: 440902148240704081)', '(distance: 0.6080576181411743, id: 440902148240704083)', '(distance: 0.6073486804962158, id: 440902148240704158)']"]
2023-04-21 10:54:10,184 ｜ DEBUG ｜ mysql_helpers.py ｜ search_by_milvus_id_for_answer ｜ 64 ｜ MYSQL search by milvus id.
2023-04-21 10:54:10,185 ｜ DEBUG ｜ mysql_helpers.py ｜ search_by_milvus_ids ｜ 94 ｜ MYSQL search by milvus id.
2023-04-21 10:54:10,185 ｜ DEBUG ｜ mysql_helpers.py ｜ search_by_milvus_id_for_pic ｜ 79 ｜ MYSQL search by milvus id.
2023-04-21 10:54:21,817 ｜ DEBUG ｜ milvus_helpers.py ｜ search_vectors ｜ 103 ｜ Successfully search in collection: ["['(distance: 1.000000238418579, id: 440902148240704197)', '(distance: 0.9526339769363403, id: 440902148240704157)', '(distance: 0.7691845893859863, id: 440902148240704177)', '(distance: 0.7008236646652222, id: 440902148240704159)', '(distance: 0.6888456344604492, id: 440902148240704200)', '(distance: 0.6789830923080444, id: 440902148240704199)', '(distance: 0.6752756834030151, id: 440902148240704167)', '(distance: 0.6743558049201965, id: 440902148240704196)', '(distance: 0.6570988297462463, id: 440902148240704155)', '(distance: 0.6523162126541138, id: 440902148240704110)']"]
2023-04-21 10:54:21,819 ｜ DEBUG ｜ mysql_helpers.py ｜ search_by_milvus_id_for_answer ｜ 64 ｜ MYSQL search by milvus id.
2023-04-21 10:54:21,819 ｜ DEBUG ｜ mysql_helpers.py ｜ search_by_milvus_ids ｜ 94 ｜ MYSQL search by milvus id.
2023-04-21 10:54:21,820 ｜ DEBUG ｜ mysql_helpers.py ｜ search_by_milvus_id_for_pic ｜ 79 ｜ MYSQL search by milvus id.
2023-04-21 10:54:37,266 ｜ DEBUG ｜ milvus_helpers.py ｜ search_vectors ｜ 103 ｜ Successfully search in collection: ["['(distance: 0.9999998807907104, id: 440902148240704198)', '(distance: 0.6845033764839172, id: 440902148240704199)', '(distance: 0.6166776418685913, id: 440902148240704177)', '(distance: 0.5641858577728271, id: 440902148240704169)', '(distance: 0.5214715003967285, id: 440902148240704159)', '(distance: 0.503068208694458, id: 440902148240704197)', '(distance: 0.4778625965118408, id: 440902148240704200)', '(distance: 0.472265362739563, id: 440902148240704087)', '(distance: 0.4716659188270569, id: 440902148240704099)', '(distance: 0.46811074018478394, id: 440902148240704168)']"]
2023-04-21 10:54:37,268 ｜ DEBUG ｜ mysql_helpers.py ｜ search_by_milvus_id_for_answer ｜ 64 ｜ MYSQL search by milvus id.
2023-04-21 10:54:37,269 ｜ DEBUG ｜ mysql_helpers.py ｜ search_by_milvus_ids ｜ 94 ｜ MYSQL search by milvus id.
2023-04-21 10:54:37,269 ｜ DEBUG ｜ mysql_helpers.py ｜ search_by_milvus_id_for_pic ｜ 79 ｜ MYSQL search by milvus id.
2023-04-21 10:54:47,706 ｜ DEBUG ｜ milvus_helpers.py ｜ search_vectors ｜ 103 ｜ Successfully search in collection: ["['(distance: 0.9999999403953552, id: 440902148240704199)', '(distance: 0.7903845310211182, id: 440902148240704177)', '(distance: 0.7052313089370728, id: 440902148240704200)', '(distance: 0.6845031976699829, id: 440902148240704198)', '(distance: 0.6789829730987549, id: 440902148240704197)', '(distance: 0.6356544494628906, id: 440902148240704196)', '(distance: 0.6170363426208496, id: 440902148240704131)', '(distance: 0.5943431854248047, id: 440902148240704169)', '(distance: 0.5788333415985107, id: 440902148240704157)', '(distance: 0.5524805188179016, id: 440902148240704084)']"]
2023-04-21 10:54:47,708 ｜ DEBUG ｜ mysql_helpers.py ｜ search_by_milvus_id_for_answer ｜ 64 ｜ MYSQL search by milvus id.
2023-04-21 10:54:47,709 ｜ DEBUG ｜ mysql_helpers.py ｜ search_by_milvus_ids ｜ 94 ｜ MYSQL search by milvus id.
2023-04-21 10:54:47,709 ｜ DEBUG ｜ mysql_helpers.py ｜ search_by_milvus_id_for_pic ｜ 79 ｜ MYSQL search by milvus id.
2023-04-21 10:54:59,900 ｜ DEBUG ｜ milvus_helpers.py ｜ search_vectors ｜ 103 ｜ Successfully search in collection: ["['(distance: 1.0, id: 440902148240704200)', '(distance: 0.7566894292831421, id: 440902148240704177)', '(distance: 0.7052314281463623, id: 440902148240704199)', '(distance: 0.6888456344604492, id: 440902148240704197)', '(distance: 0.6555735468864441, id: 440902148240704131)', '(distance: 0.609565258026123, id: 440902148240704157)', '(distance: 0.6079107522964478, id: 440902148240704084)', '(distance: 0.6003837585449219, id: 440902148240704119)', '(distance: 0.5853790640830994, id: 440902148240704083)', '(distance: 0.5651895999908447, id: 440902148240704174)']"]
2023-04-21 10:54:59,902 ｜ DEBUG ｜ mysql_helpers.py ｜ search_by_milvus_id_for_answer ｜ 64 ｜ MYSQL search by milvus id.
2023-04-21 10:54:59,902 ｜ DEBUG ｜ mysql_helpers.py ｜ search_by_milvus_ids ｜ 94 ｜ MYSQL search by milvus id.
2023-04-21 10:54:59,903 ｜ DEBUG ｜ mysql_helpers.py ｜ search_by_milvus_id_for_pic ｜ 79 ｜ MYSQL search by milvus id.
2023-04-21 10:55:17,874 ｜ DEBUG ｜ milvus_helpers.py ｜ search_vectors ｜ 103 ｜ Successfully search in collection: ["['(distance: 0.9999998211860657, id: 440902148240704201)', '(distance: 0.7891653776168823, id: 440902148240704118)', '(distance: 0.7609549164772034, id: 440902148240704210)', '(distance: 0.7184468507766724, id: 440902148240704207)', '(distance: 0.6585781574249268, id: 440902148240704154)', '(distance: 0.6403653621673584, id: 440902148240704202)', '(distance: 0.630989670753479, id: 440902148240704108)', '(distance: 0.6051316261291504, id: 440902148240704203)', '(distance: 0.602453887462616, id: 440902148240704151)', '(distance: 0.5927618145942688, id: 440902148240704103)']"]
2023-04-21 10:55:17,876 ｜ DEBUG ｜ mysql_helpers.py ｜ search_by_milvus_id_for_answer ｜ 64 ｜ MYSQL search by milvus id.
2023-04-21 10:55:17,877 ｜ DEBUG ｜ mysql_helpers.py ｜ search_by_milvus_ids ｜ 94 ｜ MYSQL search by milvus id.
2023-04-21 10:55:17,878 ｜ DEBUG ｜ mysql_helpers.py ｜ search_by_milvus_id_for_pic ｜ 79 ｜ MYSQL search by milvus id.
2023-04-21 10:55:26,080 ｜ DEBUG ｜ milvus_helpers.py ｜ search_vectors ｜ 103 ｜ Successfully search in collection: ["['(distance: 0.9999999403953552, id: 440902148240704202)', '(distance: 0.7552276253700256, id: 440902148240704207)', '(distance: 0.6840287446975708, id: 440902148240704203)', '(distance: 0.6403651833534241, id: 440902148240704201)', '(distance: 0.632159948348999, id: 440902148240704106)', '(distance: 0.6115725040435791, id: 440902148240704149)', '(distance: 0.598129391670227, id: 440902148240704210)', '(distance: 0.5936650037765503, id: 440902148240704180)', '(distance: 0.591590404510498, id: 440902148240704161)', '(distance: 0.5855177640914917, id: 440902148240704142)']"]
2023-04-21 10:55:26,081 ｜ DEBUG ｜ mysql_helpers.py ｜ search_by_milvus_id_for_answer ｜ 64 ｜ MYSQL search by milvus id.
2023-04-21 10:55:26,082 ｜ DEBUG ｜ mysql_helpers.py ｜ search_by_milvus_ids ｜ 94 ｜ MYSQL search by milvus id.
2023-04-21 10:55:26,083 ｜ DEBUG ｜ mysql_helpers.py ｜ search_by_milvus_id_for_pic ｜ 79 ｜ MYSQL search by milvus id.
2023-04-21 10:55:35,298 ｜ DEBUG ｜ milvus_helpers.py ｜ search_vectors ｜ 103 ｜ Successfully search in collection: ["['(distance: 1.0, id: 440902148240704203)', '(distance: 0.7698627710342407, id: 440902148240704151)', '(distance: 0.7473741769790649, id: 440902148240704210)', '(distance: 0.7421044111251831, id: 440902148240704207)', '(distance: 0.7000702619552612, id: 440902148240704205)', '(distance: 0.6928524971008301, id: 440902148240704094)', '(distance: 0.6840289831161499, id: 440902148240704202)', '(distance: 0.6806905269622803, id: 440902148240704161)', '(distance: 0.6569295525550842, id: 440902148240704149)', '(distance: 0.6448684930801392, id: 440902148240704204)']"]
2023-04-21 10:55:35,299 ｜ DEBUG ｜ mysql_helpers.py ｜ search_by_milvus_id_for_answer ｜ 64 ｜ MYSQL search by milvus id.
2023-04-21 10:55:35,300 ｜ DEBUG ｜ mysql_helpers.py ｜ search_by_milvus_ids ｜ 94 ｜ MYSQL search by milvus id.
2023-04-21 10:55:35,301 ｜ DEBUG ｜ mysql_helpers.py ｜ search_by_milvus_id_for_pic ｜ 79 ｜ MYSQL search by milvus id.
2023-04-21 10:55:50,258 ｜ DEBUG ｜ milvus_helpers.py ｜ search_vectors ｜ 103 ｜ Successfully search in collection: ["['(distance: 0.9999998807907104, id: 440902148240704204)', '(distance: 0.6739442944526672, id: 440902148240704207)', '(distance: 0.6716170907020569, id: 440902148240704205)', '(distance: 0.6448683738708496, id: 440902148240704203)', '(distance: 0.6304271817207336, id: 440902148240704103)', '(distance: 0.6028035879135132, id: 440902148240704136)', '(distance: 0.5976083278656006, id: 440902148240704094)', '(distance: 0.5946680307388306, id: 440902148240704083)', '(distance: 0.5889117121696472, id: 440902148240704161)', '(distance: 0.5865362286567688, id: 440902148240704142)']"]
2023-04-21 10:55:50,260 ｜ DEBUG ｜ mysql_helpers.py ｜ search_by_milvus_id_for_answer ｜ 64 ｜ MYSQL search by milvus id.
2023-04-21 10:55:50,261 ｜ DEBUG ｜ mysql_helpers.py ｜ search_by_milvus_ids ｜ 94 ｜ MYSQL search by milvus id.
2023-04-21 10:55:50,262 ｜ DEBUG ｜ mysql_helpers.py ｜ search_by_milvus_id_for_pic ｜ 79 ｜ MYSQL search by milvus id.
2023-04-21 10:56:02,301 ｜ DEBUG ｜ milvus_helpers.py ｜ search_vectors ｜ 103 ｜ Successfully search in collection: ["['(distance: 1.0, id: 440902148240704205)', '(distance: 0.7923018336296082, id: 440902148240704108)', '(distance: 0.7565442323684692, id: 440902148240704207)', '(distance: 0.7481796741485596, id: 440902148240704151)', '(distance: 0.7131130695343018, id: 440902148240704133)', '(distance: 0.7000701427459717, id: 440902148240704203)', '(distance: 0.6872165203094482, id: 440902148240704153)', '(distance: 0.6716170907020569, id: 440902148240704204)', '(distance: 0.6581274271011353, id: 440902148240704161)', '(distance: 0.64845871925354, id: 440902148240704078)']"]
2023-04-21 10:56:02,303 ｜ DEBUG ｜ mysql_helpers.py ｜ search_by_milvus_id_for_answer ｜ 64 ｜ MYSQL search by milvus id.
2023-04-21 10:56:02,304 ｜ DEBUG ｜ mysql_helpers.py ｜ search_by_milvus_ids ｜ 94 ｜ MYSQL search by milvus id.
2023-04-21 10:56:02,304 ｜ DEBUG ｜ mysql_helpers.py ｜ search_by_milvus_id_for_pic ｜ 79 ｜ MYSQL search by milvus id.
2023-04-21 10:56:12,157 ｜ DEBUG ｜ milvus_helpers.py ｜ search_vectors ｜ 103 ｜ Successfully search in collection: ["['(distance: 1.0, id: 440902148240704206)', '(distance: 0.8401760458946228, id: 440902148240704154)', '(distance: 0.8014156818389893, id: 440902148240704181)', '(distance: 0.7865779399871826, id: 440902148240704150)', '(distance: 0.7724108695983887, id: 440902148240704189)', '(distance: 0.7548977136611938, id: 440902148240704092)', '(distance: 0.6507471203804016, id: 440902148240704190)', '(distance: 0.6399092674255371, id: 440902148240704151)', '(distance: 0.6245868802070618, id: 440902148240704093)', '(distance: 0.5776041746139526, id: 440902148240704184)']"]
2023-04-21 10:56:12,158 ｜ DEBUG ｜ mysql_helpers.py ｜ search_by_milvus_id_for_answer ｜ 64 ｜ MYSQL search by milvus id.
2023-04-21 10:56:12,159 ｜ DEBUG ｜ mysql_helpers.py ｜ search_by_milvus_ids ｜ 94 ｜ MYSQL search by milvus id.
2023-04-21 10:56:12,159 ｜ DEBUG ｜ mysql_helpers.py ｜ search_by_milvus_id_for_pic ｜ 79 ｜ MYSQL search by milvus id.
2023-04-21 10:56:21,664 ｜ DEBUG ｜ milvus_helpers.py ｜ search_vectors ｜ 103 ｜ Successfully search in collection: ["['(distance: 1.0, id: 440902148240704207)', '(distance: 0.7565441131591797, id: 440902148240704205)', '(distance: 0.7552276849746704, id: 440902148240704202)', '(distance: 0.7421042919158936, id: 440902148240704203)', '(distance: 0.7184468507766724, id: 440902148240704201)', '(distance: 0.6815845966339111, id: 440902148240704153)', '(distance: 0.6739442348480225, id: 440902148240704204)', '(distance: 0.6733379364013672, id: 440902148240704161)', '(distance: 0.6682134866714478, id: 440902148240704210)', '(distance: 0.6528844237327576, id: 440902148240704151)']"]
2023-04-21 10:56:21,666 ｜ DEBUG ｜ mysql_helpers.py ｜ search_by_milvus_id_for_answer ｜ 64 ｜ MYSQL search by milvus id.
2023-04-21 10:56:21,667 ｜ DEBUG ｜ mysql_helpers.py ｜ search_by_milvus_ids ｜ 94 ｜ MYSQL search by milvus id.
2023-04-21 10:56:21,668 ｜ DEBUG ｜ mysql_helpers.py ｜ search_by_milvus_id_for_pic ｜ 79 ｜ MYSQL search by milvus id.
2023-04-21 10:56:29,686 ｜ DEBUG ｜ milvus_helpers.py ｜ search_vectors ｜ 103 ｜ Successfully search in collection: ["['(distance: 0.8485807180404663, id: 440902148240704164)', '(distance: 0.8221977949142456, id: 440902148240704165)', '(distance: 0.7661563158035278, id: 440902148240704148)', '(distance: 0.7357660531997681, id: 440902148240704142)', '(distance: 0.7262096405029297, id: 440902148240704160)', '(distance: 0.6635416746139526, id: 440902148240704163)', '(distance: 0.6635149717330933, id: 440902148240704180)', '(distance: 0.6607978343963623, id: 440902148240704110)', '(distance: 0.6532769203186035, id: 440902148240704161)', '(distance: 0.6431909799575806, id: 440902148240704159)']"]
2023-04-21 10:56:29,687 ｜ DEBUG ｜ mysql_helpers.py ｜ search_by_milvus_id_for_answer ｜ 64 ｜ MYSQL search by milvus id.
2023-04-21 10:56:29,688 ｜ DEBUG ｜ mysql_helpers.py ｜ search_by_milvus_ids ｜ 94 ｜ MYSQL search by milvus id.
2023-04-21 10:56:29,689 ｜ DEBUG ｜ mysql_helpers.py ｜ search_by_milvus_id_for_pic ｜ 79 ｜ MYSQL search by milvus id.
2023-04-21 10:56:36,187 ｜ DEBUG ｜ milvus_helpers.py ｜ search_vectors ｜ 103 ｜ Successfully search in collection: ["['(distance: 0.9115286469459534, id: 440902148240704164)', '(distance: 0.850147008895874, id: 440902148240704160)', '(distance: 0.7622920274734497, id: 440902148240704161)', '(distance: 0.7456249594688416, id: 440902148240704142)', '(distance: 0.727246880531311, id: 440902148240704165)', '(distance: 0.6528870463371277, id: 440902148240704143)', '(distance: 0.6275381445884705, id: 440902148240704148)', '(distance: 0.6163787841796875, id: 440902148240704157)', '(distance: 0.61089688539505, id: 440902148240704138)', '(distance: 0.6047942638397217, id: 440902148240704110)']"]
2023-04-21 10:56:36,188 ｜ DEBUG ｜ mysql_helpers.py ｜ search_by_milvus_id_for_answer ｜ 64 ｜ MYSQL search by milvus id.
2023-04-21 10:56:36,189 ｜ DEBUG ｜ mysql_helpers.py ｜ search_by_milvus_ids ｜ 94 ｜ MYSQL search by milvus id.
2023-04-21 10:56:36,190 ｜ DEBUG ｜ mysql_helpers.py ｜ search_by_milvus_id_for_pic ｜ 79 ｜ MYSQL search by milvus id.
2023-04-21 10:56:42,028 ｜ DEBUG ｜ milvus_helpers.py ｜ search_vectors ｜ 103 ｜ Successfully search in collection: ["['(distance: 0.9999998807907104, id: 440902148240704208)', '(distance: 0.7869613170623779, id: 440902148240704211)', '(distance: 0.705654501914978, id: 440902148240704076)', '(distance: 0.653491735458374, id: 440902148240704192)', '(distance: 0.6249883770942688, id: 440902148240704191)', '(distance: 0.5626260042190552, id: 440902148240704084)', '(distance: 0.5442814826965332, id: 440902148240704210)', '(distance: 0.5178601741790771, id: 440902148240704103)', '(distance: 0.5146548748016357, id: 440902148240704083)', '(distance: 0.514617383480072, id: 440902148240704201)']"]
2023-04-21 10:56:42,030 ｜ DEBUG ｜ mysql_helpers.py ｜ search_by_milvus_id_for_answer ｜ 64 ｜ MYSQL search by milvus id.
2023-04-21 10:56:42,031 ｜ DEBUG ｜ mysql_helpers.py ｜ search_by_milvus_ids ｜ 94 ｜ MYSQL search by milvus id.
2023-04-21 10:56:42,033 ｜ DEBUG ｜ mysql_helpers.py ｜ search_by_milvus_id_for_pic ｜ 79 ｜ MYSQL search by milvus id.
2023-04-21 10:56:42,661 ｜ DEBUG ｜ milvus_helpers.py ｜ search_vectors ｜ 103 ｜ Successfully search in collection: ["['(distance: 0.9999999403953552, id: 440902148240704164)', '(distance: 0.8758776783943176, id: 440902148240704160)', '(distance: 0.8195260763168335, id: 440902148240704142)', '(distance: 0.7592390775680542, id: 440902148240704161)', '(distance: 0.6809371709823608, id: 440902148240704165)', '(distance: 0.6801289916038513, id: 440902148240704153)', '(distance: 0.665343165397644, id: 440902148240704143)', '(distance: 0.6064527034759521, id: 440902148240704094)', '(distance: 0.6010849475860596, id: 440902148240704148)', '(distance: 0.5741459727287292, id: 440902148240704149)']"]
2023-04-21 10:56:42,662 ｜ DEBUG ｜ mysql_helpers.py ｜ search_by_milvus_id_for_answer ｜ 64 ｜ MYSQL search by milvus id.
2023-04-21 10:56:42,663 ｜ DEBUG ｜ mysql_helpers.py ｜ search_by_milvus_ids ｜ 94 ｜ MYSQL search by milvus id.
2023-04-21 10:56:42,664 ｜ DEBUG ｜ mysql_helpers.py ｜ search_by_milvus_id_for_pic ｜ 79 ｜ MYSQL search by milvus id.
2023-04-21 10:57:52,796 ｜ DEBUG ｜ milvus_helpers.py ｜ search_vectors ｜ 103 ｜ Successfully search in collection: ["['(distance: 0.7865535020828247, id: 440902148240704146)', '(distance: 0.692966639995575, id: 440902148240704083)', '(distance: 0.6407651305198669, id: 440902148240704172)', '(distance: 0.6390366554260254, id: 440902148240704169)', '(distance: 0.6337807178497314, id: 440902148240704084)', '(distance: 0.6316819190979004, id: 440902148240704119)', '(distance: 0.6286352276802063, id: 440902148240704131)', '(distance: 0.6277363896369934, id: 440902148240704082)', '(distance: 0.6266103982925415, id: 440902148240704135)', '(distance: 0.6229344010353088, id: 440902148240704129)']"]
2023-04-21 10:57:52,797 ｜ DEBUG ｜ mysql_helpers.py ｜ search_by_milvus_id_for_answer ｜ 64 ｜ MYSQL search by milvus id.
2023-04-21 10:57:52,798 ｜ DEBUG ｜ mysql_helpers.py ｜ search_by_milvus_ids ｜ 94 ｜ MYSQL search by milvus id.
2023-04-21 10:57:52,799 ｜ DEBUG ｜ mysql_helpers.py ｜ search_by_milvus_id_for_pic ｜ 79 ｜ MYSQL search by milvus id.
2023-04-21 11:03:52,762 ｜ DEBUG ｜ milvus_helpers.py ｜ search_vectors ｜ 103 ｜ Successfully search in collection: ["['(distance: 1.000000238418579, id: 440902148240704209)', '(distance: 0.6311703324317932, id: 440902148240704083)', '(distance: 0.6273999214172363, id: 440902148240704123)', '(distance: 0.624234139919281, id: 440902148240704119)', '(distance: 0.6213113069534302, id: 440902148240704207)', '(distance: 0.6054511070251465, id: 440902148240704140)', '(distance: 0.6049926280975342, id: 440902148240704131)', '(distance: 0.5955418348312378, id: 440902148240704102)', '(distance: 0.5767713189125061, id: 440902148240704146)', '(distance: 0.5688065886497498, id: 440902148240704172)']"]
2023-04-21 11:03:52,763 ｜ DEBUG ｜ mysql_helpers.py ｜ search_by_milvus_id_for_answer ｜ 64 ｜ MYSQL search by milvus id.
2023-04-21 11:03:52,764 ｜ DEBUG ｜ mysql_helpers.py ｜ search_by_milvus_ids ｜ 94 ｜ MYSQL search by milvus id.
2023-04-21 11:03:52,764 ｜ DEBUG ｜ mysql_helpers.py ｜ search_by_milvus_id_for_pic ｜ 79 ｜ MYSQL search by milvus id.
2023-04-21 11:04:02,910 ｜ DEBUG ｜ milvus_helpers.py ｜ search_vectors ｜ 103 ｜ Successfully search in collection: ["['(distance: 1.0000001192092896, id: 440902148240704210)', '(distance: 0.7609549164772034, id: 440902148240704201)', '(distance: 0.7473741769790649, id: 440902148240704203)', '(distance: 0.7446111440658569, id: 440902148240704108)', '(distance: 0.7077032327651978, id: 440902148240704151)', '(distance: 0.6682134866714478, id: 440902148240704207)', '(distance: 0.6503998041152954, id: 440902148240704148)', '(distance: 0.6444680690765381, id: 440902148240704205)', '(distance: 0.6358504295349121, id: 440902148240704138)', '(distance: 0.6291648149490356, id: 440902148240704161)']"]
2023-04-21 11:04:02,911 ｜ DEBUG ｜ mysql_helpers.py ｜ search_by_milvus_id_for_answer ｜ 64 ｜ MYSQL search by milvus id.
2023-04-21 11:04:02,912 ｜ DEBUG ｜ mysql_helpers.py ｜ search_by_milvus_ids ｜ 94 ｜ MYSQL search by milvus id.
2023-04-21 11:04:02,913 ｜ DEBUG ｜ mysql_helpers.py ｜ search_by_milvus_id_for_pic ｜ 79 ｜ MYSQL search by milvus id.
2023-04-21 11:04:11,567 ｜ DEBUG ｜ milvus_helpers.py ｜ search_vectors ｜ 103 ｜ Successfully search in collection: ["['(distance: 1.0, id: 440902148240704211)', '(distance: 0.7869613170623779, id: 440902148240704208)', '(distance: 0.6526389122009277, id: 440902148240704076)', '(distance: 0.5972291231155396, id: 440902148240704083)', '(distance: 0.5673424601554871, id: 440902148240704075)', '(distance: 0.5571355819702148, id: 440902148240704077)', '(distance: 0.537452220916748, id: 440902148240704210)', '(distance: 0.5373769402503967, id: 440902148240704192)', '(distance: 0.5279883742332458, id: 440902148240704172)', '(distance: 0.5188612937927246, id: 440902148240704201)']"]
2023-04-21 11:04:11,568 ｜ DEBUG ｜ mysql_helpers.py ｜ search_by_milvus_id_for_answer ｜ 64 ｜ MYSQL search by milvus id.
2023-04-21 11:04:11,569 ｜ DEBUG ｜ mysql_helpers.py ｜ search_by_milvus_ids ｜ 94 ｜ MYSQL search by milvus id.
2023-04-21 11:04:11,570 ｜ DEBUG ｜ mysql_helpers.py ｜ search_by_milvus_id_for_pic ｜ 79 ｜ MYSQL search by milvus id.
2023-04-21 11:04:46,366 ｜ DEBUG ｜ milvus_helpers.py ｜ search_vectors ｜ 103 ｜ Successfully search in collection: ["['(distance: 0.6675339937210083, id: 440902148240704146)', '(distance: 0.6660104393959045, id: 440902148240704119)', '(distance: 0.6468591094017029, id: 440902148240704178)', '(distance: 0.6454609632492065, id: 440902148240704174)', '(distance: 0.6380579471588135, id: 440902148240704169)', '(distance: 0.6075613498687744, id: 440902148240704084)', '(distance: 0.6068439483642578, id: 440902148240704075)', '(distance: 0.5936205983161926, id: 440902148240704175)', '(distance: 0.5791007876396179, id: 440902148240704158)', '(distance: 0.5777736902236938, id: 440902148240704135)']"]
2023-04-21 11:04:46,368 ｜ DEBUG ｜ mysql_helpers.py ｜ search_by_milvus_id_for_answer ｜ 64 ｜ MYSQL search by milvus id.
2023-04-21 11:04:46,368 ｜ DEBUG ｜ mysql_helpers.py ｜ search_by_milvus_ids ｜ 94 ｜ MYSQL search by milvus id.
2023-04-21 11:04:46,369 ｜ DEBUG ｜ mysql_helpers.py ｜ search_by_milvus_id_for_pic ｜ 79 ｜ MYSQL search by milvus id.
