2023-04-17 13:01:39,958 ｜ INFO ｜ SentenceTransformer.py ｜ __init__ ｜ 41 ｜ Load pretrained SentenceTransformer: models/paraphrase-multilingual-mpnet-base-v2
2023-04-17 13:01:39,959 ｜ INFO ｜ SentenceTransformer.py ｜ __init__ ｜ 107 ｜ Load SentenceTransformer from folder: models/paraphrase-multilingual-mpnet-base-v2
2023-04-17 13:01:43,814 ｜ INFO ｜ SentenceTransformer.py ｜ __init__ ｜ 131 ｜ Use pytorch device: cpu
2023-04-17 13:01:43,821 ｜ DEBUG ｜ milvus_helpers.py ｜ __init__ ｜ 15 ｜ Successfully connect to Milvus with IP:('127.0.0.1',) and PORT:19530
2023-04-17 13:01:43,841 ｜ DEBUG ｜ selector_events.py ｜ __init__ ｜ 54 ｜ Using selector: EpollSelector
2023-04-17 13:02:24,883 ｜ INFO ｜ SentenceTransformer.py ｜ __init__ ｜ 41 ｜ Load pretrained SentenceTransformer: models/paraphrase-multilingual-mpnet-base-v2
2023-04-17 13:02:24,883 ｜ INFO ｜ SentenceTransformer.py ｜ __init__ ｜ 107 ｜ Load SentenceTransformer from folder: models/paraphrase-multilingual-mpnet-base-v2
2023-04-17 13:02:28,551 ｜ INFO ｜ SentenceTransformer.py ｜ __init__ ｜ 131 ｜ Use pytorch device: cpu
2023-04-17 13:02:28,560 ｜ DEBUG ｜ milvus_helpers.py ｜ __init__ ｜ 15 ｜ Successfully connect to Milvus with IP:('127.0.0.1',) and PORT:19530
2023-04-17 13:02:28,568 ｜ DEBUG ｜ selector_events.py ｜ __init__ ｜ 54 ｜ Using selector: EpollSelector
2023-04-17 13:02:48,019 ｜ DEBUG ｜ milvus_helpers.py ｜ search_vectors ｜ 103 ｜ Successfully search in collection: ["['(distance: 0.8844984173774719, id: 440757844392284574)', '(distance: 0.7147133946418762, id: 440757844392284584)', '(distance: 0.7124496698379517, id: 440757844392284592)', '(distance: 0.6883533000946045, id: 440757844392284575)', '(distance: 0.6846523284912109, id: 440757844392284525)', '(distance: 0.6745718717575073, id: 440757844392284579)', '(distance: 0.6667370796203613, id: 440757844392284582)', '(distance: 0.6524156332015991, id: 440757844392284529)', '(distance: 0.6451138257980347, id: 440757844392284569)', '(distance: 0.6411736011505127, id: 440757844392284604)']"]
2023-04-17 13:02:48,021 ｜ DEBUG ｜ mysql_helpers.py ｜ search_by_milvus_id_for_answer ｜ 64 ｜ MYSQL search by milvus id.
2023-04-17 13:02:48,022 ｜ DEBUG ｜ mysql_helpers.py ｜ search_by_milvus_ids ｜ 94 ｜ MYSQL search by milvus id.
2023-04-17 13:02:48,023 ｜ DEBUG ｜ mysql_helpers.py ｜ search_by_milvus_id_for_pic ｜ 79 ｜ MYSQL search by milvus id.
2023-04-17 13:03:34,476 ｜ DEBUG ｜ milvus_helpers.py ｜ search_vectors ｜ 103 ｜ Successfully search in collection: ["['(distance: 0.8844984173774719, id: 440757844392284574)', '(distance: 0.7147133946418762, id: 440757844392284584)', '(distance: 0.7124496698379517, id: 440757844392284592)', '(distance: 0.6883533000946045, id: 440757844392284575)', '(distance: 0.6846523284912109, id: 440757844392284525)', '(distance: 0.6745718717575073, id: 440757844392284579)', '(distance: 0.6667370796203613, id: 440757844392284582)', '(distance: 0.6524156332015991, id: 440757844392284529)', '(distance: 0.6451138257980347, id: 440757844392284569)', '(distance: 0.6411736011505127, id: 440757844392284604)']"]
2023-04-17 13:03:34,478 ｜ DEBUG ｜ mysql_helpers.py ｜ search_by_milvus_id_for_answer ｜ 64 ｜ MYSQL search by milvus id.
2023-04-17 13:03:34,479 ｜ DEBUG ｜ mysql_helpers.py ｜ search_by_milvus_ids ｜ 94 ｜ MYSQL search by milvus id.
2023-04-17 13:03:34,480 ｜ DEBUG ｜ mysql_helpers.py ｜ search_by_milvus_id_for_pic ｜ 79 ｜ MYSQL search by milvus id.
2023-04-17 13:03:50,398 ｜ DEBUG ｜ milvus_helpers.py ｜ search_vectors ｜ 103 ｜ Successfully search in collection: ["['(distance: 0.8871955871582031, id: 440757844392284574)', '(distance: 0.7063307762145996, id: 440757844392284584)', '(distance: 0.7045074105262756, id: 440757844392284592)', '(distance: 0.6914318799972534, id: 440757844392284525)', '(distance: 0.6802562475204468, id: 440757844392284575)', '(distance: 0.6609665155410767, id: 440757844392284579)', '(distance: 0.6538066864013672, id: 440757844392284582)', '(distance: 0.6503762602806091, id: 440757844392284529)', '(distance: 0.648984432220459, id: 440757844392284604)', '(distance: 0.639535665512085, id: 440757844392284569)']"]
2023-04-17 13:03:50,399 ｜ DEBUG ｜ mysql_helpers.py ｜ search_by_milvus_id_for_answer ｜ 64 ｜ MYSQL search by milvus id.
2023-04-17 13:03:50,400 ｜ DEBUG ｜ mysql_helpers.py ｜ search_by_milvus_ids ｜ 94 ｜ MYSQL search by milvus id.
2023-04-17 13:03:50,401 ｜ DEBUG ｜ mysql_helpers.py ｜ search_by_milvus_id_for_pic ｜ 79 ｜ MYSQL search by milvus id.
2023-04-17 13:13:17,869 ｜ DEBUG ｜ milvus_helpers.py ｜ search_vectors ｜ 103 ｜ Successfully search in collection: ["['(distance: 0.4765256345272064, id: 440757844392284517)', '(distance: 0.4361986815929413, id: 440757844392284609)', '(distance: 0.4301537275314331, id: 440757844392284600)', '(distance: 0.407471626996994, id: 440757844392284606)', '(distance: 0.4027813673019409, id: 440757844392284577)', '(distance: 0.394048273563385, id: 440757844392284566)', '(distance: 0.3691442906856537, id: 440757844392284506)', '(distance: 0.36475256085395813, id: 440757844392284535)', '(distance: 0.35198408365249634, id: 440757844392284587)', '(distance: 0.3502892851829529, id: 440757844392284589)']"]
2023-04-17 13:13:17,871 ｜ DEBUG ｜ mysql_helpers.py ｜ search_by_milvus_id_for_answer ｜ 64 ｜ MYSQL search by milvus id.
2023-04-17 13:13:17,872 ｜ DEBUG ｜ mysql_helpers.py ｜ search_by_milvus_ids ｜ 94 ｜ MYSQL search by milvus id.
2023-04-17 13:13:17,873 ｜ DEBUG ｜ mysql_helpers.py ｜ search_by_milvus_id_for_pic ｜ 79 ｜ MYSQL search by milvus id.
2023-04-17 14:36:17,228 ｜ DEBUG ｜ milvus_helpers.py ｜ search_vectors ｜ 103 ｜ Successfully search in collection: ["['(distance: 0.4588244557380676, id: 440757844392284517)', '(distance: 0.44948384165763855, id: 440757844392284609)', '(distance: 0.43064722418785095, id: 440757844392284600)', '(distance: 0.4225296378135681, id: 440757844392284606)', '(distance: 0.4082406759262085, id: 440757844392284577)', '(distance: 0.39797496795654297, id: 440757844392284566)', '(distance: 0.3904615044593811, id: 440757844392284506)', '(distance: 0.3853823244571686, id: 440757844392284605)', '(distance: 0.3837617039680481, id: 440757844392284535)', '(distance: 0.37631332874298096, id: 440757844392284589)']"]
2023-04-17 14:36:17,230 ｜ DEBUG ｜ mysql_helpers.py ｜ search_by_milvus_id_for_answer ｜ 64 ｜ MYSQL search by milvus id.
2023-04-17 14:36:17,232 ｜ DEBUG ｜ mysql_helpers.py ｜ search_by_milvus_ids ｜ 94 ｜ MYSQL search by milvus id.
2023-04-17 14:36:17,233 ｜ DEBUG ｜ mysql_helpers.py ｜ search_by_milvus_id_for_pic ｜ 79 ｜ MYSQL search by milvus id.
2023-04-17 14:43:08,008 ｜ DEBUG ｜ milvus_helpers.py ｜ search_vectors ｜ 103 ｜ Successfully search in collection: ["['(distance: 0.4588244557380676, id: 440757844392284517)', '(distance: 0.44948384165763855, id: 440757844392284609)', '(distance: 0.43064722418785095, id: 440757844392284600)', '(distance: 0.4225296378135681, id: 440757844392284606)', '(distance: 0.4082406759262085, id: 440757844392284577)', '(distance: 0.39797496795654297, id: 440757844392284566)', '(distance: 0.3904615044593811, id: 440757844392284506)', '(distance: 0.3853823244571686, id: 440757844392284605)', '(distance: 0.3837617039680481, id: 440757844392284535)', '(distance: 0.37631332874298096, id: 440757844392284589)']"]
2023-04-17 14:43:08,010 ｜ DEBUG ｜ mysql_helpers.py ｜ search_by_milvus_id_for_answer ｜ 64 ｜ MYSQL search by milvus id.
2023-04-17 14:43:08,011 ｜ DEBUG ｜ mysql_helpers.py ｜ search_by_milvus_ids ｜ 94 ｜ MYSQL search by milvus id.
2023-04-17 14:43:08,012 ｜ DEBUG ｜ mysql_helpers.py ｜ search_by_milvus_id_for_pic ｜ 79 ｜ MYSQL search by milvus id.
2023-04-17 14:48:59,712 ｜ DEBUG ｜ milvus_helpers.py ｜ search_vectors ｜ 103 ｜ Successfully search in collection: ["['(distance: 0.4588244557380676, id: 440757844392284517)', '(distance: 0.44948384165763855, id: 440757844392284609)', '(distance: 0.43064722418785095, id: 440757844392284600)', '(distance: 0.4225296378135681, id: 440757844392284606)', '(distance: 0.4082406759262085, id: 440757844392284577)', '(distance: 0.39797496795654297, id: 440757844392284566)', '(distance: 0.3904615044593811, id: 440757844392284506)', '(distance: 0.3853823244571686, id: 440757844392284605)', '(distance: 0.3837617039680481, id: 440757844392284535)', '(distance: 0.37631332874298096, id: 440757844392284589)']"]
2023-04-17 14:48:59,715 ｜ DEBUG ｜ mysql_helpers.py ｜ search_by_milvus_id_for_answer ｜ 64 ｜ MYSQL search by milvus id.
2023-04-17 14:48:59,716 ｜ DEBUG ｜ mysql_helpers.py ｜ search_by_milvus_ids ｜ 94 ｜ MYSQL search by milvus id.
2023-04-17 14:48:59,717 ｜ DEBUG ｜ mysql_helpers.py ｜ search_by_milvus_id_for_pic ｜ 79 ｜ MYSQL search by milvus id.
2023-04-17 14:49:58,578 ｜ DEBUG ｜ milvus_helpers.py ｜ search_vectors ｜ 103 ｜ Successfully search in collection: ["['(distance: 0.8844984173774719, id: 440757844392284574)', '(distance: 0.7147133946418762, id: 440757844392284584)', '(distance: 0.7124496698379517, id: 440757844392284592)', '(distance: 0.6883533000946045, id: 440757844392284575)', '(distance: 0.6846523284912109, id: 440757844392284525)', '(distance: 0.6745718717575073, id: 440757844392284579)', '(distance: 0.6667370796203613, id: 440757844392284582)', '(distance: 0.6524156332015991, id: 440757844392284529)', '(distance: 0.6451138257980347, id: 440757844392284569)', '(distance: 0.6411736011505127, id: 440757844392284604)']"]
2023-04-17 14:49:58,580 ｜ DEBUG ｜ mysql_helpers.py ｜ search_by_milvus_id_for_answer ｜ 64 ｜ MYSQL search by milvus id.
2023-04-17 14:49:58,581 ｜ DEBUG ｜ mysql_helpers.py ｜ search_by_milvus_ids ｜ 94 ｜ MYSQL search by milvus id.
2023-04-17 14:49:58,582 ｜ DEBUG ｜ mysql_helpers.py ｜ search_by_milvus_id_for_pic ｜ 79 ｜ MYSQL search by milvus id.
2023-04-17 14:50:29,165 ｜ DEBUG ｜ milvus_helpers.py ｜ search_vectors ｜ 103 ｜ Successfully search in collection: ["['(distance: 0.8844984173774719, id: 440757844392284574)', '(distance: 0.7147133946418762, id: 440757844392284584)', '(distance: 0.7124496698379517, id: 440757844392284592)', '(distance: 0.6883533000946045, id: 440757844392284575)', '(distance: 0.6846523284912109, id: 440757844392284525)', '(distance: 0.6745718717575073, id: 440757844392284579)', '(distance: 0.6667370796203613, id: 440757844392284582)', '(distance: 0.6524156332015991, id: 440757844392284529)', '(distance: 0.6451138257980347, id: 440757844392284569)', '(distance: 0.6411736011505127, id: 440757844392284604)']"]
2023-04-17 14:50:29,166 ｜ DEBUG ｜ mysql_helpers.py ｜ search_by_milvus_id_for_answer ｜ 64 ｜ MYSQL search by milvus id.
2023-04-17 14:50:29,167 ｜ DEBUG ｜ mysql_helpers.py ｜ search_by_milvus_ids ｜ 94 ｜ MYSQL search by milvus id.
2023-04-17 14:50:29,168 ｜ DEBUG ｜ mysql_helpers.py ｜ search_by_milvus_id_for_pic ｜ 79 ｜ MYSQL search by milvus id.
