2023-04-08 14:56:06,214 ｜ INFO ｜ SentenceTransformer.py ｜ __init__ ｜ 41 ｜ Load pretrained SentenceTransformer: paraphrase-multilingual-mpnet-base-v2
2023-04-08 14:56:06,214 ｜ INFO ｜ SentenceTransformer.py ｜ __init__ ｜ 107 ｜ Load SentenceTransformer from folder: paraphrase-multilingual-mpnet-base-v2
2023-04-08 14:56:10,688 ｜ INFO ｜ SentenceTransformer.py ｜ __init__ ｜ 131 ｜ Use pytorch device: cpu
2023-04-08 14:56:10,696 ｜ DEBUG ｜ milvus_helpers.py ｜ __init__ ｜ 15 ｜ Successfully connect to Milvus with IP:('127.0.0.1',) and PORT:19530
2023-04-08 14:56:10,715 ｜ DEBUG ｜ selector_events.py ｜ __init__ ｜ 54 ｜ Using selector: EpollSelector
2023-04-08 14:58:50,449 ｜ INFO ｜ SentenceTransformer.py ｜ __init__ ｜ 41 ｜ Load pretrained SentenceTransformer: paraphrase-multilingual-mpnet-base-v2
2023-04-08 14:58:50,449 ｜ INFO ｜ SentenceTransformer.py ｜ __init__ ｜ 107 ｜ Load SentenceTransformer from folder: paraphrase-multilingual-mpnet-base-v2
2023-04-08 14:58:54,126 ｜ INFO ｜ SentenceTransformer.py ｜ __init__ ｜ 131 ｜ Use pytorch device: cpu
2023-04-08 14:58:54,132 ｜ DEBUG ｜ milvus_helpers.py ｜ __init__ ｜ 15 ｜ Successfully connect to Milvus with IP:('127.0.0.1',) and PORT:19530
2023-04-08 14:58:54,138 ｜ DEBUG ｜ selector_events.py ｜ __init__ ｜ 54 ｜ Using selector: EpollSelector
2023-04-08 15:26:13,471 ｜ INFO ｜ SentenceTransformer.py ｜ __init__ ｜ 41 ｜ Load pretrained SentenceTransformer: paraphrase-multilingual-mpnet-base-v2
2023-04-08 15:26:13,472 ｜ INFO ｜ SentenceTransformer.py ｜ __init__ ｜ 107 ｜ Load SentenceTransformer from folder: paraphrase-multilingual-mpnet-base-v2
2023-04-08 15:26:17,128 ｜ INFO ｜ SentenceTransformer.py ｜ __init__ ｜ 131 ｜ Use pytorch device: cpu
2023-04-08 15:26:17,135 ｜ DEBUG ｜ milvus_helpers.py ｜ __init__ ｜ 15 ｜ Successfully connect to Milvus with IP:('127.0.0.1',) and PORT:19530
2023-04-08 15:26:17,142 ｜ DEBUG ｜ selector_events.py ｜ __init__ ｜ 54 ｜ Using selector: EpollSelector
2023-04-08 15:27:39,031 ｜ INFO ｜ SentenceTransformer.py ｜ __init__ ｜ 41 ｜ Load pretrained SentenceTransformer: paraphrase-multilingual-mpnet-base-v2
2023-04-08 15:27:39,031 ｜ INFO ｜ SentenceTransformer.py ｜ __init__ ｜ 107 ｜ Load SentenceTransformer from folder: paraphrase-multilingual-mpnet-base-v2
2023-04-08 15:27:42,779 ｜ INFO ｜ SentenceTransformer.py ｜ __init__ ｜ 131 ｜ Use pytorch device: cpu
2023-04-08 15:27:42,786 ｜ DEBUG ｜ milvus_helpers.py ｜ __init__ ｜ 15 ｜ Successfully connect to Milvus with IP:('127.0.0.1',) and PORT:19530
2023-04-08 15:27:42,792 ｜ DEBUG ｜ selector_events.py ｜ __init__ ｜ 54 ｜ Using selector: EpollSelector
2023-04-08 15:28:10,891 ｜ INFO ｜ SentenceTransformer.py ｜ __init__ ｜ 41 ｜ Load pretrained SentenceTransformer: paraphrase-multilingual-mpnet-base-v2
2023-04-08 15:28:10,891 ｜ INFO ｜ SentenceTransformer.py ｜ __init__ ｜ 107 ｜ Load SentenceTransformer from folder: paraphrase-multilingual-mpnet-base-v2
2023-04-08 15:28:15,348 ｜ INFO ｜ SentenceTransformer.py ｜ __init__ ｜ 131 ｜ Use pytorch device: cpu
2023-04-08 15:28:15,355 ｜ DEBUG ｜ milvus_helpers.py ｜ __init__ ｜ 15 ｜ Successfully connect to Milvus with IP:('127.0.0.1',) and PORT:19530
2023-04-08 15:28:15,375 ｜ DEBUG ｜ selector_events.py ｜ __init__ ｜ 54 ｜ Using selector: EpollSelector
2023-04-08 15:29:53,253 ｜ INFO ｜ SentenceTransformer.py ｜ __init__ ｜ 41 ｜ Load pretrained SentenceTransformer: paraphrase-multilingual-mpnet-base-v2
2023-04-08 15:29:53,253 ｜ INFO ｜ SentenceTransformer.py ｜ __init__ ｜ 107 ｜ Load SentenceTransformer from folder: paraphrase-multilingual-mpnet-base-v2
2023-04-08 15:29:57,357 ｜ INFO ｜ SentenceTransformer.py ｜ __init__ ｜ 131 ｜ Use pytorch device: cpu
2023-04-08 15:29:57,364 ｜ DEBUG ｜ milvus_helpers.py ｜ __init__ ｜ 15 ｜ Successfully connect to Milvus with IP:('127.0.0.1',) and PORT:19530
2023-04-08 15:29:57,371 ｜ DEBUG ｜ selector_events.py ｜ __init__ ｜ 54 ｜ Using selector: EpollSelector
2023-04-08 15:33:19,855 ｜ INFO ｜ SentenceTransformer.py ｜ __init__ ｜ 41 ｜ Load pretrained SentenceTransformer: paraphrase-multilingual-mpnet-base-v2
2023-04-08 15:33:19,855 ｜ INFO ｜ SentenceTransformer.py ｜ __init__ ｜ 107 ｜ Load SentenceTransformer from folder: paraphrase-multilingual-mpnet-base-v2
2023-04-08 15:33:24,428 ｜ INFO ｜ SentenceTransformer.py ｜ __init__ ｜ 131 ｜ Use pytorch device: cpu
2023-04-08 15:33:24,436 ｜ DEBUG ｜ milvus_helpers.py ｜ __init__ ｜ 15 ｜ Successfully connect to Milvus with IP:('127.0.0.1',) and PORT:19530
2023-04-08 15:33:24,456 ｜ DEBUG ｜ selector_events.py ｜ __init__ ｜ 54 ｜ Using selector: EpollSelector
2023-04-08 15:34:39,487 ｜ INFO ｜ SentenceTransformer.py ｜ __init__ ｜ 41 ｜ Load pretrained SentenceTransformer: paraphrase-multilingual-mpnet-base-v2
2023-04-08 15:34:39,487 ｜ INFO ｜ SentenceTransformer.py ｜ __init__ ｜ 107 ｜ Load SentenceTransformer from folder: paraphrase-multilingual-mpnet-base-v2
2023-04-08 15:34:43,865 ｜ INFO ｜ SentenceTransformer.py ｜ __init__ ｜ 131 ｜ Use pytorch device: cpu
2023-04-08 15:34:43,873 ｜ DEBUG ｜ milvus_helpers.py ｜ __init__ ｜ 15 ｜ Successfully connect to Milvus with IP:('127.0.0.1',) and PORT:19530
2023-04-08 15:34:43,882 ｜ DEBUG ｜ selector_events.py ｜ __init__ ｜ 54 ｜ Using selector: EpollSelector
2023-04-08 15:35:19,837 ｜ INFO ｜ SentenceTransformer.py ｜ __init__ ｜ 41 ｜ Load pretrained SentenceTransformer: paraphrase-multilingual-mpnet-base-v2
2023-04-08 15:35:19,837 ｜ INFO ｜ SentenceTransformer.py ｜ __init__ ｜ 107 ｜ Load SentenceTransformer from folder: paraphrase-multilingual-mpnet-base-v2
2023-04-08 15:35:24,129 ｜ INFO ｜ SentenceTransformer.py ｜ __init__ ｜ 131 ｜ Use pytorch device: cpu
2023-04-08 15:35:24,137 ｜ DEBUG ｜ milvus_helpers.py ｜ __init__ ｜ 15 ｜ Successfully connect to Milvus with IP:('127.0.0.1',) and PORT:19530
2023-04-08 15:35:24,146 ｜ DEBUG ｜ selector_events.py ｜ __init__ ｜ 54 ｜ Using selector: EpollSelector
2023-04-08 15:37:11,409 ｜ DEBUG ｜ multipart.py ｜ callback ｜ 586 ｜ Calling on_part_begin with no data
2023-04-08 15:37:11,410 ｜ DEBUG ｜ multipart.py ｜ callback ｜ 583 ｜ Calling on_header_field with data[60:79]
2023-04-08 15:37:11,410 ｜ DEBUG ｜ multipart.py ｜ callback ｜ 583 ｜ Calling on_header_value with data[81:124]
2023-04-08 15:37:11,410 ｜ DEBUG ｜ multipart.py ｜ callback ｜ 586 ｜ Calling on_header_end with no data
2023-04-08 15:37:11,410 ｜ DEBUG ｜ multipart.py ｜ callback ｜ 583 ｜ Calling on_header_field with data[126:138]
2023-04-08 15:37:11,410 ｜ DEBUG ｜ multipart.py ｜ callback ｜ 583 ｜ Calling on_header_value with data[140:148]
2023-04-08 15:37:11,411 ｜ DEBUG ｜ multipart.py ｜ callback ｜ 586 ｜ Calling on_header_end with no data
2023-04-08 15:37:11,411 ｜ DEBUG ｜ multipart.py ｜ callback ｜ 586 ｜ Calling on_headers_finished with no data
2023-04-08 15:37:11,411 ｜ DEBUG ｜ multipart.py ｜ callback ｜ 583 ｜ Calling on_part_data with data[152:1110]
2023-04-08 15:37:11,411 ｜ DEBUG ｜ multipart.py ｜ callback ｜ 583 ｜ Calling on_part_data with data[0:2]
2023-04-08 15:37:11,412 ｜ DEBUG ｜ multipart.py ｜ callback ｜ 586 ｜ Calling on_part_end with no data
2023-04-08 15:37:11,412 ｜ DEBUG ｜ multipart.py ｜ callback ｜ 586 ｜ Calling on_end with no data
2023-04-08 15:37:11,416 ｜ ERROR ｜ load.py ｜ extract_features ｜ 20 ｜  Error with extracting feature from question 'utf-8' codec can't decode byte 0xb3 in position 17: invalid start byte
2023-04-08 15:45:07,094 ｜ DEBUG ｜ multipart.py ｜ callback ｜ 586 ｜ Calling on_part_begin with no data
2023-04-08 15:45:07,095 ｜ DEBUG ｜ multipart.py ｜ callback ｜ 583 ｜ Calling on_header_field with data[60:79]
2023-04-08 15:45:07,095 ｜ DEBUG ｜ multipart.py ｜ callback ｜ 583 ｜ Calling on_header_value with data[81:124]
2023-04-08 15:45:07,095 ｜ DEBUG ｜ multipart.py ｜ callback ｜ 586 ｜ Calling on_header_end with no data
2023-04-08 15:45:07,095 ｜ DEBUG ｜ multipart.py ｜ callback ｜ 583 ｜ Calling on_header_field with data[126:138]
2023-04-08 15:45:07,095 ｜ DEBUG ｜ multipart.py ｜ callback ｜ 583 ｜ Calling on_header_value with data[140:148]
2023-04-08 15:45:07,095 ｜ DEBUG ｜ multipart.py ｜ callback ｜ 586 ｜ Calling on_header_end with no data
2023-04-08 15:45:07,096 ｜ DEBUG ｜ multipart.py ｜ callback ｜ 586 ｜ Calling on_headers_finished with no data
2023-04-08 15:45:07,096 ｜ DEBUG ｜ multipart.py ｜ callback ｜ 583 ｜ Calling on_part_data with data[152:1110]
2023-04-08 15:45:07,096 ｜ DEBUG ｜ multipart.py ｜ callback ｜ 583 ｜ Calling on_part_data with data[0:2]
2023-04-08 15:45:07,096 ｜ DEBUG ｜ multipart.py ｜ callback ｜ 586 ｜ Calling on_part_end with no data
2023-04-08 15:45:07,097 ｜ DEBUG ｜ multipart.py ｜ callback ｜ 586 ｜ Calling on_end with no data
2023-04-08 15:45:07,099 ｜ ERROR ｜ load.py ｜ extract_features ｜ 20 ｜  Error with extracting feature from question 'utf-8' codec can't decode byte 0xb3 in position 17: invalid start byte
2023-04-08 15:50:57,614 ｜ DEBUG ｜ multipart.py ｜ callback ｜ 586 ｜ Calling on_part_begin with no data
2023-04-08 15:50:57,615 ｜ DEBUG ｜ multipart.py ｜ callback ｜ 583 ｜ Calling on_header_field with data[61:80]
2023-04-08 15:50:57,615 ｜ DEBUG ｜ multipart.py ｜ callback ｜ 583 ｜ Calling on_header_value with data[82:125]
2023-04-08 15:50:57,615 ｜ DEBUG ｜ multipart.py ｜ callback ｜ 586 ｜ Calling on_header_end with no data
2023-04-08 15:50:57,616 ｜ DEBUG ｜ multipart.py ｜ callback ｜ 583 ｜ Calling on_header_field with data[127:139]
2023-04-08 15:50:57,616 ｜ DEBUG ｜ multipart.py ｜ callback ｜ 583 ｜ Calling on_header_value with data[141:149]
2023-04-08 15:50:57,616 ｜ DEBUG ｜ multipart.py ｜ callback ｜ 586 ｜ Calling on_header_end with no data
2023-04-08 15:50:57,616 ｜ DEBUG ｜ multipart.py ｜ callback ｜ 586 ｜ Calling on_headers_finished with no data
2023-04-08 15:50:57,617 ｜ DEBUG ｜ multipart.py ｜ callback ｜ 583 ｜ Calling on_part_data with data[153:1111]
2023-04-08 15:50:57,617 ｜ DEBUG ｜ multipart.py ｜ callback ｜ 583 ｜ Calling on_part_data with data[0:2]
2023-04-08 15:50:57,617 ｜ DEBUG ｜ multipart.py ｜ callback ｜ 586 ｜ Calling on_part_end with no data
2023-04-08 15:50:57,618 ｜ DEBUG ｜ multipart.py ｜ callback ｜ 586 ｜ Calling on_end with no data
2023-04-08 15:50:57,621 ｜ ERROR ｜ load.py ｜ extract_features ｜ 20 ｜  Error with extracting feature from question 'utf-8' codec can't decode byte 0xb3 in position 17: invalid start byte
2023-04-08 16:19:07,212 ｜ INFO ｜ SentenceTransformer.py ｜ __init__ ｜ 41 ｜ Load pretrained SentenceTransformer: paraphrase-multilingual-mpnet-base-v2
2023-04-08 16:19:07,221 ｜ INFO ｜ SentenceTransformer.py ｜ __init__ ｜ 107 ｜ Load SentenceTransformer from folder: paraphrase-multilingual-mpnet-base-v2
2023-04-08 16:19:11,365 ｜ INFO ｜ SentenceTransformer.py ｜ __init__ ｜ 131 ｜ Use pytorch device: cpu
2023-04-08 16:19:11,374 ｜ DEBUG ｜ milvus_helpers.py ｜ __init__ ｜ 15 ｜ Successfully connect to Milvus with IP:('127.0.0.1',) and PORT:19530
2023-04-08 16:19:11,402 ｜ DEBUG ｜ selector_events.py ｜ __init__ ｜ 54 ｜ Using selector: EpollSelector
2023-04-08 16:28:18,664 ｜ DEBUG ｜ multipart.py ｜ callback ｜ 586 ｜ Calling on_part_begin with no data
2023-04-08 16:28:18,664 ｜ DEBUG ｜ multipart.py ｜ callback ｜ 583 ｜ Calling on_header_field with data[60:79]
2023-04-08 16:28:18,665 ｜ DEBUG ｜ multipart.py ｜ callback ｜ 583 ｜ Calling on_header_value with data[81:124]
2023-04-08 16:28:18,665 ｜ DEBUG ｜ multipart.py ｜ callback ｜ 586 ｜ Calling on_header_end with no data
2023-04-08 16:28:18,665 ｜ DEBUG ｜ multipart.py ｜ callback ｜ 583 ｜ Calling on_header_field with data[126:138]
2023-04-08 16:28:18,665 ｜ DEBUG ｜ multipart.py ｜ callback ｜ 583 ｜ Calling on_header_value with data[140:148]
2023-04-08 16:28:18,665 ｜ DEBUG ｜ multipart.py ｜ callback ｜ 586 ｜ Calling on_header_end with no data
2023-04-08 16:28:18,665 ｜ DEBUG ｜ multipart.py ｜ callback ｜ 586 ｜ Calling on_headers_finished with no data
2023-04-08 16:28:18,666 ｜ DEBUG ｜ multipart.py ｜ callback ｜ 583 ｜ Calling on_part_data with data[152:1110]
2023-04-08 16:28:18,666 ｜ DEBUG ｜ multipart.py ｜ callback ｜ 583 ｜ Calling on_part_data with data[0:2]
2023-04-08 16:28:18,666 ｜ DEBUG ｜ multipart.py ｜ callback ｜ 586 ｜ Calling on_part_end with no data
2023-04-08 16:28:18,667 ｜ DEBUG ｜ multipart.py ｜ callback ｜ 586 ｜ Calling on_end with no data
2023-04-08 16:28:18,669 ｜ ERROR ｜ load.py ｜ extract_features ｜ 20 ｜  Error with extracting feature from question 'utf-8' codec can't decode byte 0xb3 in position 17: invalid start byte
2023-04-08 16:38:13,410 ｜ INFO ｜ SentenceTransformer.py ｜ __init__ ｜ 41 ｜ Load pretrained SentenceTransformer: models/chinese_L-12_H-768_A-12
2023-04-08 16:38:13,410 ｜ INFO ｜ SentenceTransformer.py ｜ __init__ ｜ 107 ｜ Load SentenceTransformer from folder: models/chinese_L-12_H-768_A-12
2023-04-08 16:53:42,898 ｜ INFO ｜ SentenceTransformer.py ｜ __init__ ｜ 41 ｜ Load pretrained SentenceTransformer: models/chinese_L-12_H-768_A-12
2023-04-08 16:53:42,899 ｜ INFO ｜ SentenceTransformer.py ｜ __init__ ｜ 107 ｜ Load SentenceTransformer from folder: models/chinese_L-12_H-768_A-12
2023-04-08 17:02:07,544 ｜ INFO ｜ SentenceTransformer.py ｜ __init__ ｜ 41 ｜ Load pretrained SentenceTransformer: models/paraphrase-multilingual-mpnet-base-v2
2023-04-08 17:02:07,544 ｜ INFO ｜ SentenceTransformer.py ｜ __init__ ｜ 107 ｜ Load SentenceTransformer from folder: models/paraphrase-multilingual-mpnet-base-v2
2023-04-08 17:02:11,513 ｜ INFO ｜ SentenceTransformer.py ｜ __init__ ｜ 131 ｜ Use pytorch device: cpu
2023-04-08 17:02:11,522 ｜ DEBUG ｜ milvus_helpers.py ｜ __init__ ｜ 15 ｜ Successfully connect to Milvus with IP:('127.0.0.1',) and PORT:19530
2023-04-08 17:02:11,529 ｜ DEBUG ｜ selector_events.py ｜ __init__ ｜ 54 ｜ Using selector: EpollSelector
2023-04-08 17:02:54,951 ｜ DEBUG ｜ multipart.py ｜ callback ｜ 586 ｜ Calling on_part_begin with no data
2023-04-08 17:02:54,951 ｜ DEBUG ｜ multipart.py ｜ callback ｜ 583 ｜ Calling on_header_field with data[60:79]
2023-04-08 17:02:54,952 ｜ DEBUG ｜ multipart.py ｜ callback ｜ 583 ｜ Calling on_header_value with data[81:124]
2023-04-08 17:02:54,952 ｜ DEBUG ｜ multipart.py ｜ callback ｜ 586 ｜ Calling on_header_end with no data
2023-04-08 17:02:54,952 ｜ DEBUG ｜ multipart.py ｜ callback ｜ 583 ｜ Calling on_header_field with data[126:138]
2023-04-08 17:02:54,952 ｜ DEBUG ｜ multipart.py ｜ callback ｜ 583 ｜ Calling on_header_value with data[140:148]
2023-04-08 17:02:54,952 ｜ DEBUG ｜ multipart.py ｜ callback ｜ 586 ｜ Calling on_header_end with no data
2023-04-08 17:02:54,952 ｜ DEBUG ｜ multipart.py ｜ callback ｜ 586 ｜ Calling on_headers_finished with no data
2023-04-08 17:02:54,953 ｜ DEBUG ｜ multipart.py ｜ callback ｜ 583 ｜ Calling on_part_data with data[152:1110]
2023-04-08 17:02:54,953 ｜ DEBUG ｜ multipart.py ｜ callback ｜ 583 ｜ Calling on_part_data with data[0:2]
2023-04-08 17:02:54,953 ｜ DEBUG ｜ multipart.py ｜ callback ｜ 586 ｜ Calling on_part_end with no data
2023-04-08 17:02:54,953 ｜ DEBUG ｜ multipart.py ｜ callback ｜ 586 ｜ Calling on_end with no data
2023-04-08 17:02:54,956 ｜ ERROR ｜ load.py ｜ extract_features ｜ 21 ｜  Error with extracting feature from question 'utf-8' codec can't decode byte 0xb3 in position 17: invalid start byte
2023-04-08 17:05:58,181 ｜ DEBUG ｜ multipart.py ｜ callback ｜ 586 ｜ Calling on_part_begin with no data
2023-04-08 17:05:58,181 ｜ DEBUG ｜ multipart.py ｜ callback ｜ 583 ｜ Calling on_header_field with data[59:78]
2023-04-08 17:05:58,181 ｜ DEBUG ｜ multipart.py ｜ callback ｜ 583 ｜ Calling on_header_value with data[80:123]
2023-04-08 17:05:58,181 ｜ DEBUG ｜ multipart.py ｜ callback ｜ 586 ｜ Calling on_header_end with no data
2023-04-08 17:05:58,182 ｜ DEBUG ｜ multipart.py ｜ callback ｜ 583 ｜ Calling on_header_field with data[125:137]
2023-04-08 17:05:58,182 ｜ DEBUG ｜ multipart.py ｜ callback ｜ 583 ｜ Calling on_header_value with data[139:147]
2023-04-08 17:05:58,182 ｜ DEBUG ｜ multipart.py ｜ callback ｜ 586 ｜ Calling on_header_end with no data
2023-04-08 17:05:58,182 ｜ DEBUG ｜ multipart.py ｜ callback ｜ 586 ｜ Calling on_headers_finished with no data
2023-04-08 17:05:58,182 ｜ DEBUG ｜ multipart.py ｜ callback ｜ 583 ｜ Calling on_part_data with data[151:1109]
2023-04-08 17:05:58,183 ｜ DEBUG ｜ multipart.py ｜ callback ｜ 583 ｜ Calling on_part_data with data[0:2]
2023-04-08 17:05:58,183 ｜ DEBUG ｜ multipart.py ｜ callback ｜ 586 ｜ Calling on_part_end with no data
2023-04-08 17:05:58,183 ｜ DEBUG ｜ multipart.py ｜ callback ｜ 586 ｜ Calling on_end with no data
2023-04-08 17:05:58,185 ｜ ERROR ｜ load.py ｜ extract_features ｜ 21 ｜  Error with extracting feature from question 'utf-8' codec can't decode byte 0xb3 in position 17: invalid start byte
2023-04-08 17:07:43,675 ｜ INFO ｜ SentenceTransformer.py ｜ __init__ ｜ 41 ｜ Load pretrained SentenceTransformer: models/paraphrase-multilingual-mpnet-base-v2
2023-04-08 17:07:43,675 ｜ INFO ｜ SentenceTransformer.py ｜ __init__ ｜ 107 ｜ Load SentenceTransformer from folder: models/paraphrase-multilingual-mpnet-base-v2
2023-04-08 17:07:48,330 ｜ INFO ｜ SentenceTransformer.py ｜ __init__ ｜ 131 ｜ Use pytorch device: cpu
2023-04-08 17:07:48,337 ｜ DEBUG ｜ milvus_helpers.py ｜ __init__ ｜ 15 ｜ Successfully connect to Milvus with IP:('127.0.0.1',) and PORT:19530
2023-04-08 17:07:48,354 ｜ DEBUG ｜ selector_events.py ｜ __init__ ｜ 54 ｜ Using selector: EpollSelector
2023-04-08 17:08:55,841 ｜ DEBUG ｜ multipart.py ｜ callback ｜ 586 ｜ Calling on_part_begin with no data
2023-04-08 17:08:55,841 ｜ DEBUG ｜ multipart.py ｜ callback ｜ 583 ｜ Calling on_header_field with data[60:79]
2023-04-08 17:08:55,841 ｜ DEBUG ｜ multipart.py ｜ callback ｜ 583 ｜ Calling on_header_value with data[81:124]
2023-04-08 17:08:55,842 ｜ DEBUG ｜ multipart.py ｜ callback ｜ 586 ｜ Calling on_header_end with no data
2023-04-08 17:08:55,842 ｜ DEBUG ｜ multipart.py ｜ callback ｜ 583 ｜ Calling on_header_field with data[126:138]
2023-04-08 17:08:55,842 ｜ DEBUG ｜ multipart.py ｜ callback ｜ 583 ｜ Calling on_header_value with data[140:148]
2023-04-08 17:08:55,842 ｜ DEBUG ｜ multipart.py ｜ callback ｜ 586 ｜ Calling on_header_end with no data
2023-04-08 17:08:55,842 ｜ DEBUG ｜ multipart.py ｜ callback ｜ 586 ｜ Calling on_headers_finished with no data
2023-04-08 17:08:55,843 ｜ DEBUG ｜ multipart.py ｜ callback ｜ 583 ｜ Calling on_part_data with data[152:1110]
2023-04-08 17:08:55,843 ｜ DEBUG ｜ multipart.py ｜ callback ｜ 583 ｜ Calling on_part_data with data[0:2]
2023-04-08 17:08:55,843 ｜ DEBUG ｜ multipart.py ｜ callback ｜ 586 ｜ Calling on_part_end with no data
2023-04-08 17:08:55,843 ｜ DEBUG ｜ multipart.py ｜ callback ｜ 586 ｜ Calling on_end with no data
2023-04-08 17:08:56,026 ｜ ERROR ｜ decorators.py ｜ handler ｜ 73 ｜ RPC error: [has_collection], <BaseException: (code=1, message=proxy not healthy)>, <Time:{'RPC start': '2023-04-08 17:08:56.024387', 'RPC error': '2023-04-08 17:08:56.026145'}>
2023-04-08 17:08:56,026 ｜ ERROR ｜ milvus_helpers.py ｜ has_collection ｜ 37 ｜ Failed to check collection: <BaseException: (code=1, message=proxy not healthy)>
2023-04-08 17:19:36,528 ｜ INFO ｜ SentenceTransformer.py ｜ __init__ ｜ 41 ｜ Load pretrained SentenceTransformer: models/paraphrase-multilingual-mpnet-base-v2
2023-04-08 17:19:36,528 ｜ INFO ｜ SentenceTransformer.py ｜ __init__ ｜ 107 ｜ Load SentenceTransformer from folder: models/paraphrase-multilingual-mpnet-base-v2
2023-04-08 17:19:41,150 ｜ INFO ｜ SentenceTransformer.py ｜ __init__ ｜ 131 ｜ Use pytorch device: cpu
2023-04-08 17:19:41,156 ｜ DEBUG ｜ milvus_helpers.py ｜ __init__ ｜ 15 ｜ Successfully connect to Milvus with IP:('127.0.0.1',) and PORT:19530
2023-04-08 17:19:41,163 ｜ DEBUG ｜ selector_events.py ｜ __init__ ｜ 54 ｜ Using selector: EpollSelector
2023-04-08 17:20:14,237 ｜ DEBUG ｜ multipart.py ｜ callback ｜ 586 ｜ Calling on_part_begin with no data
2023-04-08 17:20:14,237 ｜ DEBUG ｜ multipart.py ｜ callback ｜ 583 ｜ Calling on_header_field with data[61:80]
2023-04-08 17:20:14,237 ｜ DEBUG ｜ multipart.py ｜ callback ｜ 583 ｜ Calling on_header_value with data[82:125]
2023-04-08 17:20:14,237 ｜ DEBUG ｜ multipart.py ｜ callback ｜ 586 ｜ Calling on_header_end with no data
2023-04-08 17:20:14,238 ｜ DEBUG ｜ multipart.py ｜ callback ｜ 583 ｜ Calling on_header_field with data[127:139]
2023-04-08 17:20:14,238 ｜ DEBUG ｜ multipart.py ｜ callback ｜ 583 ｜ Calling on_header_value with data[141:149]
2023-04-08 17:20:14,238 ｜ DEBUG ｜ multipart.py ｜ callback ｜ 586 ｜ Calling on_header_end with no data
2023-04-08 17:20:14,238 ｜ DEBUG ｜ multipart.py ｜ callback ｜ 586 ｜ Calling on_headers_finished with no data
2023-04-08 17:20:14,238 ｜ DEBUG ｜ multipart.py ｜ callback ｜ 583 ｜ Calling on_part_data with data[153:1111]
2023-04-08 17:20:14,238 ｜ DEBUG ｜ multipart.py ｜ callback ｜ 583 ｜ Calling on_part_data with data[0:2]
2023-04-08 17:20:14,239 ｜ DEBUG ｜ multipart.py ｜ callback ｜ 586 ｜ Calling on_part_end with no data
2023-04-08 17:20:14,239 ｜ DEBUG ｜ multipart.py ｜ callback ｜ 586 ｜ Calling on_end with no data
2023-04-08 17:20:14,351 ｜ ERROR ｜ decorators.py ｜ handler ｜ 73 ｜ RPC error: [has_collection], <BaseException: (code=1, message=proxy not healthy)>, <Time:{'RPC start': '2023-04-08 17:20:14.349770', 'RPC error': '2023-04-08 17:20:14.351144'}>
2023-04-08 17:20:14,351 ｜ ERROR ｜ milvus_helpers.py ｜ has_collection ｜ 37 ｜ Failed to check collection: <BaseException: (code=1, message=proxy not healthy)>
2023-04-08 19:59:44,450 ｜ INFO ｜ SentenceTransformer.py ｜ __init__ ｜ 41 ｜ Load pretrained SentenceTransformer: models/paraphrase-multilingual-mpnet-base-v2
2023-04-08 19:59:44,450 ｜ INFO ｜ SentenceTransformer.py ｜ __init__ ｜ 107 ｜ Load SentenceTransformer from folder: models/paraphrase-multilingual-mpnet-base-v2
2023-04-08 19:59:49,545 ｜ INFO ｜ SentenceTransformer.py ｜ __init__ ｜ 131 ｜ Use pytorch device: cpu
2023-04-08 19:59:49,553 ｜ DEBUG ｜ milvus_helpers.py ｜ __init__ ｜ 15 ｜ Successfully connect to Milvus with IP:('127.0.0.1',) and PORT:19530
2023-04-08 20:16:29,452 ｜ INFO ｜ SentenceTransformer.py ｜ __init__ ｜ 41 ｜ Load pretrained SentenceTransformer: models/paraphrase-multilingual-mpnet-base-v2
2023-04-08 20:16:29,452 ｜ INFO ｜ SentenceTransformer.py ｜ __init__ ｜ 107 ｜ Load SentenceTransformer from folder: models/paraphrase-multilingual-mpnet-base-v2
2023-04-08 20:16:33,585 ｜ INFO ｜ SentenceTransformer.py ｜ __init__ ｜ 131 ｜ Use pytorch device: cpu
2023-04-08 20:16:33,591 ｜ DEBUG ｜ milvus_helpers.py ｜ __init__ ｜ 15 ｜ Successfully connect to Milvus with IP:('127.0.0.1',) and PORT:19530
2023-04-08 20:16:33,600 ｜ DEBUG ｜ selector_events.py ｜ __init__ ｜ 54 ｜ Using selector: EpollSelector
2023-04-08 20:17:27,914 ｜ DEBUG ｜ multipart.py ｜ callback ｜ 586 ｜ Calling on_part_begin with no data
2023-04-08 20:17:27,915 ｜ DEBUG ｜ multipart.py ｜ callback ｜ 583 ｜ Calling on_header_field with data[61:80]
2023-04-08 20:17:27,915 ｜ DEBUG ｜ multipart.py ｜ callback ｜ 583 ｜ Calling on_header_value with data[82:125]
2023-04-08 20:17:27,915 ｜ DEBUG ｜ multipart.py ｜ callback ｜ 586 ｜ Calling on_header_end with no data
2023-04-08 20:17:27,915 ｜ DEBUG ｜ multipart.py ｜ callback ｜ 583 ｜ Calling on_header_field with data[127:139]
2023-04-08 20:17:27,915 ｜ DEBUG ｜ multipart.py ｜ callback ｜ 583 ｜ Calling on_header_value with data[141:149]
2023-04-08 20:17:27,915 ｜ DEBUG ｜ multipart.py ｜ callback ｜ 586 ｜ Calling on_header_end with no data
2023-04-08 20:17:27,916 ｜ DEBUG ｜ multipart.py ｜ callback ｜ 586 ｜ Calling on_headers_finished with no data
2023-04-08 20:17:27,916 ｜ DEBUG ｜ multipart.py ｜ callback ｜ 583 ｜ Calling on_part_data with data[153:1111]
2023-04-08 20:17:27,916 ｜ DEBUG ｜ multipart.py ｜ callback ｜ 583 ｜ Calling on_part_data with data[0:2]
2023-04-08 20:17:27,916 ｜ DEBUG ｜ multipart.py ｜ callback ｜ 586 ｜ Calling on_part_end with no data
2023-04-08 20:17:27,917 ｜ DEBUG ｜ multipart.py ｜ callback ｜ 586 ｜ Calling on_end with no data
2023-04-08 20:17:28,181 ｜ DEBUG ｜ milvus_helpers.py ｜ create_collection ｜ 48 ｜ Create Milvus collection: <Collection>:
-------------
<name>: milvus_qa
<partitions>: [{"name": "_default", "collection_name": "milvus_qa", "description": ""}]
<description>: collection description
<schema>: {
  auto_id: True
  description: collection description
  fields: [{
    name: id
    description: 
    type: 5
    is_primary: True
    auto_id: True
  }, {
    name: embedding
    description: 
    type: 101
    params: {'dim': 768}
  }]
}

2023-04-08 20:17:28,738 ｜ DEBUG ｜ milvus_helpers.py ｜ insert ｜ 63 ｜ Insert vectors to Milvus in collection: milvus_qa with 4 rows
2023-04-08 20:17:28,755 ｜ ERROR ｜ decorators.py ｜ handler ｜ 81 ｜ grpc RpcError: [get_flush_state], <_MultiThreadedRendezvous: StatusCode.UNIMPLEMENTED, unknown method GetFlushState for service milvus.proto.milvus.MilvusService>, <Time:{'RPC start': '2023-04-08 20:17:28.754426', 'gRPC error': '2023-04-08 20:17:28.755358'}>
2023-04-08 20:17:28,755 ｜ ERROR ｜ decorators.py ｜ handler ｜ 81 ｜ grpc RpcError: [_wait_for_flushed], <_MultiThreadedRendezvous: StatusCode.UNIMPLEMENTED, unknown method GetFlushState for service milvus.proto.milvus.MilvusService>, <Time:{'RPC start': '2023-04-08 20:17:28.754402', 'gRPC error': '2023-04-08 20:17:28.755791'}>
2023-04-08 20:17:28,756 ｜ ERROR ｜ decorators.py ｜ handler ｜ 81 ｜ grpc RpcError: [flush], <_MultiThreadedRendezvous: StatusCode.UNIMPLEMENTED, unknown method GetFlushState for service milvus.proto.milvus.MilvusService>, <Time:{'RPC start': '2023-04-08 20:17:28.749114', 'gRPC error': '2023-04-08 20:17:28.756010'}>
2023-04-08 20:17:28,756 ｜ ERROR ｜ decorators.py ｜ handler ｜ 81 ｜ grpc RpcError: [create_index], <_MultiThreadedRendezvous: StatusCode.UNIMPLEMENTED, unknown method GetFlushState for service milvus.proto.milvus.MilvusService>, <Time:{'RPC start': '2023-04-08 20:17:28.746155', 'gRPC error': '2023-04-08 20:17:28.756225'}>
2023-04-08 20:17:28,756 ｜ ERROR ｜ milvus_helpers.py ｜ create_index ｜ 82 ｜ Failed to create index: <_MultiThreadedRendezvous of RPC that terminated with:
	status = StatusCode.UNIMPLEMENTED
	details = "unknown method GetFlushState for service milvus.proto.milvus.MilvusService"
	debug_error_string = "{"created":"@1680956248.755086093","description":"Error received from peer ipv4:127.0.0.1:19530","file":"src/core/lib/surface/call.cc","file_line":1067,"grpc_message":"unknown method GetFlushState for service milvus.proto.milvus.MilvusService","grpc_status":12}"
>
2023-04-08 20:53:13,354 ｜ INFO ｜ SentenceTransformer.py ｜ __init__ ｜ 41 ｜ Load pretrained SentenceTransformer: models/paraphrase-multilingual-mpnet-base-v2
2023-04-08 20:53:13,355 ｜ INFO ｜ SentenceTransformer.py ｜ __init__ ｜ 107 ｜ Load SentenceTransformer from folder: models/paraphrase-multilingual-mpnet-base-v2
2023-04-08 20:53:17,459 ｜ INFO ｜ SentenceTransformer.py ｜ __init__ ｜ 131 ｜ Use pytorch device: cpu
2023-04-08 20:53:17,468 ｜ DEBUG ｜ milvus_helpers.py ｜ __init__ ｜ 15 ｜ Successfully connect to Milvus with IP:('127.0.0.1',) and PORT:19530
2023-04-08 20:53:17,491 ｜ DEBUG ｜ selector_events.py ｜ __init__ ｜ 54 ｜ Using selector: EpollSelector
2023-04-08 20:53:54,907 ｜ DEBUG ｜ multipart.py ｜ callback ｜ 586 ｜ Calling on_part_begin with no data
2023-04-08 20:53:54,907 ｜ DEBUG ｜ multipart.py ｜ callback ｜ 583 ｜ Calling on_header_field with data[59:78]
2023-04-08 20:53:54,908 ｜ DEBUG ｜ multipart.py ｜ callback ｜ 583 ｜ Calling on_header_value with data[80:123]
2023-04-08 20:53:54,908 ｜ DEBUG ｜ multipart.py ｜ callback ｜ 586 ｜ Calling on_header_end with no data
2023-04-08 20:53:54,908 ｜ DEBUG ｜ multipart.py ｜ callback ｜ 583 ｜ Calling on_header_field with data[125:137]
2023-04-08 20:53:54,908 ｜ DEBUG ｜ multipart.py ｜ callback ｜ 583 ｜ Calling on_header_value with data[139:147]
2023-04-08 20:53:54,909 ｜ DEBUG ｜ multipart.py ｜ callback ｜ 586 ｜ Calling on_header_end with no data
2023-04-08 20:53:54,909 ｜ DEBUG ｜ multipart.py ｜ callback ｜ 586 ｜ Calling on_headers_finished with no data
2023-04-08 20:53:54,909 ｜ DEBUG ｜ multipart.py ｜ callback ｜ 583 ｜ Calling on_part_data with data[151:1109]
2023-04-08 20:53:54,910 ｜ DEBUG ｜ multipart.py ｜ callback ｜ 583 ｜ Calling on_part_data with data[0:2]
2023-04-08 20:53:54,910 ｜ DEBUG ｜ multipart.py ｜ callback ｜ 586 ｜ Calling on_part_end with no data
2023-04-08 20:53:54,910 ｜ DEBUG ｜ multipart.py ｜ callback ｜ 586 ｜ Calling on_end with no data
2023-04-08 20:53:55,094 ｜ DEBUG ｜ milvus_helpers.py ｜ create_collection ｜ 48 ｜ Create Milvus collection: <Collection>:
-------------
<name>: milvus_qa
<partitions>: [{"name": "_default", "collection_name": "milvus_qa", "description": ""}]
<description>: collection description
<schema>: {
  auto_id: True
  description: collection description
  fields: [{
    name: id
    description: 
    type: 5
    is_primary: True
    auto_id: True
  }, {
    name: embedding
    description: 
    type: 101
    params: {'dim': 768}
  }]
}

2023-04-08 20:53:55,637 ｜ DEBUG ｜ milvus_helpers.py ｜ insert ｜ 63 ｜ Insert vectors to Milvus in collection: milvus_qa with 4 rows
2023-04-08 20:53:58,188 ｜ DEBUG ｜ milvus_helpers.py ｜ create_index ｜ 76 ｜ Successfully create index in collection:milvus_qa with param:{'index_type': 'IVF_SQ8', 'metric_type': 'IP', 'params': {'nlist': 16384}}
2023-04-08 20:53:58,206 ｜ DEBUG ｜ mysql_helpers.py ｜ create_mysql_table ｜ 35 ｜ MYSQL create table: milvus_qa with sql: create table if not exists milvus_qa (milvus_id TEXT, question TEXT, answer TEXT)ENGINE=InnoDB DEFAULT CHARSET=utf8;
2023-04-08 20:53:58,212 ｜ DEBUG ｜ mysql_helpers.py ｜ load_data_to_mysql ｜ 48 ｜ MYSQL loads data to table: milvus_qa successfully
2023-04-08 20:53:58,213 ｜ INFO ｜ main.py ｜ do_load_api ｜ 48 ｜ Successfully loaded data, total count: 4
2023-04-08 21:01:01,265 ｜ DEBUG ｜ mysql_helpers.py ｜ search_by_question ｜ 73 ｜ MYSQL search by question.
2023-04-08 21:02:45,401 ｜ DEBUG ｜ mysql_helpers.py ｜ search_by_question ｜ 73 ｜ MYSQL search by question.
2023-04-08 21:03:45,945 ｜ DEBUG ｜ mysql_helpers.py ｜ search_by_question ｜ 73 ｜ MYSQL search by question.
2023-04-08 21:09:32,753 ｜ INFO ｜ SentenceTransformer.py ｜ __init__ ｜ 41 ｜ Load pretrained SentenceTransformer: models/paraphrase-multilingual-mpnet-base-v2
2023-04-08 21:09:32,754 ｜ INFO ｜ SentenceTransformer.py ｜ __init__ ｜ 107 ｜ Load SentenceTransformer from folder: models/paraphrase-multilingual-mpnet-base-v2
2023-04-08 21:09:36,713 ｜ INFO ｜ SentenceTransformer.py ｜ __init__ ｜ 131 ｜ Use pytorch device: cpu
2023-04-08 21:09:36,721 ｜ DEBUG ｜ milvus_helpers.py ｜ __init__ ｜ 15 ｜ Successfully connect to Milvus with IP:('127.0.0.1',) and PORT:19530
2023-04-08 21:09:36,740 ｜ DEBUG ｜ selector_events.py ｜ __init__ ｜ 54 ｜ Using selector: EpollSelector
2023-04-08 21:09:55,270 ｜ DEBUG ｜ multipart.py ｜ callback ｜ 586 ｜ Calling on_part_begin with no data
2023-04-08 21:09:55,271 ｜ DEBUG ｜ multipart.py ｜ callback ｜ 583 ｜ Calling on_header_field with data[60:79]
2023-04-08 21:09:55,271 ｜ DEBUG ｜ multipart.py ｜ callback ｜ 583 ｜ Calling on_header_value with data[81:124]
2023-04-08 21:09:55,271 ｜ DEBUG ｜ multipart.py ｜ callback ｜ 586 ｜ Calling on_header_end with no data
2023-04-08 21:09:55,271 ｜ DEBUG ｜ multipart.py ｜ callback ｜ 583 ｜ Calling on_header_field with data[126:138]
2023-04-08 21:09:55,271 ｜ DEBUG ｜ multipart.py ｜ callback ｜ 583 ｜ Calling on_header_value with data[140:148]
2023-04-08 21:09:55,271 ｜ DEBUG ｜ multipart.py ｜ callback ｜ 586 ｜ Calling on_header_end with no data
2023-04-08 21:09:55,272 ｜ DEBUG ｜ multipart.py ｜ callback ｜ 586 ｜ Calling on_headers_finished with no data
2023-04-08 21:09:55,272 ｜ DEBUG ｜ multipart.py ｜ callback ｜ 583 ｜ Calling on_part_data with data[152:1110]
2023-04-08 21:09:55,272 ｜ DEBUG ｜ multipart.py ｜ callback ｜ 583 ｜ Calling on_part_data with data[0:2]
2023-04-08 21:09:55,273 ｜ DEBUG ｜ multipart.py ｜ callback ｜ 586 ｜ Calling on_part_end with no data
2023-04-08 21:09:55,273 ｜ DEBUG ｜ multipart.py ｜ callback ｜ 586 ｜ Calling on_end with no data
2023-04-08 21:09:55,501 ｜ DEBUG ｜ milvus_helpers.py ｜ insert ｜ 63 ｜ Insert vectors to Milvus in collection: milvus_qa with 4 rows
2023-04-08 21:09:58,546 ｜ DEBUG ｜ milvus_helpers.py ｜ create_index ｜ 76 ｜ Successfully create index in collection:milvus_qa with param:{'index_type': 'IVF_SQ8', 'metric_type': 'IP', 'params': {'nlist': 16384}}
2023-04-08 21:09:58,548 ｜ DEBUG ｜ mysql_helpers.py ｜ create_mysql_table ｜ 35 ｜ MYSQL create table: milvus_qa with sql: create table if not exists milvus_qa (milvus_id TEXT, question TEXT, answer TEXT)ENGINE=InnoDB DEFAULT CHARSET=utf8;
2023-04-08 21:09:58,553 ｜ DEBUG ｜ mysql_helpers.py ｜ load_data_to_mysql ｜ 48 ｜ MYSQL loads data to table: milvus_qa successfully
2023-04-08 21:09:58,553 ｜ INFO ｜ main.py ｜ do_load_api ｜ 48 ｜ Successfully loaded data, total count: 4
2023-04-08 21:16:24,871 ｜ DEBUG ｜ mysql_helpers.py ｜ search_by_question ｜ 73 ｜ MYSQL search by question.
2023-04-08 21:20:33,411 ｜ ERROR ｜ mysql_helpers.py ｜ search_by_question ｜ 79 ｜ MYSQL ERROR: (1146, "Table 'mysql.QA' doesn't exist") with sql: select answer from QA where question = '老师无法注册';
2023-04-08 21:20:59,931 ｜ ERROR ｜ mysql_helpers.py ｜ search_by_question ｜ 79 ｜ MYSQL ERROR: (1146, "Table 'mysql.QA' doesn't exist") with sql: select answer from QA where question = '老师无法注册';
2023-04-08 21:23:46,730 ｜ DEBUG ｜ multipart.py ｜ callback ｜ 586 ｜ Calling on_part_begin with no data
2023-04-08 21:23:46,731 ｜ DEBUG ｜ multipart.py ｜ callback ｜ 583 ｜ Calling on_header_field with data[61:80]
2023-04-08 21:23:46,731 ｜ DEBUG ｜ multipart.py ｜ callback ｜ 583 ｜ Calling on_header_value with data[82:125]
2023-04-08 21:23:46,731 ｜ DEBUG ｜ multipart.py ｜ callback ｜ 586 ｜ Calling on_header_end with no data
2023-04-08 21:23:46,731 ｜ DEBUG ｜ multipart.py ｜ callback ｜ 583 ｜ Calling on_header_field with data[127:139]
2023-04-08 21:23:46,731 ｜ DEBUG ｜ multipart.py ｜ callback ｜ 583 ｜ Calling on_header_value with data[141:149]
2023-04-08 21:23:46,731 ｜ DEBUG ｜ multipart.py ｜ callback ｜ 586 ｜ Calling on_header_end with no data
2023-04-08 21:23:46,731 ｜ DEBUG ｜ multipart.py ｜ callback ｜ 586 ｜ Calling on_headers_finished with no data
2023-04-08 21:23:46,731 ｜ DEBUG ｜ multipart.py ｜ callback ｜ 583 ｜ Calling on_part_data with data[153:1111]
2023-04-08 21:23:46,732 ｜ DEBUG ｜ multipart.py ｜ callback ｜ 583 ｜ Calling on_part_data with data[0:2]
2023-04-08 21:23:46,732 ｜ DEBUG ｜ multipart.py ｜ callback ｜ 586 ｜ Calling on_part_end with no data
2023-04-08 21:23:46,732 ｜ DEBUG ｜ multipart.py ｜ callback ｜ 586 ｜ Calling on_end with no data
2023-04-08 21:23:47,047 ｜ DEBUG ｜ milvus_helpers.py ｜ insert ｜ 63 ｜ Insert vectors to Milvus in collection: milvus_qa with 4 rows
2023-04-08 21:23:50,101 ｜ DEBUG ｜ milvus_helpers.py ｜ create_index ｜ 76 ｜ Successfully create index in collection:milvus_qa with param:{'index_type': 'IVF_SQ8', 'metric_type': 'IP', 'params': {'nlist': 16384}}
2023-04-08 21:23:50,103 ｜ DEBUG ｜ mysql_helpers.py ｜ create_mysql_table ｜ 35 ｜ MYSQL create table: milvus_qa with sql: create table if not exists milvus_qa (milvus_id TEXT, question TEXT, answer TEXT)ENGINE=InnoDB DEFAULT CHARSET=utf8;
2023-04-08 21:23:50,111 ｜ DEBUG ｜ mysql_helpers.py ｜ load_data_to_mysql ｜ 48 ｜ MYSQL loads data to table: milvus_qa successfully
2023-04-08 21:23:50,112 ｜ INFO ｜ main.py ｜ do_load_api ｜ 48 ｜ Successfully loaded data, total count: 4
2023-04-08 21:24:13,246 ｜ DEBUG ｜ mysql_helpers.py ｜ search_by_question ｜ 73 ｜ MYSQL search by question.
2023-04-08 21:27:09,267 ｜ DEBUG ｜ mysql_helpers.py ｜ search_by_question ｜ 73 ｜ MYSQL search by question.
2023-04-08 21:29:39,121 ｜ DEBUG ｜ mysql_helpers.py ｜ search_by_question ｜ 73 ｜ MYSQL search by question.
2023-04-08 21:36:24,963 ｜ DEBUG ｜ multipart.py ｜ callback ｜ 586 ｜ Calling on_part_begin with no data
2023-04-08 21:36:24,964 ｜ DEBUG ｜ multipart.py ｜ callback ｜ 583 ｜ Calling on_header_field with data[60:79]
2023-04-08 21:36:24,964 ｜ DEBUG ｜ multipart.py ｜ callback ｜ 583 ｜ Calling on_header_value with data[81:126]
2023-04-08 21:36:24,964 ｜ DEBUG ｜ multipart.py ｜ callback ｜ 586 ｜ Calling on_header_end with no data
2023-04-08 21:36:24,964 ｜ DEBUG ｜ multipart.py ｜ callback ｜ 583 ｜ Calling on_header_field with data[128:140]
2023-04-08 21:36:24,965 ｜ DEBUG ｜ multipart.py ｜ callback ｜ 583 ｜ Calling on_header_value with data[142:150]
2023-04-08 21:36:24,965 ｜ DEBUG ｜ multipart.py ｜ callback ｜ 586 ｜ Calling on_header_end with no data
2023-04-08 21:36:24,965 ｜ DEBUG ｜ multipart.py ｜ callback ｜ 586 ｜ Calling on_headers_finished with no data
2023-04-08 21:36:24,966 ｜ DEBUG ｜ multipart.py ｜ callback ｜ 583 ｜ Calling on_part_data with data[154:21768]
2023-04-08 21:36:24,966 ｜ DEBUG ｜ multipart.py ｜ callback ｜ 583 ｜ Calling on_part_data with data[0:2]
2023-04-08 21:36:24,966 ｜ DEBUG ｜ multipart.py ｜ callback ｜ 586 ｜ Calling on_part_end with no data
2023-04-08 21:36:24,966 ｜ DEBUG ｜ multipart.py ｜ callback ｜ 586 ｜ Calling on_end with no data
2023-04-08 21:36:24,975 ｜ ERROR ｜ load.py ｜ extract_features ｜ 21 ｜  Error with extracting feature from question 'question'
2023-04-08 21:38:10,299 ｜ DEBUG ｜ multipart.py ｜ callback ｜ 586 ｜ Calling on_part_begin with no data
2023-04-08 21:38:10,299 ｜ DEBUG ｜ multipart.py ｜ callback ｜ 583 ｜ Calling on_header_field with data[61:80]
2023-04-08 21:38:10,300 ｜ DEBUG ｜ multipart.py ｜ callback ｜ 583 ｜ Calling on_header_value with data[82:127]
2023-04-08 21:38:10,300 ｜ DEBUG ｜ multipart.py ｜ callback ｜ 586 ｜ Calling on_header_end with no data
2023-04-08 21:38:10,300 ｜ DEBUG ｜ multipart.py ｜ callback ｜ 583 ｜ Calling on_header_field with data[129:141]
2023-04-08 21:38:10,300 ｜ DEBUG ｜ multipart.py ｜ callback ｜ 583 ｜ Calling on_header_value with data[143:151]
2023-04-08 21:38:10,300 ｜ DEBUG ｜ multipart.py ｜ callback ｜ 586 ｜ Calling on_header_end with no data
2023-04-08 21:38:10,300 ｜ DEBUG ｜ multipart.py ｜ callback ｜ 586 ｜ Calling on_headers_finished with no data
2023-04-08 21:38:10,301 ｜ DEBUG ｜ multipart.py ｜ callback ｜ 583 ｜ Calling on_part_data with data[155:21775]
2023-04-08 21:38:10,301 ｜ DEBUG ｜ multipart.py ｜ callback ｜ 583 ｜ Calling on_part_data with data[0:2]
2023-04-08 21:38:10,301 ｜ DEBUG ｜ multipart.py ｜ callback ｜ 586 ｜ Calling on_part_end with no data
2023-04-08 21:38:10,301 ｜ DEBUG ｜ multipart.py ｜ callback ｜ 586 ｜ Calling on_end with no data
2023-04-08 21:38:11,606 ｜ DEBUG ｜ milvus_helpers.py ｜ insert ｜ 63 ｜ Insert vectors to Milvus in collection: milvus_qa with 137 rows
2023-04-08 21:38:14,658 ｜ DEBUG ｜ milvus_helpers.py ｜ create_index ｜ 76 ｜ Successfully create index in collection:milvus_qa with param:{'index_type': 'IVF_SQ8', 'metric_type': 'IP', 'params': {'nlist': 16384}}
2023-04-08 21:38:14,660 ｜ DEBUG ｜ mysql_helpers.py ｜ create_mysql_table ｜ 35 ｜ MYSQL create table: milvus_qa with sql: create table if not exists milvus_qa (milvus_id TEXT, question TEXT, answer TEXT)ENGINE=InnoDB DEFAULT CHARSET=utf8;
2023-04-08 21:38:14,664 ｜ ERROR ｜ mysql_helpers.py ｜ load_data_to_mysql ｜ 50 ｜ MYSQL ERROR: nan can not be used with MySQL with sql: insert into milvus_qa (milvus_id,question,answer) values (%s,%s,%s);
2023-04-08 21:38:40,787 ｜ INFO ｜ SentenceTransformer.py ｜ __init__ ｜ 41 ｜ Load pretrained SentenceTransformer: models/paraphrase-multilingual-mpnet-base-v2
2023-04-08 21:38:40,788 ｜ INFO ｜ SentenceTransformer.py ｜ __init__ ｜ 107 ｜ Load SentenceTransformer from folder: models/paraphrase-multilingual-mpnet-base-v2
2023-04-08 21:38:44,547 ｜ INFO ｜ SentenceTransformer.py ｜ __init__ ｜ 131 ｜ Use pytorch device: cpu
2023-04-08 21:38:44,553 ｜ DEBUG ｜ milvus_helpers.py ｜ __init__ ｜ 15 ｜ Successfully connect to Milvus with IP:('127.0.0.1',) and PORT:19530
2023-04-08 21:38:44,578 ｜ DEBUG ｜ selector_events.py ｜ __init__ ｜ 54 ｜ Using selector: EpollSelector
2023-04-08 21:40:58,018 ｜ INFO ｜ SentenceTransformer.py ｜ __init__ ｜ 41 ｜ Load pretrained SentenceTransformer: models/paraphrase-multilingual-mpnet-base-v2
2023-04-08 21:40:58,018 ｜ INFO ｜ SentenceTransformer.py ｜ __init__ ｜ 107 ｜ Load SentenceTransformer from folder: models/paraphrase-multilingual-mpnet-base-v2
2023-04-08 21:41:01,838 ｜ INFO ｜ SentenceTransformer.py ｜ __init__ ｜ 131 ｜ Use pytorch device: cpu
2023-04-08 21:41:01,846 ｜ DEBUG ｜ milvus_helpers.py ｜ __init__ ｜ 15 ｜ Successfully connect to Milvus with IP:('127.0.0.1',) and PORT:19530
2023-04-08 21:41:01,866 ｜ DEBUG ｜ selector_events.py ｜ __init__ ｜ 54 ｜ Using selector: EpollSelector
2023-04-08 21:41:42,154 ｜ DEBUG ｜ multipart.py ｜ callback ｜ 586 ｜ Calling on_part_begin with no data
2023-04-08 21:41:42,155 ｜ DEBUG ｜ multipart.py ｜ callback ｜ 583 ｜ Calling on_header_field with data[61:80]
2023-04-08 21:41:42,155 ｜ DEBUG ｜ multipart.py ｜ callback ｜ 583 ｜ Calling on_header_value with data[82:127]
2023-04-08 21:41:42,155 ｜ DEBUG ｜ multipart.py ｜ callback ｜ 586 ｜ Calling on_header_end with no data
2023-04-08 21:41:42,155 ｜ DEBUG ｜ multipart.py ｜ callback ｜ 583 ｜ Calling on_header_field with data[129:141]
2023-04-08 21:41:42,156 ｜ DEBUG ｜ multipart.py ｜ callback ｜ 583 ｜ Calling on_header_value with data[143:151]
2023-04-08 21:41:42,156 ｜ DEBUG ｜ multipart.py ｜ callback ｜ 586 ｜ Calling on_header_end with no data
2023-04-08 21:41:42,156 ｜ DEBUG ｜ multipart.py ｜ callback ｜ 586 ｜ Calling on_headers_finished with no data
2023-04-08 21:41:42,156 ｜ DEBUG ｜ multipart.py ｜ callback ｜ 583 ｜ Calling on_part_data with data[155:21775]
2023-04-08 21:41:42,157 ｜ DEBUG ｜ multipart.py ｜ callback ｜ 583 ｜ Calling on_part_data with data[0:2]
2023-04-08 21:41:42,157 ｜ DEBUG ｜ multipart.py ｜ callback ｜ 586 ｜ Calling on_part_end with no data
2023-04-08 21:41:42,157 ｜ DEBUG ｜ multipart.py ｜ callback ｜ 586 ｜ Calling on_end with no data
2023-04-08 21:41:43,507 ｜ DEBUG ｜ milvus_helpers.py ｜ insert ｜ 63 ｜ Insert vectors to Milvus in collection: milvus_qa with 137 rows
2023-04-08 21:41:46,563 ｜ DEBUG ｜ milvus_helpers.py ｜ create_index ｜ 76 ｜ Successfully create index in collection:milvus_qa with param:{'index_type': 'IVF_SQ8', 'metric_type': 'IP', 'params': {'nlist': 16384}}
2023-04-08 21:41:46,566 ｜ DEBUG ｜ mysql_helpers.py ｜ create_mysql_table ｜ 35 ｜ MYSQL create table: milvus_qa with sql: create table if not exists milvus_qa (milvus_id TEXT, question TEXT, answer TEXT)ENGINE=InnoDB DEFAULT CHARSET=utf8;
2023-04-08 21:41:46,571 ｜ ERROR ｜ mysql_helpers.py ｜ load_data_to_mysql ｜ 50 ｜ MYSQL ERROR: nan can not be used with MySQL with sql: insert into milvus_qa (milvus_id,question,answer) values (%s,%s,%s);
2023-04-08 21:42:10,781 ｜ DEBUG ｜ multipart.py ｜ callback ｜ 586 ｜ Calling on_part_begin with no data
2023-04-08 21:42:10,782 ｜ DEBUG ｜ multipart.py ｜ callback ｜ 583 ｜ Calling on_header_field with data[60:79]
2023-04-08 21:42:10,782 ｜ DEBUG ｜ multipart.py ｜ callback ｜ 583 ｜ Calling on_header_value with data[81:124]
2023-04-08 21:42:10,782 ｜ DEBUG ｜ multipart.py ｜ callback ｜ 586 ｜ Calling on_header_end with no data
2023-04-08 21:42:10,782 ｜ DEBUG ｜ multipart.py ｜ callback ｜ 583 ｜ Calling on_header_field with data[126:138]
2023-04-08 21:42:10,783 ｜ DEBUG ｜ multipart.py ｜ callback ｜ 583 ｜ Calling on_header_value with data[140:148]
2023-04-08 21:42:10,783 ｜ DEBUG ｜ multipart.py ｜ callback ｜ 586 ｜ Calling on_header_end with no data
2023-04-08 21:42:10,783 ｜ DEBUG ｜ multipart.py ｜ callback ｜ 586 ｜ Calling on_headers_finished with no data
2023-04-08 21:42:10,783 ｜ DEBUG ｜ multipart.py ｜ callback ｜ 583 ｜ Calling on_part_data with data[152:1110]
2023-04-08 21:42:10,783 ｜ DEBUG ｜ multipart.py ｜ callback ｜ 583 ｜ Calling on_part_data with data[0:2]
2023-04-08 21:42:10,784 ｜ DEBUG ｜ multipart.py ｜ callback ｜ 586 ｜ Calling on_part_end with no data
2023-04-08 21:42:10,784 ｜ DEBUG ｜ multipart.py ｜ callback ｜ 586 ｜ Calling on_end with no data
2023-04-08 21:42:10,907 ｜ DEBUG ｜ milvus_helpers.py ｜ insert ｜ 63 ｜ Insert vectors to Milvus in collection: milvus_qa with 4 rows
2023-04-08 21:42:13,963 ｜ DEBUG ｜ milvus_helpers.py ｜ create_index ｜ 76 ｜ Successfully create index in collection:milvus_qa with param:{'index_type': 'IVF_SQ8', 'metric_type': 'IP', 'params': {'nlist': 16384}}
2023-04-08 21:42:13,964 ｜ DEBUG ｜ mysql_helpers.py ｜ create_mysql_table ｜ 35 ｜ MYSQL create table: milvus_qa with sql: create table if not exists milvus_qa (milvus_id TEXT, question TEXT, answer TEXT)ENGINE=InnoDB DEFAULT CHARSET=utf8;
2023-04-08 21:42:13,973 ｜ DEBUG ｜ mysql_helpers.py ｜ load_data_to_mysql ｜ 48 ｜ MYSQL loads data to table: milvus_qa successfully
2023-04-08 21:42:13,974 ｜ INFO ｜ main.py ｜ do_load_api ｜ 48 ｜ Successfully loaded data, total count: 4
2023-04-08 21:42:43,740 ｜ ERROR ｜ search.py ｜ do_get_answer ｜ 33 ｜  Error with search by question : name 'model' is not defined
2023-04-08 21:45:10,713 ｜ DEBUG ｜ milvus_helpers.py ｜ search_vectors ｜ 103 ｜ Successfully search in collection: ["['(distance: 0.7946963310241699, id: 440653167998009548)', '(distance: 0.7946963310241699, id: 440653167998009701)', '(distance: 0.6979581117630005, id: 440653167998009480)', '(distance: 0.6979581117630005, id: 440653167998009633)', '(distance: 0.6966021060943604, id: 440653167998009696)', '(distance: 0.6966021060943604, id: 440653167998009543)', '(distance: 0.6873024702072144, id: 440653167998009699)', '(distance: 0.6873024702072144, id: 440653167998009546)', '(distance: 0.684576153755188, id: 440653167998009723)', '(distance: 0.684576153755188, id: 440653167998009377)']"]
2023-04-08 21:45:10,715 ｜ DEBUG ｜ mysql_helpers.py ｜ search_by_milvus_ids ｜ 62 ｜ MYSQL search by milvus id.
2023-04-08 21:45:10,715 ｜ INFO ｜ main.py ｜ do_get_question_api ｜ 61 ｜ Successfully searched similar images!
2023-04-08 21:51:25,588 ｜ DEBUG ｜ multipart.py ｜ callback ｜ 586 ｜ Calling on_part_begin with no data
2023-04-08 21:51:25,589 ｜ DEBUG ｜ multipart.py ｜ callback ｜ 583 ｜ Calling on_header_field with data[61:80]
2023-04-08 21:51:25,589 ｜ DEBUG ｜ multipart.py ｜ callback ｜ 583 ｜ Calling on_header_value with data[82:127]
2023-04-08 21:51:25,589 ｜ DEBUG ｜ multipart.py ｜ callback ｜ 586 ｜ Calling on_header_end with no data
2023-04-08 21:51:25,589 ｜ DEBUG ｜ multipart.py ｜ callback ｜ 583 ｜ Calling on_header_field with data[129:141]
2023-04-08 21:51:25,590 ｜ DEBUG ｜ multipart.py ｜ callback ｜ 583 ｜ Calling on_header_value with data[143:151]
2023-04-08 21:51:25,590 ｜ DEBUG ｜ multipart.py ｜ callback ｜ 586 ｜ Calling on_header_end with no data
2023-04-08 21:51:25,590 ｜ DEBUG ｜ multipart.py ｜ callback ｜ 586 ｜ Calling on_headers_finished with no data
2023-04-08 21:51:25,591 ｜ DEBUG ｜ multipart.py ｜ callback ｜ 583 ｜ Calling on_part_data with data[155:21775]
2023-04-08 21:51:25,591 ｜ DEBUG ｜ multipart.py ｜ callback ｜ 583 ｜ Calling on_part_data with data[0:2]
2023-04-08 21:51:25,591 ｜ DEBUG ｜ multipart.py ｜ callback ｜ 586 ｜ Calling on_part_end with no data
2023-04-08 21:51:25,591 ｜ DEBUG ｜ multipart.py ｜ callback ｜ 586 ｜ Calling on_end with no data
2023-04-08 21:51:26,727 ｜ DEBUG ｜ milvus_helpers.py ｜ insert ｜ 63 ｜ Insert vectors to Milvus in collection: milvus_qa with 137 rows
2023-04-08 21:51:30,286 ｜ DEBUG ｜ milvus_helpers.py ｜ create_index ｜ 76 ｜ Successfully create index in collection:milvus_qa with param:{'index_type': 'IVF_SQ8', 'metric_type': 'IP', 'params': {'nlist': 16384}}
2023-04-08 21:51:30,288 ｜ DEBUG ｜ mysql_helpers.py ｜ create_mysql_table ｜ 35 ｜ MYSQL create table: milvus_qa with sql: create table if not exists milvus_qa (milvus_id TEXT, question TEXT, answer TEXT)ENGINE=InnoDB DEFAULT CHARSET=utf8;
2023-04-08 21:51:30,291 ｜ ERROR ｜ mysql_helpers.py ｜ load_data_to_mysql ｜ 50 ｜ MYSQL ERROR: nan can not be used with MySQL with sql: insert into milvus_qa (milvus_id,question,answer) values (%s,%s,%s);
2023-04-08 21:51:50,321 ｜ INFO ｜ SentenceTransformer.py ｜ __init__ ｜ 41 ｜ Load pretrained SentenceTransformer: models/paraphrase-multilingual-mpnet-base-v2
2023-04-08 21:51:50,321 ｜ INFO ｜ SentenceTransformer.py ｜ __init__ ｜ 107 ｜ Load SentenceTransformer from folder: models/paraphrase-multilingual-mpnet-base-v2
2023-04-08 21:51:54,181 ｜ INFO ｜ SentenceTransformer.py ｜ __init__ ｜ 131 ｜ Use pytorch device: cpu
2023-04-08 21:51:54,190 ｜ DEBUG ｜ milvus_helpers.py ｜ __init__ ｜ 15 ｜ Successfully connect to Milvus with IP:('127.0.0.1',) and PORT:19530
2023-04-08 21:51:54,200 ｜ DEBUG ｜ selector_events.py ｜ __init__ ｜ 54 ｜ Using selector: EpollSelector
2023-04-08 21:53:01,339 ｜ DEBUG ｜ multipart.py ｜ callback ｜ 586 ｜ Calling on_part_begin with no data
2023-04-08 21:53:01,339 ｜ DEBUG ｜ multipart.py ｜ callback ｜ 583 ｜ Calling on_header_field with data[59:78]
2023-04-08 21:53:01,340 ｜ DEBUG ｜ multipart.py ｜ callback ｜ 583 ｜ Calling on_header_value with data[80:125]
2023-04-08 21:53:01,340 ｜ DEBUG ｜ multipart.py ｜ callback ｜ 586 ｜ Calling on_header_end with no data
2023-04-08 21:53:01,340 ｜ DEBUG ｜ multipart.py ｜ callback ｜ 583 ｜ Calling on_header_field with data[127:139]
2023-04-08 21:53:01,340 ｜ DEBUG ｜ multipart.py ｜ callback ｜ 583 ｜ Calling on_header_value with data[141:149]
2023-04-08 21:53:01,340 ｜ DEBUG ｜ multipart.py ｜ callback ｜ 586 ｜ Calling on_header_end with no data
2023-04-08 21:53:01,340 ｜ DEBUG ｜ multipart.py ｜ callback ｜ 586 ｜ Calling on_headers_finished with no data
2023-04-08 21:53:01,341 ｜ DEBUG ｜ multipart.py ｜ callback ｜ 583 ｜ Calling on_part_data with data[153:21773]
2023-04-08 21:53:01,341 ｜ DEBUG ｜ multipart.py ｜ callback ｜ 583 ｜ Calling on_part_data with data[0:2]
2023-04-08 21:53:01,341 ｜ DEBUG ｜ multipart.py ｜ callback ｜ 586 ｜ Calling on_part_end with no data
2023-04-08 21:53:01,341 ｜ DEBUG ｜ multipart.py ｜ callback ｜ 586 ｜ Calling on_end with no data
2023-04-08 21:53:02,485 ｜ DEBUG ｜ milvus_helpers.py ｜ insert ｜ 63 ｜ Insert vectors to Milvus in collection: milvus_qa with 137 rows
2023-04-08 21:53:05,542 ｜ DEBUG ｜ milvus_helpers.py ｜ create_index ｜ 76 ｜ Successfully create index in collection:milvus_qa with param:{'index_type': 'IVF_SQ8', 'metric_type': 'IP', 'params': {'nlist': 16384}}
2023-04-08 21:53:05,544 ｜ DEBUG ｜ mysql_helpers.py ｜ create_mysql_table ｜ 35 ｜ MYSQL create table: milvus_qa with sql: create table if not exists milvus_qa (milvus_id TEXT, question TEXT, answer TEXT)ENGINE=InnoDB DEFAULT CHARSET=utf8;
2023-04-08 21:53:05,548 ｜ ERROR ｜ mysql_helpers.py ｜ load_data_to_mysql ｜ 50 ｜ MYSQL ERROR: nan can not be used with MySQL with sql: insert into milvus_qa (milvus_id,question,answer) values (%s,%s,%s);
2023-04-08 21:54:24,065 ｜ INFO ｜ SentenceTransformer.py ｜ __init__ ｜ 41 ｜ Load pretrained SentenceTransformer: models/paraphrase-multilingual-mpnet-base-v2
2023-04-08 21:54:24,065 ｜ INFO ｜ SentenceTransformer.py ｜ __init__ ｜ 107 ｜ Load SentenceTransformer from folder: models/paraphrase-multilingual-mpnet-base-v2
2023-04-08 21:54:27,941 ｜ INFO ｜ SentenceTransformer.py ｜ __init__ ｜ 131 ｜ Use pytorch device: cpu
2023-04-08 21:54:27,950 ｜ DEBUG ｜ milvus_helpers.py ｜ __init__ ｜ 15 ｜ Successfully connect to Milvus with IP:('127.0.0.1',) and PORT:19530
2023-04-08 21:54:27,970 ｜ DEBUG ｜ selector_events.py ｜ __init__ ｜ 54 ｜ Using selector: EpollSelector
2023-04-08 21:56:18,111 ｜ INFO ｜ SentenceTransformer.py ｜ __init__ ｜ 41 ｜ Load pretrained SentenceTransformer: models/paraphrase-multilingual-mpnet-base-v2
2023-04-08 21:56:18,111 ｜ INFO ｜ SentenceTransformer.py ｜ __init__ ｜ 107 ｜ Load SentenceTransformer from folder: models/paraphrase-multilingual-mpnet-base-v2
2023-04-08 21:56:21,944 ｜ INFO ｜ SentenceTransformer.py ｜ __init__ ｜ 131 ｜ Use pytorch device: cpu
2023-04-08 21:56:21,953 ｜ DEBUG ｜ milvus_helpers.py ｜ __init__ ｜ 15 ｜ Successfully connect to Milvus with IP:('127.0.0.1',) and PORT:19530
2023-04-08 21:56:21,975 ｜ DEBUG ｜ selector_events.py ｜ __init__ ｜ 54 ｜ Using selector: EpollSelector
2023-04-08 21:56:47,647 ｜ DEBUG ｜ multipart.py ｜ callback ｜ 586 ｜ Calling on_part_begin with no data
2023-04-08 21:56:47,647 ｜ DEBUG ｜ multipart.py ｜ callback ｜ 583 ｜ Calling on_header_field with data[61:80]
2023-04-08 21:56:47,647 ｜ DEBUG ｜ multipart.py ｜ callback ｜ 583 ｜ Calling on_header_value with data[82:127]
2023-04-08 21:56:47,647 ｜ DEBUG ｜ multipart.py ｜ callback ｜ 586 ｜ Calling on_header_end with no data
2023-04-08 21:56:47,648 ｜ DEBUG ｜ multipart.py ｜ callback ｜ 583 ｜ Calling on_header_field with data[129:141]
2023-04-08 21:56:47,648 ｜ DEBUG ｜ multipart.py ｜ callback ｜ 583 ｜ Calling on_header_value with data[143:151]
2023-04-08 21:56:47,648 ｜ DEBUG ｜ multipart.py ｜ callback ｜ 586 ｜ Calling on_header_end with no data
2023-04-08 21:56:47,648 ｜ DEBUG ｜ multipart.py ｜ callback ｜ 586 ｜ Calling on_headers_finished with no data
2023-04-08 21:56:47,649 ｜ DEBUG ｜ multipart.py ｜ callback ｜ 583 ｜ Calling on_part_data with data[155:21775]
2023-04-08 21:56:47,649 ｜ DEBUG ｜ multipart.py ｜ callback ｜ 583 ｜ Calling on_part_data with data[0:2]
2023-04-08 21:56:47,649 ｜ DEBUG ｜ multipart.py ｜ callback ｜ 586 ｜ Calling on_part_end with no data
2023-04-08 21:56:47,649 ｜ DEBUG ｜ multipart.py ｜ callback ｜ 586 ｜ Calling on_end with no data
2023-04-08 21:56:48,969 ｜ DEBUG ｜ milvus_helpers.py ｜ insert ｜ 63 ｜ Insert vectors to Milvus in collection: milvus_qa with 137 rows
2023-04-08 21:56:52,534 ｜ DEBUG ｜ milvus_helpers.py ｜ create_index ｜ 76 ｜ Successfully create index in collection:milvus_qa with param:{'index_type': 'IVF_SQ8', 'metric_type': 'IP', 'params': {'nlist': 16384}}
2023-04-08 21:56:52,536 ｜ DEBUG ｜ mysql_helpers.py ｜ create_mysql_table ｜ 35 ｜ MYSQL create table: milvus_qa with sql: create table if not exists milvus_qa (milvus_id TEXT, question TEXT, answer TEXT)ENGINE=InnoDB DEFAULT CHARSET=utf8;
2023-04-08 21:56:52,543 ｜ ERROR ｜ mysql_helpers.py ｜ load_data_to_mysql ｜ 50 ｜ MYSQL ERROR: nan can not be used with MySQL with sql: insert into milvus_qa (milvus_id,question,answer) values (%s,%s,%s);
2023-04-08 21:59:20,431 ｜ DEBUG ｜ multipart.py ｜ callback ｜ 586 ｜ Calling on_part_begin with no data
2023-04-08 21:59:20,431 ｜ DEBUG ｜ multipart.py ｜ callback ｜ 583 ｜ Calling on_header_field with data[59:78]
2023-04-08 21:59:20,431 ｜ DEBUG ｜ multipart.py ｜ callback ｜ 583 ｜ Calling on_header_value with data[80:125]
2023-04-08 21:59:20,432 ｜ DEBUG ｜ multipart.py ｜ callback ｜ 586 ｜ Calling on_header_end with no data
2023-04-08 21:59:20,432 ｜ DEBUG ｜ multipart.py ｜ callback ｜ 583 ｜ Calling on_header_field with data[127:139]
2023-04-08 21:59:20,432 ｜ DEBUG ｜ multipart.py ｜ callback ｜ 583 ｜ Calling on_header_value with data[141:149]
2023-04-08 21:59:20,432 ｜ DEBUG ｜ multipart.py ｜ callback ｜ 586 ｜ Calling on_header_end with no data
2023-04-08 21:59:20,432 ｜ DEBUG ｜ multipart.py ｜ callback ｜ 586 ｜ Calling on_headers_finished with no data
2023-04-08 21:59:20,433 ｜ DEBUG ｜ multipart.py ｜ callback ｜ 583 ｜ Calling on_part_data with data[153:21776]
2023-04-08 21:59:20,433 ｜ DEBUG ｜ multipart.py ｜ callback ｜ 583 ｜ Calling on_part_data with data[0:2]
2023-04-08 21:59:20,433 ｜ DEBUG ｜ multipart.py ｜ callback ｜ 586 ｜ Calling on_part_end with no data
2023-04-08 21:59:20,433 ｜ DEBUG ｜ multipart.py ｜ callback ｜ 586 ｜ Calling on_end with no data
2023-04-08 21:59:21,576 ｜ DEBUG ｜ milvus_helpers.py ｜ insert ｜ 63 ｜ Insert vectors to Milvus in collection: milvus_qa with 137 rows
2023-04-08 21:59:25,124 ｜ DEBUG ｜ milvus_helpers.py ｜ create_index ｜ 76 ｜ Successfully create index in collection:milvus_qa with param:{'index_type': 'IVF_SQ8', 'metric_type': 'IP', 'params': {'nlist': 16384}}
2023-04-08 21:59:25,126 ｜ DEBUG ｜ mysql_helpers.py ｜ create_mysql_table ｜ 35 ｜ MYSQL create table: milvus_qa with sql: create table if not exists milvus_qa (milvus_id TEXT, question TEXT, answer TEXT)ENGINE=InnoDB DEFAULT CHARSET=utf8;
2023-04-08 21:59:25,147 ｜ DEBUG ｜ mysql_helpers.py ｜ load_data_to_mysql ｜ 48 ｜ MYSQL loads data to table: milvus_qa successfully
2023-04-08 21:59:25,152 ｜ INFO ｜ main.py ｜ do_load_api ｜ 48 ｜ Successfully loaded data, total count: 137
2023-04-08 22:00:10,733 ｜ ERROR ｜ main.py ｜ do_get_answer_api ｜ 74 ｜ do_get_answer() missing 2 required positional arguments: 'milvus_client' and 'mysql_cli'
2023-04-08 22:00:55,684 ｜ ERROR ｜ main.py ｜ do_get_answer_api ｜ 74 ｜ do_get_answer() missing 2 required positional arguments: 'milvus_client' and 'mysql_cli'
2023-04-08 22:00:59,271 ｜ ERROR ｜ main.py ｜ do_get_answer_api ｜ 74 ｜ do_get_answer() missing 2 required positional arguments: 'milvus_client' and 'mysql_cli'
2023-04-08 22:08:42,708 ｜ ERROR ｜ main.py ｜ do_get_answer_api ｜ 74 ｜ do_get_answer() missing 2 required positional arguments: 'milvus_client' and 'mysql_cli'
2023-04-08 22:10:16,170 ｜ ERROR ｜ main.py ｜ do_get_answer_api ｜ 74 ｜ do_get_answer() missing 2 required positional arguments: 'milvus_client' and 'mysql_cli'
2023-04-08 22:10:57,751 ｜ INFO ｜ SentenceTransformer.py ｜ __init__ ｜ 41 ｜ Load pretrained SentenceTransformer: models/paraphrase-multilingual-mpnet-base-v2
2023-04-08 22:10:57,751 ｜ INFO ｜ SentenceTransformer.py ｜ __init__ ｜ 107 ｜ Load SentenceTransformer from folder: models/paraphrase-multilingual-mpnet-base-v2
2023-04-08 22:11:01,568 ｜ INFO ｜ SentenceTransformer.py ｜ __init__ ｜ 131 ｜ Use pytorch device: cpu
2023-04-08 22:11:01,577 ｜ DEBUG ｜ milvus_helpers.py ｜ __init__ ｜ 15 ｜ Successfully connect to Milvus with IP:('127.0.0.1',) and PORT:19530
2023-04-08 22:11:01,587 ｜ DEBUG ｜ selector_events.py ｜ __init__ ｜ 54 ｜ Using selector: EpollSelector
2023-04-08 22:11:28,952 ｜ DEBUG ｜ multipart.py ｜ callback ｜ 586 ｜ Calling on_part_begin with no data
2023-04-08 22:11:28,952 ｜ DEBUG ｜ multipart.py ｜ callback ｜ 583 ｜ Calling on_header_field with data[61:80]
2023-04-08 22:11:28,953 ｜ DEBUG ｜ multipart.py ｜ callback ｜ 583 ｜ Calling on_header_value with data[82:127]
2023-04-08 22:11:28,953 ｜ DEBUG ｜ multipart.py ｜ callback ｜ 586 ｜ Calling on_header_end with no data
2023-04-08 22:11:28,953 ｜ DEBUG ｜ multipart.py ｜ callback ｜ 583 ｜ Calling on_header_field with data[129:141]
2023-04-08 22:11:28,953 ｜ DEBUG ｜ multipart.py ｜ callback ｜ 583 ｜ Calling on_header_value with data[143:151]
2023-04-08 22:11:28,953 ｜ DEBUG ｜ multipart.py ｜ callback ｜ 586 ｜ Calling on_header_end with no data
2023-04-08 22:11:28,953 ｜ DEBUG ｜ multipart.py ｜ callback ｜ 586 ｜ Calling on_headers_finished with no data
2023-04-08 22:11:28,954 ｜ DEBUG ｜ multipart.py ｜ callback ｜ 583 ｜ Calling on_part_data with data[155:21778]
2023-04-08 22:11:28,954 ｜ DEBUG ｜ multipart.py ｜ callback ｜ 583 ｜ Calling on_part_data with data[0:2]
2023-04-08 22:11:28,954 ｜ DEBUG ｜ multipart.py ｜ callback ｜ 586 ｜ Calling on_part_end with no data
2023-04-08 22:11:28,955 ｜ DEBUG ｜ multipart.py ｜ callback ｜ 586 ｜ Calling on_end with no data
2023-04-08 22:11:30,303 ｜ DEBUG ｜ milvus_helpers.py ｜ insert ｜ 63 ｜ Insert vectors to Milvus in collection: milvus_qa with 137 rows
2023-04-08 22:11:33,352 ｜ DEBUG ｜ milvus_helpers.py ｜ create_index ｜ 76 ｜ Successfully create index in collection:milvus_qa with param:{'index_type': 'IVF_SQ8', 'metric_type': 'IP', 'params': {'nlist': 16384}}
2023-04-08 22:11:33,354 ｜ DEBUG ｜ mysql_helpers.py ｜ create_mysql_table ｜ 35 ｜ MYSQL create table: milvus_qa with sql: create table if not exists milvus_qa (milvus_id TEXT, question TEXT, answer TEXT)ENGINE=InnoDB DEFAULT CHARSET=utf8;
2023-04-08 22:11:33,380 ｜ DEBUG ｜ mysql_helpers.py ｜ load_data_to_mysql ｜ 48 ｜ MYSQL loads data to table: milvus_qa successfully
2023-04-08 22:11:33,383 ｜ INFO ｜ main.py ｜ do_load_api ｜ 48 ｜ Successfully loaded data, total count: 137
2023-04-08 22:11:55,741 ｜ ERROR ｜ main.py ｜ do_get_answer_api ｜ 74 ｜ do_get_answer() missing 2 required positional arguments: 'milvus_client' and 'mysql_cli'
2023-04-08 22:13:43,359 ｜ ERROR ｜ main.py ｜ do_get_answer_api ｜ 74 ｜ do_get_answer() missing 2 required positional arguments: 'milvus_client' and 'mysql_cli'
2023-04-08 22:13:44,926 ｜ ERROR ｜ main.py ｜ do_get_answer_api ｜ 74 ｜ do_get_answer() missing 2 required positional arguments: 'milvus_client' and 'mysql_cli'
2023-04-08 22:13:49,961 ｜ ERROR ｜ main.py ｜ do_get_answer_api ｜ 74 ｜ do_get_answer() missing 2 required positional arguments: 'milvus_client' and 'mysql_cli'
2023-04-08 22:13:53,141 ｜ ERROR ｜ main.py ｜ do_get_answer_api ｜ 74 ｜ do_get_answer() missing 2 required positional arguments: 'milvus_client' and 'mysql_cli'
2023-04-08 22:13:53,472 ｜ ERROR ｜ main.py ｜ do_get_answer_api ｜ 74 ｜ do_get_answer() missing 2 required positional arguments: 'milvus_client' and 'mysql_cli'
2023-04-08 23:35:17,828 ｜ INFO ｜ SentenceTransformer.py ｜ __init__ ｜ 41 ｜ Load pretrained SentenceTransformer: models/paraphrase-multilingual-mpnet-base-v2
2023-04-08 23:35:17,829 ｜ INFO ｜ SentenceTransformer.py ｜ __init__ ｜ 107 ｜ Load SentenceTransformer from folder: models/paraphrase-multilingual-mpnet-base-v2
2023-04-08 23:35:22,226 ｜ INFO ｜ SentenceTransformer.py ｜ __init__ ｜ 131 ｜ Use pytorch device: cpu
2023-04-08 23:35:22,250 ｜ DEBUG ｜ milvus_helpers.py ｜ __init__ ｜ 15 ｜ Successfully connect to Milvus with IP:('127.0.0.1',) and PORT:19530
2023-04-08 23:35:22,274 ｜ DEBUG ｜ selector_events.py ｜ __init__ ｜ 54 ｜ Using selector: EpollSelector
2023-04-08 23:36:22,246 ｜ DEBUG ｜ multipart.py ｜ callback ｜ 586 ｜ Calling on_part_begin with no data
2023-04-08 23:36:22,246 ｜ DEBUG ｜ multipart.py ｜ callback ｜ 583 ｜ Calling on_header_field with data[61:80]
2023-04-08 23:36:22,246 ｜ DEBUG ｜ multipart.py ｜ callback ｜ 583 ｜ Calling on_header_value with data[82:127]
2023-04-08 23:36:22,247 ｜ DEBUG ｜ multipart.py ｜ callback ｜ 586 ｜ Calling on_header_end with no data
2023-04-08 23:36:22,247 ｜ DEBUG ｜ multipart.py ｜ callback ｜ 583 ｜ Calling on_header_field with data[129:141]
2023-04-08 23:36:22,247 ｜ DEBUG ｜ multipart.py ｜ callback ｜ 583 ｜ Calling on_header_value with data[143:151]
2023-04-08 23:36:22,247 ｜ DEBUG ｜ multipart.py ｜ callback ｜ 586 ｜ Calling on_header_end with no data
2023-04-08 23:36:22,247 ｜ DEBUG ｜ multipart.py ｜ callback ｜ 586 ｜ Calling on_headers_finished with no data
2023-04-08 23:36:22,248 ｜ DEBUG ｜ multipart.py ｜ callback ｜ 583 ｜ Calling on_part_data with data[155:21778]
2023-04-08 23:36:22,248 ｜ DEBUG ｜ multipart.py ｜ callback ｜ 583 ｜ Calling on_part_data with data[0:2]
2023-04-08 23:36:22,249 ｜ DEBUG ｜ multipart.py ｜ callback ｜ 586 ｜ Calling on_part_end with no data
2023-04-08 23:36:22,249 ｜ DEBUG ｜ multipart.py ｜ callback ｜ 586 ｜ Calling on_end with no data
2023-04-08 23:36:23,433 ｜ DEBUG ｜ milvus_helpers.py ｜ insert ｜ 63 ｜ Insert vectors to Milvus in collection: milvus_qa with 137 rows
2023-04-08 23:36:26,482 ｜ DEBUG ｜ milvus_helpers.py ｜ create_index ｜ 76 ｜ Successfully create index in collection:milvus_qa with param:{'index_type': 'IVF_SQ8', 'metric_type': 'IP', 'params': {'nlist': 16384}}
2023-04-08 23:36:26,484 ｜ DEBUG ｜ mysql_helpers.py ｜ create_mysql_table ｜ 35 ｜ MYSQL create table: milvus_qa with sql: create table if not exists milvus_qa (milvus_id TEXT, question TEXT, answer TEXT)ENGINE=InnoDB DEFAULT CHARSET=utf8;
2023-04-08 23:36:26,526 ｜ DEBUG ｜ mysql_helpers.py ｜ load_data_to_mysql ｜ 48 ｜ MYSQL loads data to table: milvus_qa successfully
2023-04-08 23:36:26,530 ｜ INFO ｜ main.py ｜ do_load_api ｜ 48 ｜ Successfully loaded data, total count: 137
2023-04-08 23:37:30,551 ｜ ERROR ｜ main.py ｜ do_get_answer_api ｜ 74 ｜ do_get_answer() missing 2 required positional arguments: 'milvus_client' and 'mysql_cli'
2023-04-08 23:38:49,566 ｜ ERROR ｜ main.py ｜ do_get_answer_api ｜ 74 ｜ do_get_answer() missing 2 required positional arguments: 'milvus_client' and 'mysql_cli'
2023-04-08 23:39:11,373 ｜ INFO ｜ SentenceTransformer.py ｜ __init__ ｜ 41 ｜ Load pretrained SentenceTransformer: models/paraphrase-multilingual-mpnet-base-v2
2023-04-08 23:39:11,373 ｜ INFO ｜ SentenceTransformer.py ｜ __init__ ｜ 107 ｜ Load SentenceTransformer from folder: models/paraphrase-multilingual-mpnet-base-v2
2023-04-08 23:40:12,413 ｜ INFO ｜ SentenceTransformer.py ｜ __init__ ｜ 41 ｜ Load pretrained SentenceTransformer: models/paraphrase-multilingual-mpnet-base-v2
2023-04-08 23:40:12,414 ｜ INFO ｜ SentenceTransformer.py ｜ __init__ ｜ 107 ｜ Load SentenceTransformer from folder: models/paraphrase-multilingual-mpnet-base-v2
2023-04-08 23:40:16,268 ｜ INFO ｜ SentenceTransformer.py ｜ __init__ ｜ 131 ｜ Use pytorch device: cpu
2023-04-08 23:40:16,277 ｜ DEBUG ｜ milvus_helpers.py ｜ __init__ ｜ 15 ｜ Successfully connect to Milvus with IP:('127.0.0.1',) and PORT:19530
2023-04-08 23:40:16,301 ｜ DEBUG ｜ selector_events.py ｜ __init__ ｜ 54 ｜ Using selector: EpollSelector
2023-04-08 23:40:38,441 ｜ DEBUG ｜ multipart.py ｜ callback ｜ 586 ｜ Calling on_part_begin with no data
2023-04-08 23:40:38,441 ｜ DEBUG ｜ multipart.py ｜ callback ｜ 583 ｜ Calling on_header_field with data[61:80]
2023-04-08 23:40:38,441 ｜ DEBUG ｜ multipart.py ｜ callback ｜ 583 ｜ Calling on_header_value with data[82:127]
2023-04-08 23:40:38,441 ｜ DEBUG ｜ multipart.py ｜ callback ｜ 586 ｜ Calling on_header_end with no data
2023-04-08 23:40:38,441 ｜ DEBUG ｜ multipart.py ｜ callback ｜ 583 ｜ Calling on_header_field with data[129:141]
2023-04-08 23:40:38,441 ｜ DEBUG ｜ multipart.py ｜ callback ｜ 583 ｜ Calling on_header_value with data[143:151]
2023-04-08 23:40:38,441 ｜ DEBUG ｜ multipart.py ｜ callback ｜ 586 ｜ Calling on_header_end with no data
2023-04-08 23:40:38,441 ｜ DEBUG ｜ multipart.py ｜ callback ｜ 586 ｜ Calling on_headers_finished with no data
2023-04-08 23:40:38,441 ｜ DEBUG ｜ multipart.py ｜ callback ｜ 583 ｜ Calling on_part_data with data[155:21778]
2023-04-08 23:40:38,441 ｜ DEBUG ｜ multipart.py ｜ callback ｜ 583 ｜ Calling on_part_data with data[0:2]
2023-04-08 23:40:38,441 ｜ DEBUG ｜ multipart.py ｜ callback ｜ 586 ｜ Calling on_part_end with no data
2023-04-08 23:40:38,442 ｜ DEBUG ｜ multipart.py ｜ callback ｜ 586 ｜ Calling on_end with no data
2023-04-08 23:40:39,809 ｜ DEBUG ｜ milvus_helpers.py ｜ insert ｜ 63 ｜ Insert vectors to Milvus in collection: milvus_qa with 137 rows
2023-04-08 23:40:42,865 ｜ DEBUG ｜ milvus_helpers.py ｜ create_index ｜ 76 ｜ Successfully create index in collection:milvus_qa with param:{'index_type': 'IVF_SQ8', 'metric_type': 'IP', 'params': {'nlist': 16384}}
2023-04-08 23:40:42,867 ｜ DEBUG ｜ mysql_helpers.py ｜ create_mysql_table ｜ 35 ｜ MYSQL create table: milvus_qa with sql: create table if not exists milvus_qa (milvus_id TEXT, question TEXT, answer TEXT)ENGINE=InnoDB DEFAULT CHARSET=utf8;
2023-04-08 23:40:42,891 ｜ DEBUG ｜ mysql_helpers.py ｜ load_data_to_mysql ｜ 48 ｜ MYSQL loads data to table: milvus_qa successfully
2023-04-08 23:40:42,894 ｜ INFO ｜ main.py ｜ do_load_api ｜ 48 ｜ Successfully loaded data, total count: 137
2023-04-08 23:40:53,378 ｜ DEBUG ｜ milvus_helpers.py ｜ search_vectors ｜ 103 ｜ Successfully search in collection: ["['(distance: 0.38751357793807983, id: 440653167998010726)']"]
2023-04-08 23:40:53,378 ｜ ERROR ｜ search.py ｜ do_get_answer ｜ 36 ｜  Error with search by question : name 'result' is not defined
2023-04-08 23:41:55,790 ｜ INFO ｜ SentenceTransformer.py ｜ __init__ ｜ 41 ｜ Load pretrained SentenceTransformer: models/paraphrase-multilingual-mpnet-base-v2
2023-04-08 23:41:55,790 ｜ INFO ｜ SentenceTransformer.py ｜ __init__ ｜ 107 ｜ Load SentenceTransformer from folder: models/paraphrase-multilingual-mpnet-base-v2
2023-04-08 23:41:59,785 ｜ INFO ｜ SentenceTransformer.py ｜ __init__ ｜ 131 ｜ Use pytorch device: cpu
2023-04-08 23:41:59,793 ｜ DEBUG ｜ milvus_helpers.py ｜ __init__ ｜ 15 ｜ Successfully connect to Milvus with IP:('127.0.0.1',) and PORT:19530
2023-04-08 23:41:59,804 ｜ DEBUG ｜ selector_events.py ｜ __init__ ｜ 54 ｜ Using selector: EpollSelector
2023-04-08 23:42:12,533 ｜ DEBUG ｜ multipart.py ｜ callback ｜ 586 ｜ Calling on_part_begin with no data
2023-04-08 23:42:12,534 ｜ DEBUG ｜ multipart.py ｜ callback ｜ 583 ｜ Calling on_header_field with data[61:80]
2023-04-08 23:42:12,534 ｜ DEBUG ｜ multipart.py ｜ callback ｜ 583 ｜ Calling on_header_value with data[82:127]
2023-04-08 23:42:12,535 ｜ DEBUG ｜ multipart.py ｜ callback ｜ 586 ｜ Calling on_header_end with no data
2023-04-08 23:42:12,535 ｜ DEBUG ｜ multipart.py ｜ callback ｜ 583 ｜ Calling on_header_field with data[129:141]
2023-04-08 23:42:12,535 ｜ DEBUG ｜ multipart.py ｜ callback ｜ 583 ｜ Calling on_header_value with data[143:151]
2023-04-08 23:42:12,535 ｜ DEBUG ｜ multipart.py ｜ callback ｜ 586 ｜ Calling on_header_end with no data
2023-04-08 23:42:12,536 ｜ DEBUG ｜ multipart.py ｜ callback ｜ 586 ｜ Calling on_headers_finished with no data
2023-04-08 23:42:12,536 ｜ DEBUG ｜ multipart.py ｜ callback ｜ 583 ｜ Calling on_part_data with data[155:21778]
2023-04-08 23:42:12,537 ｜ DEBUG ｜ multipart.py ｜ callback ｜ 583 ｜ Calling on_part_data with data[0:2]
2023-04-08 23:42:12,537 ｜ DEBUG ｜ multipart.py ｜ callback ｜ 586 ｜ Calling on_part_end with no data
2023-04-08 23:42:12,537 ｜ DEBUG ｜ multipart.py ｜ callback ｜ 586 ｜ Calling on_end with no data
2023-04-08 23:42:13,956 ｜ DEBUG ｜ milvus_helpers.py ｜ insert ｜ 63 ｜ Insert vectors to Milvus in collection: milvus_qa with 137 rows
2023-04-08 23:42:17,512 ｜ DEBUG ｜ milvus_helpers.py ｜ create_index ｜ 76 ｜ Successfully create index in collection:milvus_qa with param:{'index_type': 'IVF_SQ8', 'metric_type': 'IP', 'params': {'nlist': 16384}}
2023-04-08 23:42:17,523 ｜ DEBUG ｜ mysql_helpers.py ｜ create_mysql_table ｜ 35 ｜ MYSQL create table: milvus_qa with sql: create table if not exists milvus_qa (milvus_id TEXT, question TEXT, answer TEXT)ENGINE=InnoDB DEFAULT CHARSET=utf8;
2023-04-08 23:42:17,549 ｜ DEBUG ｜ mysql_helpers.py ｜ load_data_to_mysql ｜ 48 ｜ MYSQL loads data to table: milvus_qa successfully
2023-04-08 23:42:17,552 ｜ INFO ｜ main.py ｜ do_load_api ｜ 48 ｜ Successfully loaded data, total count: 137
2023-04-08 23:42:35,416 ｜ DEBUG ｜ milvus_helpers.py ｜ search_vectors ｜ 103 ｜ Successfully search in collection: ["['(distance: 0.471912145614624, id: 440653167998010607)']"]
2023-04-08 23:42:35,417 ｜ ERROR ｜ search.py ｜ do_get_answer ｜ 36 ｜  Error with search by question : 'SearchResult' object has no attribute 'id'
2023-04-08 23:49:54,496 ｜ INFO ｜ SentenceTransformer.py ｜ __init__ ｜ 41 ｜ Load pretrained SentenceTransformer: models/paraphrase-multilingual-mpnet-base-v2
2023-04-08 23:49:54,496 ｜ INFO ｜ SentenceTransformer.py ｜ __init__ ｜ 107 ｜ Load SentenceTransformer from folder: models/paraphrase-multilingual-mpnet-base-v2
2023-04-08 23:49:58,408 ｜ INFO ｜ SentenceTransformer.py ｜ __init__ ｜ 131 ｜ Use pytorch device: cpu
2023-04-08 23:49:58,417 ｜ DEBUG ｜ milvus_helpers.py ｜ __init__ ｜ 15 ｜ Successfully connect to Milvus with IP:('127.0.0.1',) and PORT:19530
2023-04-08 23:49:58,428 ｜ DEBUG ｜ selector_events.py ｜ __init__ ｜ 54 ｜ Using selector: EpollSelector
2023-04-08 23:51:10,437 ｜ DEBUG ｜ multipart.py ｜ callback ｜ 586 ｜ Calling on_part_begin with no data
2023-04-08 23:51:10,438 ｜ DEBUG ｜ multipart.py ｜ callback ｜ 583 ｜ Calling on_header_field with data[61:80]
2023-04-08 23:51:10,438 ｜ DEBUG ｜ multipart.py ｜ callback ｜ 583 ｜ Calling on_header_value with data[82:127]
2023-04-08 23:51:10,438 ｜ DEBUG ｜ multipart.py ｜ callback ｜ 586 ｜ Calling on_header_end with no data
2023-04-08 23:51:10,438 ｜ DEBUG ｜ multipart.py ｜ callback ｜ 583 ｜ Calling on_header_field with data[129:141]
2023-04-08 23:51:10,438 ｜ DEBUG ｜ multipart.py ｜ callback ｜ 583 ｜ Calling on_header_value with data[143:151]
2023-04-08 23:51:10,439 ｜ DEBUG ｜ multipart.py ｜ callback ｜ 586 ｜ Calling on_header_end with no data
2023-04-08 23:51:10,439 ｜ DEBUG ｜ multipart.py ｜ callback ｜ 586 ｜ Calling on_headers_finished with no data
2023-04-08 23:51:10,439 ｜ DEBUG ｜ multipart.py ｜ callback ｜ 583 ｜ Calling on_part_data with data[155:21778]
2023-04-08 23:51:10,439 ｜ DEBUG ｜ multipart.py ｜ callback ｜ 583 ｜ Calling on_part_data with data[0:2]
2023-04-08 23:51:10,440 ｜ DEBUG ｜ multipart.py ｜ callback ｜ 586 ｜ Calling on_part_end with no data
2023-04-08 23:51:10,440 ｜ DEBUG ｜ multipart.py ｜ callback ｜ 586 ｜ Calling on_end with no data
2023-04-08 23:51:11,880 ｜ DEBUG ｜ milvus_helpers.py ｜ insert ｜ 63 ｜ Insert vectors to Milvus in collection: milvus_qa with 137 rows
2023-04-08 23:51:14,937 ｜ DEBUG ｜ milvus_helpers.py ｜ create_index ｜ 76 ｜ Successfully create index in collection:milvus_qa with param:{'index_type': 'IVF_SQ8', 'metric_type': 'IP', 'params': {'nlist': 16384}}
2023-04-08 23:51:14,939 ｜ DEBUG ｜ mysql_helpers.py ｜ create_mysql_table ｜ 35 ｜ MYSQL create table: milvus_qa with sql: create table if not exists milvus_qa (milvus_id TEXT, question TEXT, answer TEXT)ENGINE=InnoDB DEFAULT CHARSET=utf8;
2023-04-08 23:51:14,972 ｜ DEBUG ｜ mysql_helpers.py ｜ load_data_to_mysql ｜ 48 ｜ MYSQL loads data to table: milvus_qa successfully
2023-04-08 23:51:14,975 ｜ INFO ｜ main.py ｜ do_load_api ｜ 48 ｜ Successfully loaded data, total count: 137
2023-04-08 23:51:26,101 ｜ DEBUG ｜ milvus_helpers.py ｜ search_vectors ｜ 103 ｜ Successfully search in collection: ["['(distance: 0.2879928946495056, id: 440653167998011044)']"]
2023-04-08 23:51:26,102 ｜ ERROR ｜ search.py ｜ do_get_answer ｜ 36 ｜  Error with search by question : name 'results' is not defined
2023-04-08 23:52:07,508 ｜ INFO ｜ SentenceTransformer.py ｜ __init__ ｜ 41 ｜ Load pretrained SentenceTransformer: models/paraphrase-multilingual-mpnet-base-v2
2023-04-08 23:52:07,508 ｜ INFO ｜ SentenceTransformer.py ｜ __init__ ｜ 107 ｜ Load SentenceTransformer from folder: models/paraphrase-multilingual-mpnet-base-v2
2023-04-08 23:52:11,386 ｜ INFO ｜ SentenceTransformer.py ｜ __init__ ｜ 131 ｜ Use pytorch device: cpu
2023-04-08 23:52:11,395 ｜ DEBUG ｜ milvus_helpers.py ｜ __init__ ｜ 15 ｜ Successfully connect to Milvus with IP:('127.0.0.1',) and PORT:19530
2023-04-08 23:52:11,418 ｜ DEBUG ｜ selector_events.py ｜ __init__ ｜ 54 ｜ Using selector: EpollSelector
2023-04-08 23:52:43,078 ｜ DEBUG ｜ milvus_helpers.py ｜ search_vectors ｜ 103 ｜ Successfully search in collection: ["['(distance: 0.6471261382102966, id: 440653167998010616)']"]
2023-04-08 23:52:43,083 ｜ DEBUG ｜ mysql_helpers.py ｜ search_by_milvus_ids ｜ 62 ｜ MYSQL search by milvus id.
2023-04-08 23:52:43,086 ｜ DEBUG ｜ mysql_helpers.py ｜ search_by_question ｜ 73 ｜ MYSQL search by question.
2023-04-08 23:55:57,422 ｜ INFO ｜ SentenceTransformer.py ｜ __init__ ｜ 41 ｜ Load pretrained SentenceTransformer: models/paraphrase-multilingual-mpnet-base-v2
2023-04-08 23:55:57,422 ｜ INFO ｜ SentenceTransformer.py ｜ __init__ ｜ 107 ｜ Load SentenceTransformer from folder: models/paraphrase-multilingual-mpnet-base-v2
2023-04-08 23:56:01,336 ｜ INFO ｜ SentenceTransformer.py ｜ __init__ ｜ 131 ｜ Use pytorch device: cpu
2023-04-08 23:56:01,345 ｜ DEBUG ｜ milvus_helpers.py ｜ __init__ ｜ 15 ｜ Successfully connect to Milvus with IP:('127.0.0.1',) and PORT:19530
2023-04-08 23:56:01,369 ｜ DEBUG ｜ selector_events.py ｜ __init__ ｜ 54 ｜ Using selector: EpollSelector
2023-04-08 23:56:32,161 ｜ DEBUG ｜ milvus_helpers.py ｜ search_vectors ｜ 103 ｜ Successfully search in collection: ["['(distance: 0.6471261382102966, id: 440653167998009519)']"]
2023-04-08 23:56:32,164 ｜ DEBUG ｜ mysql_helpers.py ｜ search_by_milvus_ids ｜ 62 ｜ MYSQL search by milvus id.
2023-04-08 23:56:32,166 ｜ DEBUG ｜ mysql_helpers.py ｜ search_by_question ｜ 73 ｜ MYSQL search by question.
