2023-04-07 21:57:20,653 ｜ DEBUG ｜ tpu_cluster_resolver.py ｜ <module> ｜ 32 ｜ Falling back to TensorFlow client; we recommended you install the Cloud TPU client directly with pip install cloud-tpu-client.
2023-04-07 21:57:21,648 ｜ INFO ｜ SentenceTransformer.py ｜ __init__ ｜ 41 ｜ Load pretrained SentenceTransformer: paraphrase-multilingual-mpnet-base-v2
2023-04-07 21:57:21,648 ｜ INFO ｜ SentenceTransformer.py ｜ __init__ ｜ 107 ｜ Load SentenceTransformer from folder: paraphrase-multilingual-mpnet-base-v2
2023-04-07 21:57:21,956 ｜ DEBUG ｜ cmd.py ｜ execute ｜ 870 ｜ Popen(['git', 'version'], cwd=/media/dell/home/question-answering/quick_deploy/server/src, universal_newlines=False, shell=None, istream=None)
2023-04-07 21:57:21,997 ｜ DEBUG ｜ cmd.py ｜ execute ｜ 870 ｜ Popen(['git', 'version'], cwd=/media/dell/home/question-answering/quick_deploy/server/src, universal_newlines=False, shell=None, istream=None)
2023-04-07 21:57:26,073 ｜ INFO ｜ SentenceTransformer.py ｜ __init__ ｜ 131 ｜ Use pytorch device: cuda
2023-04-07 21:57:26,082 ｜ DEBUG ｜ milvus_helpers.py ｜ __init__ ｜ 15 ｜ Successfully connect to Milvus with IP:('127.0.0.1',) and PORT:19530
2023-04-07 21:57:26,091 ｜ DEBUG ｜ selector_events.py ｜ __init__ ｜ 59 ｜ Using selector: EpollSelector
2023-04-07 21:57:54,209 ｜ INFO ｜ SentenceTransformer.py ｜ __init__ ｜ 41 ｜ Load pretrained SentenceTransformer: paraphrase-multilingual-mpnet-base-v2
2023-04-07 21:57:54,210 ｜ INFO ｜ SentenceTransformer.py ｜ __init__ ｜ 107 ｜ Load SentenceTransformer from folder: paraphrase-multilingual-mpnet-base-v2
2023-04-07 21:57:58,070 ｜ INFO ｜ SentenceTransformer.py ｜ __init__ ｜ 131 ｜ Use pytorch device: cpu
2023-04-07 21:57:58,079 ｜ DEBUG ｜ milvus_helpers.py ｜ __init__ ｜ 15 ｜ Successfully connect to Milvus with IP:('127.0.0.1',) and PORT:19530
2023-04-07 21:57:58,089 ｜ DEBUG ｜ selector_events.py ｜ __init__ ｜ 54 ｜ Using selector: EpollSelector
2023-04-07 21:59:00,098 ｜ INFO ｜ SentenceTransformer.py ｜ __init__ ｜ 41 ｜ Load pretrained SentenceTransformer: paraphrase-multilingual-mpnet-base-v2
2023-04-07 21:59:00,099 ｜ INFO ｜ SentenceTransformer.py ｜ __init__ ｜ 107 ｜ Load SentenceTransformer from folder: paraphrase-multilingual-mpnet-base-v2
2023-04-07 21:59:04,005 ｜ INFO ｜ SentenceTransformer.py ｜ __init__ ｜ 131 ｜ Use pytorch device: cpu
2023-04-07 21:59:04,014 ｜ DEBUG ｜ milvus_helpers.py ｜ __init__ ｜ 15 ｜ Successfully connect to Milvus with IP:('127.0.0.1',) and PORT:19530
2023-04-07 21:59:04,025 ｜ DEBUG ｜ selector_events.py ｜ __init__ ｜ 54 ｜ Using selector: EpollSelector
2023-04-07 21:59:26,024 ｜ INFO ｜ SentenceTransformer.py ｜ __init__ ｜ 41 ｜ Load pretrained SentenceTransformer: paraphrase-multilingual-mpnet-base-v2
2023-04-07 21:59:26,024 ｜ INFO ｜ SentenceTransformer.py ｜ __init__ ｜ 107 ｜ Load SentenceTransformer from folder: paraphrase-multilingual-mpnet-base-v2
2023-04-07 21:59:29,903 ｜ INFO ｜ SentenceTransformer.py ｜ __init__ ｜ 131 ｜ Use pytorch device: cpu
2023-04-07 21:59:29,911 ｜ DEBUG ｜ milvus_helpers.py ｜ __init__ ｜ 15 ｜ Successfully connect to Milvus with IP:('127.0.0.1',) and PORT:19530
2023-04-07 21:59:29,921 ｜ DEBUG ｜ selector_events.py ｜ __init__ ｜ 54 ｜ Using selector: EpollSelector
2023-04-07 22:11:32,720 ｜ INFO ｜ SentenceTransformer.py ｜ __init__ ｜ 41 ｜ Load pretrained SentenceTransformer: paraphrase-multilingual-mpnet-base-v2
2023-04-07 22:11:32,720 ｜ INFO ｜ SentenceTransformer.py ｜ __init__ ｜ 107 ｜ Load SentenceTransformer from folder: paraphrase-multilingual-mpnet-base-v2
2023-04-07 22:11:36,672 ｜ INFO ｜ SentenceTransformer.py ｜ __init__ ｜ 131 ｜ Use pytorch device: cpu
2023-04-07 22:11:36,678 ｜ DEBUG ｜ milvus_helpers.py ｜ __init__ ｜ 15 ｜ Successfully connect to Milvus with IP:('127.0.0.1',) and PORT:19530
2023-04-07 22:11:36,701 ｜ DEBUG ｜ selector_events.py ｜ __init__ ｜ 54 ｜ Using selector: EpollSelector
2023-04-07 22:28:22,527 ｜ INFO ｜ SentenceTransformer.py ｜ __init__ ｜ 41 ｜ Load pretrained SentenceTransformer: paraphrase-multilingual-mpnet-base-v2
2023-04-07 22:28:22,527 ｜ INFO ｜ SentenceTransformer.py ｜ __init__ ｜ 107 ｜ Load SentenceTransformer from folder: paraphrase-multilingual-mpnet-base-v2
2023-04-07 22:28:26,491 ｜ INFO ｜ SentenceTransformer.py ｜ __init__ ｜ 131 ｜ Use pytorch device: cpu
2023-04-07 22:28:26,531 ｜ DEBUG ｜ milvus_helpers.py ｜ __init__ ｜ 15 ｜ Successfully connect to Milvus with IP:('127.0.0.1',) and PORT:19530
2023-04-07 22:28:26,564 ｜ DEBUG ｜ selector_events.py ｜ __init__ ｜ 54 ｜ Using selector: EpollSelector
2023-04-07 22:29:19,442 ｜ INFO ｜ SentenceTransformer.py ｜ __init__ ｜ 41 ｜ Load pretrained SentenceTransformer: paraphrase-multilingual-mpnet-base-v2
2023-04-07 22:29:19,443 ｜ INFO ｜ SentenceTransformer.py ｜ __init__ ｜ 107 ｜ Load SentenceTransformer from folder: paraphrase-multilingual-mpnet-base-v2
2023-04-07 22:29:23,441 ｜ INFO ｜ SentenceTransformer.py ｜ __init__ ｜ 131 ｜ Use pytorch device: cpu
2023-04-07 22:29:23,448 ｜ DEBUG ｜ milvus_helpers.py ｜ __init__ ｜ 15 ｜ Successfully connect to Milvus with IP:('127.0.0.1',) and PORT:19530
2023-04-07 22:29:23,494 ｜ DEBUG ｜ selector_events.py ｜ __init__ ｜ 54 ｜ Using selector: EpollSelector
2023-04-07 22:29:23,507 ｜ DEBUG ｜ multipart.py ｜ callback ｜ 586 ｜ Calling on_part_begin with no data
2023-04-07 22:29:23,507 ｜ DEBUG ｜ multipart.py ｜ callback ｜ 583 ｜ Calling on_header_field with data[36:55]
2023-04-07 22:29:23,507 ｜ DEBUG ｜ multipart.py ｜ callback ｜ 583 ｜ Calling on_header_value with data[57:108]
2023-04-07 22:29:23,507 ｜ DEBUG ｜ multipart.py ｜ callback ｜ 586 ｜ Calling on_header_end with no data
2023-04-07 22:29:23,508 ｜ DEBUG ｜ multipart.py ｜ callback ｜ 583 ｜ Calling on_header_field with data[110:122]
2023-04-07 22:29:23,508 ｜ DEBUG ｜ multipart.py ｜ callback ｜ 583 ｜ Calling on_header_value with data[124:132]
2023-04-07 22:29:23,508 ｜ DEBUG ｜ multipart.py ｜ callback ｜ 586 ｜ Calling on_header_end with no data
2023-04-07 22:29:23,508 ｜ DEBUG ｜ multipart.py ｜ callback ｜ 586 ｜ Calling on_headers_finished with no data
2023-04-07 22:29:23,509 ｜ DEBUG ｜ multipart.py ｜ callback ｜ 583 ｜ Calling on_part_data with data[136:54303]
2023-04-07 22:29:23,509 ｜ DEBUG ｜ multipart.py ｜ callback ｜ 583 ｜ Calling on_part_data with data[0:2]
2023-04-07 22:29:23,510 ｜ DEBUG ｜ multipart.py ｜ callback ｜ 586 ｜ Calling on_part_end with no data
2023-04-07 22:29:23,510 ｜ DEBUG ｜ multipart.py ｜ callback ｜ 586 ｜ Calling on_end with no data
2023-04-07 22:29:24,873 ｜ ERROR ｜ decorators.py ｜ handler ｜ 73 ｜ RPC error: [has_collection], <BaseException: (code=1, message=proxy not healthy)>, <Time:{'RPC start': '2023-04-07 22:29:24.868715', 'RPC error': '2023-04-07 22:29:24.873146'}>
2023-04-07 22:29:24,873 ｜ ERROR ｜ milvus_helpers.py ｜ has_collection ｜ 37 ｜ Failed to check collection: <BaseException: (code=1, message=proxy not healthy)>
